BL51 BANKED LINKER/LOCATER V5.03                                                        02/13/2012  10:59:11  PAGE 1


BL51 BANKED LINKER/LOCATER V5.03, INVOKED BY:
C:\KEIL\C51\BIN\BL51.EXE .\OUT\STARTUP.obj, .\OUT\at24C16.obj, .\OUT\dataProcess.obj, .\OUT\i2c.obj, .\OUT\ledProcess.ob
>> j, .\OUT\main.obj, .\OUT\mcuInit.obj, .\OUT\mcuProcess.obj, .\OUT\wdtProcess.obj, .\OUT\adcDriver.obj, .\OUT\adProces
>> s.obj, .\OUT\share.obj, .\OUT\alarm.obj, .\OUT\timer.obj, .\OUT\variable.obj, .\OUT\protectFun.obj, .\OUT\protectJ.ob
>> j, .\OUT\hardInfo.obj, .\OUT\netCommand.obj, .\OUT\uart1.obj, .\OUT\keyget.obj, .\OUT\keyProcess.obj TO .\OUT\card_J_
>> 020 PRINT (.\OUT\card_J_020.m51) RAMSIZE (256)


MEMORY MODEL: LARGE


INPUT MODULES INCLUDED:
  .\OUT\STARTUP.obj (?C_STARTUP)
  .\OUT\at24C16.obj (AT24C16)
  .\OUT\dataProcess.obj (DATAPROCESS)
  .\OUT\i2c.obj (I2C)
  .\OUT\ledProcess.obj (LEDPROCESS)
  .\OUT\main.obj (MAIN)
  .\OUT\mcuInit.obj (MCUINIT)
  .\OUT\mcuProcess.obj (MCUPROCESS)
  .\OUT\wdtProcess.obj (WDTPROCESS)
  .\OUT\adcDriver.obj (ADCDRIVER)
  .\OUT\adProcess.obj (ADPROCESS)
  .\OUT\share.obj (SHARE)
  .\OUT\alarm.obj (ALARM)
  .\OUT\timer.obj (TIMER)
  .\OUT\variable.obj (VARIABLE)
  .\OUT\protectFun.obj (PROTECTFUN)
  .\OUT\protectJ.obj (PROTECTJ)
  .\OUT\hardInfo.obj (HARDINFO)
  .\OUT\netCommand.obj (NETCOMMAND)
  .\OUT\uart1.obj (UART1)
  .\OUT\keyget.obj (KEYGET)
  .\OUT\keyProcess.obj (KEYPROCESS)
  C:\KEIL\C51\LIB\C51L.LIB (?C_INIT)
  C:\KEIL\C51\LIB\C51L.LIB (?C?SCDIV)
  C:\KEIL\C51\LIB\C51L.LIB (?C?CLDPTR)
  C:\KEIL\C51\LIB\C51L.LIB (?C?CLDOPTR)
  C:\KEIL\C51\LIB\C51L.LIB (?C?CSTPTR)
  C:\KEIL\C51\LIB\C51L.LIB (?C?CSTOPTR)
  C:\KEIL\C51\LIB\C51L.LIB (?C?IMUL)
  C:\KEIL\C51\LIB\C51L.LIB (?C?SIDIV)
  C:\KEIL\C51\LIB\C51L.LIB (?C?IILDX)
  C:\KEIL\C51\LIB\C51L.LIB (?C?ILDIX)
  C:\KEIL\C51\LIB\C51L.LIB (?C?ILDPTR)
  C:\KEIL\C51\LIB\C51L.LIB (?C?LMUL)
  C:\KEIL\C51\LIB\C51L.LIB (?C?ULDIV)
  C:\KEIL\C51\LIB\C51L.LIB (?C?SLDIV)
  C:\KEIL\C51\LIB\C51L.LIB (?C?SLCMP)
  C:\KEIL\C51\LIB\C51L.LIB (?C?LSTXDATA)
  C:\KEIL\C51\LIB\C51L.LIB (?C?LSTKXDATA)
  C:\KEIL\C51\LIB\C51L.LIB (?C?CCASE)
  C:\KEIL\C51\LIB\C51L.LIB (?C?UIDIV)


LINK MAP OF MODULE:  .\OUT\card_J_020 (?C_STARTUP)


BL51 BANKED LINKER/LOCATER V5.03                                                      02/13/2012  10:59:11  PAGE 2


            TYPE    BASE      LENGTH    RELOCATION   SEGMENT NAME
            -----------------------------------------------------

            * * * * * * *   D A T A   M E M O R Y   * * * * * * *
            REG     0000H     0008H     ABSOLUTE     "REG BANK 0"
            REG     0008H     0008H     ABSOLUTE     "REG BANK 1"
            REG     0010H     0008H     ABSOLUTE     "REG BANK 2"
            REG     0018H     0008H     ABSOLUTE     "REG BANK 3"
            DATA    0020H     0004H     BIT_ADDR     ?BA?ALARM
            DATA    0024H     0001H     BIT_ADDR     ?BA?PROTECTFUN
            BIT     0025H.0   0001H.5   UNIT         ?BI?PROTECTFUN
            BIT     0026H.5   0000H.3   UNIT         ?BI?ALARM
            BIT     0027H.0   0000H.2   UNIT         ?BI?TIMER
            BIT     0027H.2   0000H.1   UNIT         ?BI?LEDPROCESS
            BIT     0027H.3   0000H.1   UNIT         ?BI?KEYGET
                    0027H.4   0000H.4                *** GAP ***
            DATA    0028H     002AH     UNIT         ?DT?VARIABLE
            DATA    0052H     0011H     UNIT         ?DT?ADPROCESS
            DATA    0063H     0004H     UNIT         ?DT?PROTECTFUN
            DATA    0067H     0002H     UNIT         ?DT?ADCDRIVER
            DATA    0069H     0002H     UNIT         _DATA_GROUP_
            DATA    006BH     0001H     UNIT         ?DT?TIMER
            IDATA   006CH     0028H     UNIT         ?ID?ADPROCESS
            IDATA   0094H     0001H     UNIT         ?STACK

            * * * * * * *  X D A T A   M E M O R Y  * * * * * * *
            XDATA   0000H     00B1H     UNIT         ?XD?UART1
            XDATA   00B1H     008FH     UNIT         ?XD?DATAPROCESS
            XDATA   0140H     0058H     UNIT         ?XD?SHARE
            XDATA   0198H     0021H     UNIT         _XDATA_GROUP_
            XDATA   01B9H     001CH     UNIT         ?XD?NETCOMMAND
            XDATA   01D5H     000FH     UNIT         ?XD?VARIABLE
            XDATA   01E4H     000DH     UNIT         ?XD?_MEMORY_COPY?SHARE
            XDATA   01F1H     0007H     UNIT         ?XD?INIT_IMPORTANT_PARA?SHARE
            XDATA   01F8H     0006H     UNIT         ?XD?PROTECTFUN
            XDATA   01FEH     0006H     UNIT         ?XD?KEYPROCESS
            XDATA   0204H     0005H     UNIT         ?XD?ALARM
            XDATA   0209H     0004H     UNIT         ?XD?KEYGET
            XDATA   020DH     0002H     UNIT         ?XD?ADCDRIVER
            XDATA   020FH     0001H     UNIT         ?XD?_SET_NMS_CHANNEL?SHARE
            XDATA   0210H     0001H     UNIT         ?XD?_SET_E1_SLOT?SHARE
            XDATA   0211H     0001H     UNIT         ?XD?_SET_E1_CLOCK?SHARE
            XDATA   0212H     0001H     UNIT         ?XD?_SET_E2_STATUS?SHARE
            XDATA   0213H     0001H     UNIT         ?XD?_SET_POWER_SELECT?SHARE
            XDATA   0214H     0001H     UNIT         ?XD?UART_SEND?UART1

            * * * * * * *   C O D E   M E M O R Y   * * * * * * *
            CODE    0000H     0003H     ABSOLUTE     
            CODE    0003H     0008H     UNIT         ?PR?_SET_MUTE_STATUS?SHARE
            CODE    000BH     0003H     ABSOLUTE     
            CODE    000EH     0012H     UNIT         ?PR?_READ_NVRAM?DATAPROCESS
            CODE    0020H     0003H     UNIT         ?PR?E2PROM_INIT?AT24C16
            CODE    0023H     0003H     ABSOLUTE     
            CODE    0026H     0328H     UNIT         ?PR?UART1_SETSWITCHPARA?NETCOMMAND
            CODE    034EH     0326H     UNIT         ?C?LIB_CODE
            CODE    0674H     0293H     UNIT         ?PR?UART1_SETPINADJUST?NETCOMMAND
            CODE    0907H     028DH     UNIT         ?PR?INIT_IMPORTANT_PARA?SHARE
BL51 BANKED LINKER/LOCATER V5.03                                                      02/13/2012  10:59:11  PAGE 3


            CODE    0B94H     0265H     UNIT         ?PR?UART1_SET_INTERCEPT?NETCOMMAND
            CODE    0DF9H     0234H     UNIT         ?PR?_NVRAM_CONVER?DATAPROCESS
            CODE    102DH     0230H     UNIT         ?PR?UART1_INQUSWITCHPARAM?NETCOMMAND
            CODE    125DH     01EFH     UNIT         ?PR?REFRESH_MAIN_SYS?SHARE
            CODE    144CH     01D5H     UNIT         ?PR?UART1_COMMAND?NETCOMMAND
            CODE    1621H     01BFH     UNIT         ?PR?READ_MODUL_PARA?VARIABLE
            CODE    17E0H     0198H     UNIT         ?PR?ALARM_FIBER_PROCESS?ALARM
            CODE    1978H     0197H     UNIT         ?PR?UART1_SEND_TO_NET?UART1
            CODE    1B0FH     0146H     UNIT         ?PR?PROTECT_OBP?PROTECTJ
            CODE    1C55H     011FH     UNIT         ?PR?MAIN?MAIN
            CODE    1D74H     011CH     UNIT         ?PR?UART1_REQUIRE_ALL_PARA?NETCOMMAND
            CODE    1E90H     011BH     UNIT         ?PR?UART1_SET_ALL_PARA?NETCOMMAND
            CODE    1FABH     010AH     UNIT         ?PR?_COMBIN_AUTORETTIME?SHARE
            CODE    20B5H     00E7H     UNIT         ?PR?_SPLIT_AUTORETTTIME?SHARE
            CODE    219CH     00DCH     UNIT         ?PR?UART1_FIBERSWITCH?NETCOMMAND
            CODE    2278H     00D1H     UNIT         ?PR?CALCULATE_SLOPE?NETCOMMAND
            CODE    2349H     00CCH     UNIT         ?PR?_CALCULATE_INTERCEPT?NETCOMMAND
            CODE    2415H     00C8H     UNIT         ?PR?BEEP_SOUND_PROCESS?KEYPROCESS
            CODE    24DDH     00C7H     UNIT         ?PR?AUTO_RETURN_PROCESS?PROTECTFUN
            CODE    25A4H     00C7H     UNIT         ?PR?UART1_SETAUTORETTIME?NETCOMMAND
            CODE    266BH     00C6H     UNIT         ?PR?UART1_TO_NET_RX_FCS?UART1
            CODE    2731H     00C3H     UNIT         ?PR?UART1_INQUIRECURRENTSTATUS?NETCOMMAND
            CODE    27F4H     00B9H     UNIT         ?PR?_PAGE_READ_24C08?AT24C16
            CODE    28ADH     00B7H     UNIT         ?PR?UART1_SETINITPOWERIN?NETCOMMAND
            CODE    2964H     00B7H     UNIT         ?PR?UART1_SFIBERSWITCH?NETCOMMAND
            CODE    2A1BH     00B5H     UNIT         ?PR?MAININFO_DEFAULT?VARIABLE
            CODE    2AD0H     00B1H     UNIT         ?PR?KEY_DRIVER?KEYGET
            CODE    2B81H     00A6H     UNIT         ?PR?UART1_SETMODPROWAY?NETCOMMAND
            CODE    2C27H     009EH     UNIT         ?PR?_WRITE_NVRAM?DATAPROCESS
            CODE    2CC5H     009AH     UNIT         ?PR?_AVERAGE_POWER?ADPROCESS
            CODE    2D5FH     009AH     UNIT         ?PR?ERROR_PROCESS?PROTECTFUN
            CODE    2DF9H     0096H     UNIT         ?PR?UART1_SETSWITCHPOWER?NETCOMMAND
            CODE    2E8FH     0096H     UNIT         ?PR?UART1_SETWARNPOWER?NETCOMMAND
            CODE    2F25H     0096H     UNIT         ?PR?UART1_SETMSERVINITPOWER?NETCOMMAND
            CODE    2FBBH     0096H     UNIT         ?PR?UART1_SETBSERVINITPOWER?NETCOMMAND
            CODE    3051H     0096H     UNIT         ?PR?UART1_SETBFIBERPOWER?NETCOMMAND
            CODE    30E7H     0096H     UNIT         ?PR?UART1_SETMFIBERPOWER?NETCOMMAND
            CODE    317DH     008EH     UNIT         ?PR?UART1_SETSWITCHDELAYTIME?NETCOMMAND
            CODE    320BH     008CH     UNIT         ?C_C51STARTUP
            CODE    3297H     0086H     UNIT         ?PR?ISRUART?UART1
            CODE    331DH     0083H     UNIT         ?PR?I2C_GET_ACK?I2C
            CODE    33A0H     0083H     UNIT         ?PR?ADPROCESS?ADPROCESS
            CODE    3423H     0080H     UNIT         ?PR?NVRAM_PROCESS?DATAPROCESS
            CODE    34A3H     007DH     UNIT         ?PR?_PAGE_WRITE_24C08?AT24C16
            CODE    3520H     0072H     UNIT         ?PR?UART1_INIT?UART1
            CODE    3592H     0069H     UNIT         ?PR?LED_WORK_ALARM?LEDPROCESS
            CODE    35FBH     0065H     UNIT         ?PR?I2C_START?I2C
            CODE    3660H     0061H     UNIT         ?PR?I2C_READBYTE?I2C
            CODE    36C1H     0061H     UNIT         ?PR?KEY_PROCESS?KEYPROCESS
            CODE    3722H     005EH     UNIT         ?PR?_GET_DEVICE_INFO?HARDINFO
            CODE    3780H     005CH     UNIT         ?PR?_AD_READ?ADCDRIVER
            CODE    37DCH     005CH     UNIT         ?PR?_MEMORY_COPY?SHARE
            CODE    3838H     0058H     UNIT         ?PR?_INTERRUPT_PRIORITY?TIMER
            CODE    3890H     0056H     UNIT         ?PR?_HAND_SWITCH?SHARE
            CODE    38E6H     0051H     UNIT         ?PR?UART1_SET_POWERSWING?NETCOMMAND
            CODE    3937H     004FH     UNIT         ?PR?AUTO_SET_ALARM_VALUE?SHARE
            CODE    3986H     004EH     UNIT         ?PR?AD_VARIABLE_INIT?ADPROCESS
BL51 BANKED LINKER/LOCATER V5.03                                                      02/13/2012  10:59:11  PAGE 4


            CODE    39D4H     004EH     UNIT         ?PR?_SET_RETURNTIMESECOND?SHARE
            CODE    3A22H     004BH     UNIT         ?PR?UART1_GETSYSPARA?NETCOMMAND
            CODE    3A6DH     004AH     UNIT         ?PR?UART1_TIMEOUT?UART1
            CODE    3AB7H     0049H     UNIT         ?PR?TIMER_1S_PROCESS?SHARE
            CODE    3B00H     0049H     UNIT         ?PR?ENABLE_PROCESS?PROTECTFUN
            CODE    3B49H     0048H     UNIT         ?PR?ISRTIME0?TIMER
            CODE    3B91H     0044H     UNIT         ?PR?SERVICE_JUDGE?PROTECTFUN
            CODE    3BD5H     0044H     UNIT         ?C?LDIV
            CODE    3C19H     0042H     UNIT         ?PR?_SET_WORK_MODE?SHARE
            CODE    3C5BH     0041H     UNIT         ?PR?I2C_STOP?I2C
            CODE    3C9CH     0040H     UNIT         ?PR?UART1_SET_BEFORE_DELAY_TIME?NETCOMMAND
            CODE    3CDCH     003DH     UNIT         ?PR?UART1_SEND_TO_CTRLBOARD?UART1
            CODE    3D19H     003AH     UNIT         ?PR?_I2C_WRITEBYTE?I2C
            CODE    3D53H     003AH     UNIT         ?PR?AUTO_GET_INITPOWER_01J?SHARE
            CODE    3D8DH     0036H     UNIT         ?PR?ADC0_SFR_CNF?ADCDRIVER
            CODE    3DC3H     0036H     UNIT         ?PR?AD_020_READ?ADCDRIVER
            CODE    3DF9H     0035H     UNIT         ?PR?I2C_SEND_ACK?I2C
            CODE    3E2EH     0035H     UNIT         ?PR?PROTECT_ACTION?PROTECTFUN
            CODE    3E63H     0034H     UNIT         ?PR?ALARM_PROCESS?ALARM
            CODE    3E97H     0031H     UNIT         ?PR?_SET_BEFORE_DELAY_TIME?SHARE
            CODE    3EC8H     0030H     UNIT         ?PR?VAR_INIT?VARIABLE
            CODE    3EF8H     002DH     UNIT         ?PR?_CLEAR_RAM?SHARE
            CODE    3F25H     002CH     UNIT         ?PR?_DELAY_MS?SHARE
            CODE    3F51H     002CH     UNIT         ?PR?_OPSWITCH_KEY?SHARE
            CODE    3F7DH     002BH     UNIT         ?PR?_SET_POWERSWING?SHARE
            CODE    3FA8H     002BH     UNIT         ?PR?UART1_MODCLASS?NETCOMMAND
            CODE    3FD3H     002AH     UNIT         ?PR?PROJECT_INIT?VARIABLE
            CODE    3FFDH     0028H     UNIT         ?PR?_FCS_COUNT_NET?UART1
            CODE    4025H     0028H     UNIT         ?PR?_UART1_TO_CARD_RX_FCS?UART1
            CODE    404DH     0027H     UNIT         ?PR?UART1_CLRALARM?NETCOMMAND
            CODE    4074H     0025H     UNIT         ?PR?_SET_INIT_MAIN?SHARE
            CODE    4099H     0025H     UNIT         ?PR?_SET_INIT_STANDBY?SHARE
            CODE    40BEH     0025H     UNIT         ?PR?_SET_INIT_IN?SHARE
            CODE    40E3H     0025H     UNIT         ?PR?_SET_TEST_MAIN?SHARE
            CODE    4108H     0025H     UNIT         ?PR?_SET_TEST_STANDBY?SHARE
            CODE    412DH     0025H     UNIT         ?PR?_SET_ALARM_VALUE?SHARE
            CODE    4152H     0025H     UNIT         ?PR?_SET_PROTECT_VALUE?SHARE
            CODE    4177H     0025H     UNIT         ?PR?_SET_IN_VALUE?SHARE
            CODE    419CH     0025H     UNIT         ?PR?_SET_AD_RW_SLOPE?SHARE
            CODE    41C1H     0025H     UNIT         ?PR?_SET_AD_RW_INTERCEPT?SHARE
            CODE    41E6H     0025H     UNIT         ?PR?_SET_AD_RP_SLOPE?SHARE
            CODE    420BH     0025H     UNIT         ?PR?_SET_AD_RP_INTERCEPT?SHARE
            CODE    4230H     0025H     UNIT         ?PR?_SET_AD_RI_SLOPE?SHARE
            CODE    4255H     0025H     UNIT         ?PR?_SET_AD_RI_INTERCEPT?SHARE
            CODE    427AH     0024H     UNIT         ?C_INITSEG
            CODE    429EH     0024H     UNIT         ?PR?UART1_INITCOMPLE?NETCOMMAND
            CODE    42C2H     0022H     UNIT         ?PR?_READDATA?DATAPROCESS
            CODE    42E4H     0022H     UNIT         ?PR?_WRITEDATA?DATAPROCESS
            CODE    4306H     0020H     UNIT         ?PR?UART_PROCESS?NETCOMMAND
            CODE    4326H     001CH     UNIT         ?PR?PORT_IO_INIT?MCUINIT
            CODE    4342H     001CH     UNIT         ?PR?EXTCRYSTALOSC_INIT?MCUINIT
            CODE    435EH     001CH     UNIT         ?CO?SHARE
            CODE    437AH     001BH     UNIT         ?PR?NVRAM_PROCESS_INIT?DATAPROCESS
            CODE    4395H     001BH     UNIT         ?PR?GET_POWERSWING?SHARE
            CODE    43B0H     001BH     UNIT         ?PR?UART1_COMMAND_TEST?NETCOMMAND
            CODE    43CBH     001BH     UNIT         ?PR?_FCS_COUNT?UART1
            CODE    43E6H     0019H     UNIT         ?PR?_SET_RESUME_TIME?SHARE
BL51 BANKED LINKER/LOCATER V5.03                                                      02/13/2012  10:59:11  PAGE 5


            CODE    43FFH     0019H     UNIT         ?PR?READ_MODUL_HARDWARE?SHARE
            CODE    4418H     0018H     UNIT         ?PR?_SET_NMS_CHANNEL?SHARE
            CODE    4430H     0018H     UNIT         ?PR?_SET_E1_SLOT?SHARE
            CODE    4448H     0018H     UNIT         ?PR?_SET_E1_CLOCK?SHARE
            CODE    4460H     0018H     UNIT         ?PR?_SET_E2_STATUS?SHARE
            CODE    4478H     0018H     UNIT         ?PR?_SET_POWER_SELECT?SHARE
            CODE    4490H     0018H     UNIT         ?PR?_HEX_BCD?SHARE
            CODE    44A8H     0017H     UNIT         ?PR?_BCD_HEX?SHARE
            CODE    44BFH     000FH     UNIT         ?PR?GET_RETURNTIMESECOND?SHARE
            CODE    44CEH     000EH     UNIT         ?PR?LED_ACO?LEDPROCESS
            CODE    44DCH     000EH     UNIT         ?PR?TIMER_INIT?TIMER
            CODE    44EAH     000EH     UNIT         ?CO?HARDINFO
            CODE    44F8H     000DH     UNIT         ?PR?SYSCLK_INIT?MCUINIT
            CODE    4505H     000DH     UNIT         ?PR?WATCHDOG?WDTPROCESS
            CODE    4512H     000CH     UNIT         ?PR?MCU_START_INIT?MCUPROCESS
            CODE    451EH     000CH     UNIT         ?PR?REFRESH_OPSWITCH?PROTECTFUN
            CODE    452AH     000BH     UNIT         ?PR?GET_OPSWITCH_STATUS?HARDINFO
            CODE    4535H     000BH     UNIT         ?PR?_BEEP_DRIVER?KEYGET
            CODE    4540H     000AH     UNIT         ?PR?INIT_01J?PROTECTFUN
            CODE    454AH     0009H     UNIT         ?PR?LED_RUN?LEDPROCESS
            CODE    4553H     0009H     UNIT         ?PR?REFRESH_LED?LEDPROCESS
            CODE    455CH     0009H     UNIT         ?PR?GET_INIT_MAIN?SHARE
            CODE    4565H     0009H     UNIT         ?PR?GET_INIT_STANDBY?SHARE
            CODE    456EH     0009H     UNIT         ?PR?GET_INIT_IN?SHARE
            CODE    4577H     0009H     UNIT         ?PR?GET_TEST_MAIN?SHARE
            CODE    4580H     0009H     UNIT         ?PR?GET_TEST_STANDBY?SHARE
            CODE    4589H     0009H     UNIT         ?PR?GET_ALARM_VALUE?SHARE
            CODE    4592H     0009H     UNIT         ?PR?GET_PROTECT_VALUE?SHARE
            CODE    459BH     0009H     UNIT         ?PR?GET_IN_VALUE?SHARE
            CODE    45A4H     0009H     UNIT         ?PR?GET_RESUME_TIME?SHARE
            CODE    45ADH     0009H     UNIT         ?PR?GET_CURRENT_MAIN?SHARE
            CODE    45B6H     0009H     UNIT         ?PR?GET_CURRENT_STANDBY?SHARE
            CODE    45BFH     0009H     UNIT         ?PR?GET_CURRENT_IN?SHARE
            CODE    45C8H     0009H     UNIT         ?PR?GET_AD_RW_SLOPE?SHARE
            CODE    45D1H     0009H     UNIT         ?PR?GET_AD_RW_INTERCEPT?SHARE
            CODE    45DAH     0009H     UNIT         ?PR?GET_AD_RP_SLOPE?SHARE
            CODE    45E3H     0009H     UNIT         ?PR?GET_AD_RP_INTERCEPT?SHARE
            CODE    45ECH     0009H     UNIT         ?PR?GET_AD_RI_SLOPE?SHARE
            CODE    45F5H     0009H     UNIT         ?PR?GET_AD_RI_INTERCEPT?SHARE
            CODE    45FEH     0008H     UNIT         ?PR?_SET_COMPARE_COUNT?SHARE
            CODE    4606H     0008H     UNIT         ?PR?GET_KEY?KEYGET
            CODE    460EH     0007H     UNIT         ?PR?SOFT_WDT_DISNABLE?WDTPROCESS
            CODE    4615H     0007H     UNIT         ?PR?REFRESH_PARAMENTINIT?SHARE
            CODE    461CH     0007H     UNIT         ?PR?GET_WORK_STATUS?SHARE
            CODE    4623H     0007H     UNIT         ?PR?SWITCH_TO_MAIN?HARDINFO
            CODE    462AH     0007H     UNIT         ?PR?SWITCH_TO_STANDBY?HARDINFO
            CODE    4631H     0007H     UNIT         ?PR?GET_HARDWARE_DEVICETYPE?HARDINFO
            CODE    4638H     0006H     UNIT         ?PR?AD_PROCESS_INIT?ADPROCESS
            CODE    463EH     0006H     UNIT         ?PR?GET_TEMPERATURE?SHARE
            CODE    4644H     0006H     UNIT         ?PR?GET_DEVICE_TYPE?SHARE
            CODE    464AH     0006H     UNIT         ?PR?GET_NMS_CHANNEL?SHARE
            CODE    4650H     0006H     UNIT         ?PR?GET_E1_SLOT?SHARE
            CODE    4656H     0006H     UNIT         ?PR?GET_E1_CLOCK?SHARE
            CODE    465CH     0006H     UNIT         ?PR?GET_E2_STATUS?SHARE
            CODE    4662H     0006H     UNIT         ?PR?GET_MUTE_STATUS?SHARE
            CODE    4668H     0006H     UNIT         ?PR?GET_COMPARE_COUNT?SHARE
            CODE    466EH     0006H     UNIT         ?PR?GET_POWER_SELECT?SHARE
BL51 BANKED LINKER/LOCATER V5.03                                                      02/13/2012  10:59:11  PAGE 6


            CODE    4674H     0006H     UNIT         ?PR?GET_SLOTSELECTFLAG?SHARE
            CODE    467AH     0006H     UNIT         ?PR?GET_CARD_TYPE?SHARE
            CODE    4680H     0006H     UNIT         ?PR?GET_WORK_MODE?SHARE
            CODE    4686H     0006H     UNIT         ?PR?_SET_KEY_FLAG?SHARE
            CODE    468CH     0006H     UNIT         ?PR?GET_KEY_FLAG?SHARE
            CODE    4692H     0006H     UNIT         ?PR?_SET_KEYEN_FLAG?SHARE
            CODE    4698H     0006H     UNIT         ?PR?GET_KEYEN_FLAG?SHARE
            CODE    469EH     0006H     UNIT         ?PR?GET_SYS_ALARM_STATUS?SHARE
            CODE    46A4H     0006H     UNIT         ?PR?GET_STATECASE?PROTECTFUN
            CODE    46AAH     0006H     UNIT         ?PR?GET_HARDWARE_CARDTYPE?HARDINFO
            CODE    46B0H     0006H     UNIT         ?PR?_SET_UART1_RESTATUS?UART1
            CODE    46B6H     0005H     UNIT         ?PR?_POWER_PROCESS_NULL?ADPROCESS
            CODE    46BBH     0004H     UNIT         ?PR?AD_LATCH_AIN0?ADCDRIVER
            CODE    46BFH     0004H     UNIT         ?PR?AD_LATCH_AIN1?ADCDRIVER
            CODE    46C3H     0004H     UNIT         ?PR?AD_LATCH_AIN2?ADCDRIVER
            CODE    46C7H     0004H     UNIT         ?PR?AD_LATCH_AIN3?ADCDRIVER
            CODE    46CBH     0004H     UNIT         ?PR?AD_LATCH_AIN4?ADCDRIVER
            CODE    46CFH     0004H     UNIT         ?PR?AD_LATCH_AIN5?ADCDRIVER
            CODE    46D3H     0004H     UNIT         ?PR?AD_LATCH_AIN6?ADCDRIVER
            CODE    46D7H     0004H     UNIT         ?PR?AD_LATCH_AIN7?ADCDRIVER
            CODE    46DBH     0003H     UNIT         ?PR?WATCHDOG_INIT?WDTPROCESS
            CODE    46DEH     0003H     UNIT         ?PR?ADC0_INIT?ADPROCESS
            CODE    46E1H     0003H     UNIT         ?PR?OTHER_ALARM_PROCESS?ALARM
            CODE    46E4H     0001H     UNIT         ?PR?SOFT_WDT_ENABLE?WDTPROCESS
            CODE    46E5H     0001H     UNIT         ?PR?ADC_DATA_INIT?ADCDRIVER
            CODE    46E6H     0001H     UNIT         ?PR?UART1_SETALARMFORBID?NETCOMMAND
            CODE    46E7H     0001H     UNIT         ?PR?UART1_SETALARMPRIORITY?NETCOMMAND
            CODE    46E8H     0001H     UNIT         ?PR?UART1_INQUALARMPARAM?NETCOMMAND
            CODE    46E9H     0001H     UNIT         ?PR?UART1_REPORTTESTDATA?NETCOMMAND
            CODE    46EAH     0001H     UNIT         ?PR?UART1_SETSTARORSTOPCOMD?NETCOMMAND
            CODE    46EBH     0001H     UNIT         ?PR?UART_SEND?UART1



OVERLAY MAP OF MODULE:   .\OUT\card_J_020 (?C_STARTUP)


SEGMENT                                            DATA_GROUP          XDATA_GROUP
  +--> CALLED SEGMENT                            START    LENGTH     START    LENGTH
------------------------------------------------------------------------------------
?C_C51STARTUP                                    -----    -----      -----    -----
  +--> ?PR?MAIN?MAIN
  +--> ?C_INITSEG

?PR?MAIN?MAIN                                    -----    -----      0198H    0002H
  +--> ?PR?WATCHDOG_INIT?WDTPROCESS
  +--> ?PR?MCU_START_INIT?MCUPROCESS
  +--> ?PR?WATCHDOG?WDTPROCESS
  +--> ?PR?AD_PROCESS_INIT?ADPROCESS
  +--> ?PR?NVRAM_PROCESS_INIT?DATAPROCESS
  +--> ?PR?VAR_INIT?VARIABLE
  +--> ?PR?UART1_INIT?UART1
  +--> ?PR?REFRESH_MAIN_SYS?SHARE
  +--> ?PR?ERROR_PROCESS?PROTECTFUN
  +--> ?PR?ALARM_PROCESS?ALARM
  +--> ?PR?GET_CARD_TYPE?SHARE
  +--> ?PR?UART_PROCESS?NETCOMMAND
BL51 BANKED LINKER/LOCATER V5.03                                                      02/13/2012  10:59:11  PAGE 7


  +--> ?PR?NVRAM_PROCESS?DATAPROCESS
  +--> ?PR?BEEP_SOUND_PROCESS?KEYPROCESS
  +--> ?PR?KEY_DRIVER?KEYGET
  +--> ?PR?KEY_PROCESS?KEYPROCESS
  +--> ?PR?REFRESH_OPSWITCH?PROTECTFUN
  +--> ?PR?ENABLE_PROCESS?PROTECTFUN
  +--> ?PR?REFRESH_PARAMENTINIT?SHARE
  +--> ?PR?TIMER_1S_PROCESS?SHARE
  +--> ?PR?AUTO_GET_INITPOWER_01J?SHARE
  +--> ?PR?REFRESH_LED?LEDPROCESS

?PR?WATCHDOG_INIT?WDTPROCESS                     -----    -----      -----    -----
  +--> ?PR?SOFT_WDT_DISNABLE?WDTPROCESS

?PR?MCU_START_INIT?MCUPROCESS                    -----    -----      -----    -----
  +--> ?PR?SYSCLK_INIT?MCUINIT
  +--> ?PR?EXTCRYSTALOSC_INIT?MCUINIT
  +--> ?PR?PORT_IO_INIT?MCUINIT
  +--> ?PR?TIMER_INIT?TIMER

?PR?EXTCRYSTALOSC_INIT?MCUINIT                   -----    -----      -----    -----
  +--> ?PR?_DELAY_MS?SHARE

?PR?AD_PROCESS_INIT?ADPROCESS                    -----    -----      -----    -----
  +--> ?PR?ADC0_INIT?ADPROCESS
  +--> ?PR?AD_VARIABLE_INIT?ADPROCESS

?PR?ADC0_INIT?ADPROCESS                          -----    -----      -----    -----
  +--> ?PR?ADC0_SFR_CNF?ADCDRIVER

?PR?AD_VARIABLE_INIT?ADPROCESS                   -----    -----      -----    -----
  +--> ?PR?_CLEAR_RAM?SHARE

?PR?_CLEAR_RAM?SHARE                             -----    -----      019EH    0003H

?PR?NVRAM_PROCESS_INIT?DATAPROCESS               -----    -----      -----    -----
  +--> ?PR?E2PROM_INIT?AT24C16

?PR?VAR_INIT?VARIABLE                            -----    -----      019AH    0004H
  +--> ?PR?_CLEAR_RAM?SHARE
  +--> ?PR?READ_MODUL_HARDWARE?SHARE
  +--> ?PR?MAININFO_DEFAULT?VARIABLE
  +--> ?PR?READ_MODUL_PARA?VARIABLE

?PR?READ_MODUL_HARDWARE?SHARE                    -----    -----      -----    -----
  +--> ?PR?GET_HARDWARE_DEVICETYPE?HARDINFO
  +--> ?PR?GET_OPSWITCH_STATUS?HARDINFO

?PR?GET_HARDWARE_DEVICETYPE?HARDINFO             -----    -----      -----    -----
  +--> ?CO?HARDINFO

?PR?READ_MODUL_PARA?VARIABLE                     -----    -----      019EH    0004H
  +--> ?PR?_READDATA?DATAPROCESS

?PR?_READDATA?DATAPROCESS                        -----    -----      -----    -----
  +--> ?PR?_NVRAM_CONVER?DATAPROCESS
  +--> ?PR?_READ_NVRAM?DATAPROCESS
BL51 BANKED LINKER/LOCATER V5.03                                                      02/13/2012  10:59:11  PAGE 8



?PR?_READ_NVRAM?DATAPROCESS                      -----    -----      01A2H    0006H
  +--> ?PR?_PAGE_READ_24C08?AT24C16

?PR?_PAGE_READ_24C08?AT24C16                     -----    -----      01A8H    000DH
  +--> ?PR?I2C_START?I2C
  +--> ?PR?_I2C_WRITEBYTE?I2C
  +--> ?PR?I2C_GET_ACK?I2C
  +--> ?PR?I2C_STOP?I2C
  +--> ?PR?I2C_READBYTE?I2C
  +--> ?PR?I2C_SEND_ACK?I2C

?PR?REFRESH_MAIN_SYS?SHARE                       -----    -----      -----    -----
  +--> ?CO?SHARE
  +--> ?PR?_AVERAGE_POWER?ADPROCESS

?PR?_AVERAGE_POWER?ADPROCESS                     -----    -----      019FH    0005H

?PR?ERROR_PROCESS?PROTECTFUN                     -----    -----      -----    -----
  +--> ?PR?GET_DEVICE_TYPE?SHARE

?PR?ALARM_PROCESS?ALARM                          -----    -----      -----    -----
  +--> ?PR?ALARM_FIBER_PROCESS?ALARM
  +--> ?PR?OTHER_ALARM_PROCESS?ALARM

?PR?UART_PROCESS?NETCOMMAND                      -----    -----      -----    -----
  +--> ?PR?UART1_COMMAND?NETCOMMAND
  +--> ?PR?_SET_UART1_RESTATUS?UART1

?PR?UART1_COMMAND?NETCOMMAND                     -----    -----      019AH    0004H
  +--> ?PR?UART1_TO_NET_RX_FCS?UART1
  +--> ?PR?UART1_MODCLASS?NETCOMMAND
  +--> ?PR?UART1_INQUIRECURRENTSTATUS?NETCOM...
  +--> ?PR?UART1_SETSWITCHPOWER?NETCOMMAND
  +--> ?PR?UART1_SETWARNPOWER?NETCOMMAND
  +--> ?PR?UART1_SETMODPROWAY?NETCOMMAND
  +--> ?PR?UART1_SETAUTORETTIME?NETCOMMAND
  +--> ?PR?UART1_SETPINADJUST?NETCOMMAND
  +--> ?PR?UART1_SETINITPOWERIN?NETCOMMAND
  +--> ?PR?UART1_SFIBERSWITCH?NETCOMMAND
  +--> ?PR?UART1_SETALARMFORBID?NETCOMMAND
  +--> ?PR?UART1_SETALARMPRIORITY?NETCOMMAND
  +--> ?PR?UART1_CLRALARM?NETCOMMAND
  +--> ?PR?UART1_SETSWITCHDELAYTIME?NETCOMMAND
  +--> ?PR?UART1_SETMSERVINITPOWER?NETCOMMAND
  +--> ?PR?UART1_SETBSERVINITPOWER?NETCOMMAND
  +--> ?PR?UART1_SETBFIBERPOWER?NETCOMMAND
  +--> ?PR?UART1_SETMFIBERPOWER?NETCOMMAND
  +--> ?PR?UART1_INQUALARMPARAM?NETCOMMAND
  +--> ?PR?UART1_SETSWITCHPARA?NETCOMMAND
  +--> ?PR?UART1_REQUIRE_ALL_PARA?NETCOMMAND
  +--> ?PR?UART1_SET_ALL_PARA?NETCOMMAND
  +--> ?PR?UART1_INITCOMPLE?NETCOMMAND
  +--> ?PR?UART1_REPORTTESTDATA?NETCOMMAND
  +--> ?PR?UART1_SETSTARORSTOPCOMD?NETCOMMAND
  +--> ?PR?UART1_FIBERSWITCH?NETCOMMAND
  +--> ?PR?UART1_GETSYSPARA?NETCOMMAND
BL51 BANKED LINKER/LOCATER V5.03                                                      02/13/2012  10:59:11  PAGE 9


  +--> ?PR?UART1_SET_POWERSWING?NETCOMMAND
  +--> ?PR?UART1_SET_INTERCEPT?NETCOMMAND
  +--> ?PR?PROJECT_INIT?VARIABLE
  +--> ?PR?UART1_INQUSWITCHPARAM?NETCOMMAND
  +--> ?PR?UART1_SET_BEFORE_DELAY_TIME?NETCO...
  +--> ?PR?UART1_SEND_TO_NET?UART1

?PR?UART1_TO_NET_RX_FCS?UART1                    -----    -----      019EH    0003H

?PR?UART1_MODCLASS?NETCOMMAND                    -----    -----      -----    -----
  +--> ?PR?_GET_DEVICE_INFO?HARDINFO

?PR?_GET_DEVICE_INFO?HARDINFO                    -----    -----      019EH    0006H
  +--> ?CO?HARDINFO

?PR?UART1_SETSWITCHPOWER?NETCOMMAND              -----    -----      -----    -----
  +--> ?PR?_WRITEDATA?DATAPROCESS

?PR?_WRITEDATA?DATAPROCESS                       -----    -----      -----    -----
  +--> ?PR?_NVRAM_CONVER?DATAPROCESS
  +--> ?PR?_WRITE_NVRAM?DATAPROCESS

?PR?_WRITE_NVRAM?DATAPROCESS                     -----    -----      01ABH    0009H

?PR?UART1_SETWARNPOWER?NETCOMMAND                -----    -----      -----    -----
  +--> ?PR?_WRITEDATA?DATAPROCESS

?PR?UART1_SETMODPROWAY?NETCOMMAND                -----    -----      -----    -----
  +--> ?PR?_SET_WORK_MODE?SHARE
  +--> ?PR?_WRITEDATA?DATAPROCESS

?PR?_SET_WORK_MODE?SHARE                         -----    -----      019EH    0001H
  +--> ?PR?PROTECT_ACTION?PROTECTFUN

?PR?PROTECT_ACTION?PROTECTFUN                    -----    -----      -----    -----
  +--> ?PR?SWITCH_TO_STANDBY?HARDINFO
  +--> ?PR?SWITCH_TO_MAIN?HARDINFO

?PR?UART1_SETAUTORETTIME?NETCOMMAND              -----    -----      019EH    0005H
  +--> ?PR?_BCD_HEX?SHARE
  +--> ?PR?_COMBIN_AUTORETTIME?SHARE
  +--> ?PR?_SET_RETURNTIMESECOND?SHARE

?PR?_COMBIN_AUTORETTIME?SHARE                    -----    -----      01A3H    0007H

?PR?_SET_RETURNTIMESECOND?SHARE                  -----    -----      01A3H    0008H
  +--> ?PR?_WRITEDATA?DATAPROCESS
  +--> ?PR?NVRAM_PROCESS?DATAPROCESS

?PR?NVRAM_PROCESS?DATAPROCESS                    -----    -----      01ABH    0001H
  +--> ?PR?_PAGE_WRITE_24C08?AT24C16

?PR?_PAGE_WRITE_24C08?AT24C16                    -----    -----      01ACH    000DH
  +--> ?PR?I2C_START?I2C
  +--> ?PR?_I2C_WRITEBYTE?I2C
  +--> ?PR?I2C_GET_ACK?I2C
  +--> ?PR?I2C_STOP?I2C
BL51 BANKED LINKER/LOCATER V5.03                                                      02/13/2012  10:59:11  PAGE 10



?PR?UART1_SETPINADJUST?NETCOMMAND                -----    -----      019EH    0001H
  +--> ?PR?_AVERAGE_POWER?ADPROCESS
  +--> ?PR?CALCULATE_SLOPE?NETCOMMAND
  +--> ?PR?_CALCULATE_INTERCEPT?NETCOMMAND
  +--> ?PR?_SET_AD_RW_SLOPE?SHARE
  +--> ?PR?_SET_AD_RW_INTERCEPT?SHARE
  +--> ?PR?_SET_AD_RP_SLOPE?SHARE
  +--> ?PR?_SET_AD_RP_INTERCEPT?SHARE
  +--> ?PR?_SET_AD_RI_SLOPE?SHARE
  +--> ?PR?_SET_AD_RI_INTERCEPT?SHARE

?PR?CALCULATE_SLOPE?NETCOMMAND                   -----    -----      019FH    0005H

?PR?_CALCULATE_INTERCEPT?NETCOMMAND              -----    -----      019FH    0007H

?PR?_SET_AD_RW_SLOPE?SHARE                       -----    -----      01A0H    0002H
  +--> ?PR?_WRITEDATA?DATAPROCESS

?PR?_SET_AD_RW_INTERCEPT?SHARE                   -----    -----      01A0H    0002H
  +--> ?PR?_WRITEDATA?DATAPROCESS

?PR?_SET_AD_RP_SLOPE?SHARE                       -----    -----      01A0H    0002H
  +--> ?PR?_WRITEDATA?DATAPROCESS

?PR?_SET_AD_RP_INTERCEPT?SHARE                   -----    -----      01A0H    0002H
  +--> ?PR?_WRITEDATA?DATAPROCESS

?PR?_SET_AD_RI_SLOPE?SHARE                       -----    -----      01A0H    0002H
  +--> ?PR?_WRITEDATA?DATAPROCESS

?PR?_SET_AD_RI_INTERCEPT?SHARE                   -----    -----      01A0H    0002H
  +--> ?PR?_WRITEDATA?DATAPROCESS

?PR?UART1_SETINITPOWERIN?NETCOMMAND              -----    -----      -----    -----
  +--> ?PR?_WRITEDATA?DATAPROCESS

?PR?UART1_SFIBERSWITCH?NETCOMMAND                -----    -----      -----    -----
  +--> ?PR?_WRITEDATA?DATAPROCESS

?PR?UART1_SETSWITCHDELAYTIME?NETCOMMAND          -----    -----      -----    -----
  +--> ?PR?_WRITEDATA?DATAPROCESS

?PR?UART1_SETMSERVINITPOWER?NETCOMMAND           -----    -----      -----    -----
  +--> ?PR?_WRITEDATA?DATAPROCESS

?PR?UART1_SETBSERVINITPOWER?NETCOMMAND           -----    -----      -----    -----
  +--> ?PR?_WRITEDATA?DATAPROCESS

?PR?UART1_SETBFIBERPOWER?NETCOMMAND              -----    -----      -----    -----
  +--> ?PR?_WRITEDATA?DATAPROCESS

?PR?UART1_SETMFIBERPOWER?NETCOMMAND              -----    -----      -----    -----
  +--> ?PR?_WRITEDATA?DATAPROCESS

?PR?UART1_SETSWITCHPARA?NETCOMMAND               -----    -----      01A0H    0003H
  +--> ?PR?_WRITEDATA?DATAPROCESS
BL51 BANKED LINKER/LOCATER V5.03                                                      02/13/2012  10:59:11  PAGE 11


  +--> ?PR?_SET_RESUME_TIME?SHARE
  +--> ?PR?_SET_PROTECT_VALUE?SHARE
  +--> ?PR?_SET_ALARM_VALUE?SHARE
  +--> ?PR?_SET_IN_VALUE?SHARE
  +--> ?PR?_SET_INIT_MAIN?SHARE
  +--> ?PR?_SET_INIT_STANDBY?SHARE
  +--> ?PR?_SET_TEST_STANDBY?SHARE
  +--> ?PR?_SET_TEST_MAIN?SHARE
  +--> ?PR?_SET_INIT_IN?SHARE
  +--> ?PR?_BCD_HEX?SHARE
  +--> ?PR?_COMBIN_AUTORETTIME?SHARE
  +--> ?PR?_SET_RETURNTIMESECOND?SHARE

?PR?_SET_RESUME_TIME?SHARE                       -----    -----      -----    -----
  +--> ?PR?_WRITEDATA?DATAPROCESS

?PR?_SET_PROTECT_VALUE?SHARE                     -----    -----      01A3H    0002H
  +--> ?PR?_WRITEDATA?DATAPROCESS

?PR?_SET_ALARM_VALUE?SHARE                       -----    -----      01A3H    0002H
  +--> ?PR?_WRITEDATA?DATAPROCESS

?PR?_SET_IN_VALUE?SHARE                          -----    -----      01A3H    0002H
  +--> ?PR?_WRITEDATA?DATAPROCESS

?PR?_SET_INIT_MAIN?SHARE                         -----    -----      01A3H    0002H
  +--> ?PR?_WRITEDATA?DATAPROCESS

?PR?_SET_INIT_STANDBY?SHARE                      -----    -----      01A3H    0002H
  +--> ?PR?_WRITEDATA?DATAPROCESS

?PR?_SET_TEST_STANDBY?SHARE                      -----    -----      01A3H    0002H
  +--> ?PR?_WRITEDATA?DATAPROCESS

?PR?_SET_TEST_MAIN?SHARE                         -----    -----      01A3H    0002H
  +--> ?PR?_WRITEDATA?DATAPROCESS

?PR?_SET_INIT_IN?SHARE                           -----    -----      01A3H    0002H
  +--> ?PR?_WRITEDATA?DATAPROCESS

?PR?UART1_REQUIRE_ALL_PARA?NETCOMMAND            -----    -----      -----    -----
  +--> ?PR?UART1_INQUSWITCHPARAM?NETCOMMAND

?PR?UART1_INQUSWITCHPARAM?NETCOMMAND             -----    -----      019EH    0003H
  +--> ?PR?GET_RETURNTIMESECOND?SHARE
  +--> ?PR?_SPLIT_AUTORETTTIME?SHARE
  +--> ?PR?_HEX_BCD?SHARE

?PR?_SPLIT_AUTORETTTIME?SHARE                    -----    -----      01A1H    000DH

?PR?UART1_SET_ALL_PARA?NETCOMMAND                -----    -----      019EH    0002H
  +--> ?PR?UART1_SETSWITCHPARA?NETCOMMAND
  +--> ?PR?_SET_AD_RW_SLOPE?SHARE
  +--> ?PR?_SET_AD_RW_INTERCEPT?SHARE
  +--> ?PR?_SET_AD_RP_SLOPE?SHARE
  +--> ?PR?_SET_AD_RP_INTERCEPT?SHARE
  +--> ?PR?_SET_AD_RI_SLOPE?SHARE
BL51 BANKED LINKER/LOCATER V5.03                                                      02/13/2012  10:59:11  PAGE 12


  +--> ?PR?_SET_AD_RI_INTERCEPT?SHARE
  +--> ?PR?_SET_POWERSWING?SHARE

?PR?_SET_POWERSWING?SHARE                        -----    -----      01A0H    0001H
  +--> ?PR?_WRITEDATA?DATAPROCESS

?PR?UART1_FIBERSWITCH?NETCOMMAND                 -----    -----      019EH    0001H
  +--> ?PR?_HAND_SWITCH?SHARE

?PR?_HAND_SWITCH?SHARE                           -----    -----      019FH    0001H
  +--> ?PR?PROTECT_ACTION?PROTECTFUN

?PR?UART1_SET_POWERSWING?NETCOMMAND              -----    -----      -----    -----
  +--> ?PR?_SET_POWERSWING?SHARE

?PR?UART1_SET_INTERCEPT?NETCOMMAND               -----    -----      019EH    0002H
  +--> ?PR?_SET_AD_RW_INTERCEPT?SHARE
  +--> ?PR?_SET_AD_RP_INTERCEPT?SHARE
  +--> ?PR?_SET_AD_RI_INTERCEPT?SHARE

?PR?PROJECT_INIT?VARIABLE                        -----    -----      -----    -----
  +--> ?PR?_SET_ALARM_VALUE?SHARE
  +--> ?PR?_SET_PROTECT_VALUE?SHARE
  +--> ?PR?_SET_AD_RW_SLOPE?SHARE
  +--> ?PR?_SET_AD_RW_INTERCEPT?SHARE
  +--> ?PR?_SET_AD_RP_SLOPE?SHARE
  +--> ?PR?_SET_AD_RP_INTERCEPT?SHARE

?PR?UART1_SET_BEFORE_DELAY_TIME?NETCO...         -----    -----      -----    -----
  +--> ?PR?_SET_BEFORE_DELAY_TIME?SHARE

?PR?_SET_BEFORE_DELAY_TIME?SHARE                 -----    -----      019EH    0002H
  +--> ?PR?_WRITEDATA?DATAPROCESS

?PR?UART1_SEND_TO_NET?UART1                      -----    -----      019EH    0004H
  +--> ?PR?GET_DEVICE_TYPE?SHARE
  +--> ?PR?_FCS_COUNT_NET?UART1

?PR?_FCS_COUNT_NET?UART1                         -----    -----      01A2H    0001H

?PR?BEEP_SOUND_PROCESS?KEYPROCESS                -----    -----      019AH    0001H
  +--> ?PR?GET_KEY_FLAG?SHARE
  +--> ?PR?GET_SYS_ALARM_STATUS?SHARE
  +--> ?PR?GET_MUTE_STATUS?SHARE
  +--> ?PR?_BEEP_DRIVER?KEYGET

?PR?KEY_DRIVER?KEYGET                            -----    -----      -----    -----
  +--> ?PR?_SET_KEY_FLAG?SHARE

?PR?KEY_PROCESS?KEYPROCESS                       -----    -----      -----    -----
  +--> ?PR?GET_KEY?KEYGET
  +--> ?PR?GET_KEYEN_FLAG?SHARE
  +--> ?PR?_OPSWITCH_KEY?SHARE
  +--> ?PR?GET_MUTE_STATUS?SHARE
  +--> ?PR?_SET_MUTE_STATUS?SHARE
  +--> ?PR?_SET_KEYEN_FLAG?SHARE

BL51 BANKED LINKER/LOCATER V5.03                                                      02/13/2012  10:59:11  PAGE 13


?PR?_OPSWITCH_KEY?SHARE                          -----    -----      019AH    0001H
  +--> ?PR?PROTECT_ACTION?PROTECTFUN

?PR?REFRESH_OPSWITCH?PROTECTFUN                  -----    -----      -----    -----
  +--> ?PR?SWITCH_TO_STANDBY?HARDINFO
  +--> ?PR?SWITCH_TO_MAIN?HARDINFO

?PR?ENABLE_PROCESS?PROTECTFUN                    -----    -----      -----    -----
  +--> ?PR?AUTO_RETURN_PROCESS?PROTECTFUN

?PR?AUTO_RETURN_PROCESS?PROTECTFUN               -----    -----      -----    -----
  +--> ?PR?PROTECT_ACTION?PROTECTFUN

?PR?AUTO_GET_INITPOWER_01J?SHARE                 -----    -----      -----    -----
  +--> ?PR?_SET_INIT_MAIN?SHARE
  +--> ?PR?_SET_TEST_STANDBY?SHARE
  +--> ?PR?_SET_INIT_IN?SHARE
  +--> ?PR?_SET_INIT_STANDBY?SHARE
  +--> ?PR?_SET_TEST_MAIN?SHARE
  +--> ?PR?AUTO_SET_ALARM_VALUE?SHARE

?PR?AUTO_SET_ALARM_VALUE?SHARE                   -----    -----      019AH    0002H
  +--> ?PR?GET_INIT_MAIN?SHARE
  +--> ?PR?GET_INIT_STANDBY?SHARE
  +--> ?PR?_SET_ALARM_VALUE?SHARE
  +--> ?PR?_SET_PROTECT_VALUE?SHARE

?PR?REFRESH_LED?LEDPROCESS                       -----    -----      -----    -----
  +--> ?PR?LED_RUN?LEDPROCESS
  +--> ?PR?LED_ACO?LEDPROCESS
  +--> ?PR?LED_WORK_ALARM?LEDPROCESS

?PR?LED_ACO?LEDPROCESS                           -----    -----      -----    -----
  +--> ?PR?GET_MUTE_STATUS?SHARE

?PR?LED_WORK_ALARM?LEDPROCESS                    -----    -----      019AH    0001H
  +--> ?PR?GET_OPSWITCH_STATUS?HARDINFO

*** NEW ROOT ***************************************************

?PR?ISRTIME0?TIMER                               -----    -----      -----    -----
  +--> ?PR?UART1_TIMEOUT?UART1
  +--> ?PR?ADPROCESS?ADPROCESS

?PR?ADPROCESS?ADPROCESS                          0069H    0002H      -----    -----
  +--> ?PR?_AD_READ?ADCDRIVER
  +--> ?PR?PROTECT_OBP?PROTECTJ

?PR?_AD_READ?ADCDRIVER                           -----    -----      -----    -----
  +--> ?PR?AD_LATCH_AIN0?ADCDRIVER
  +--> ?PR?AD_LATCH_AIN1?ADCDRIVER
  +--> ?PR?AD_LATCH_AIN2?ADCDRIVER
  +--> ?PR?AD_LATCH_AIN3?ADCDRIVER
  +--> ?PR?AD_LATCH_AIN4?ADCDRIVER
  +--> ?PR?AD_LATCH_AIN5?ADCDRIVER
  +--> ?PR?AD_LATCH_AIN6?ADCDRIVER
  +--> ?PR?AD_LATCH_AIN7?ADCDRIVER
BL51 BANKED LINKER/LOCATER V5.03                                                      02/13/2012  10:59:11  PAGE 14


  +--> ?PR?AD_020_READ?ADCDRIVER

?PR?PROTECT_OBP?PROTECTJ                         -----    -----      -----    -----
  +--> ?PR?PROTECT_ACTION?PROTECTFUN



SYMBOL TABLE OF MODULE:  .\OUT\card_J_020 (?C_STARTUP)

  VALUE           TYPE          NAME
  ----------------------------------

  -------         MODULE        ?C_STARTUP
  C:320BH         SEGMENT       ?C_C51STARTUP
  I:0094H         SEGMENT       ?STACK
  C:0000H         PUBLIC        ?C_STARTUP
  D:00E0H         SYMBOL        ACC
  D:00F0H         SYMBOL        B
  D:0083H         SYMBOL        DPH
  D:0082H         SYMBOL        DPL
  N:0000H         SYMBOL        IBPSTACK
  N:0100H         SYMBOL        IBPSTACKTOP
  N:0080H         SYMBOL        IDATALEN
  C:320EH         SYMBOL        IDATALOOP
  N:0000H         SYMBOL        PBPSTACK
  N:0000H         SYMBOL        PBPSTACKTOP
  N:0000H         SYMBOL        PDATALEN
  N:0000H         SYMBOL        PDATASTART
  N:0000H         SYMBOL        PPAGE
  N:0000H         SYMBOL        PPAGEENABLE
  D:00A0H         SYMBOL        PPAGE_SFR
  D:0081H         SYMBOL        SP
  C:320BH         SYMBOL        STARTUP1
  N:0000H         SYMBOL        XBPSTACK
  N:0000H         SYMBOL        XBPSTACKTOP
  N:0000H         SYMBOL        XDATALEN
  N:0000H         SYMBOL        XDATASTART
  C:0000H         LINE#         92
  C:320BH         LINE#         99
  C:320DH         LINE#         100
  C:320EH         LINE#         101
  C:320FH         LINE#         102
  C:3211H         LINE#         151
  C:3214H         LINE#         155
  -------         ENDMOD        ?C_STARTUP

  -------         MODULE        AT24C16
  C:0000H         SYMBOL        _ICE_DUMMY_
  D:0080H         PUBLIC        P0
  D:00E8H         PUBLIC        ADC0CN
  D:00A8H         PUBLIC        IE
  C:27F4H         PUBLIC        _page_read_24c08
  D:00D8H         PUBLIC        PCA0CN
  D:00B8H         PUBLIC        IP
  C:34A3H         PUBLIC        _page_write_24c08
  D:00C0H         PUBLIC        SMB0CN
  C:0020H         PUBLIC        E2prom_Init
BL51 BANKED LINKER/LOCATER V5.03                                                      02/13/2012  10:59:11  PAGE 15


  D:00F8H         PUBLIC        SPI0CN
  D:0088H         PUBLIC        TCON
  B:0080H.7       PUBLIC        IIC_WP
  D:0098H         PUBLIC        SCON0
  D:00C8H         PUBLIC        T2CON
  D:00D0H         PUBLIC        PSW
  -------         PROC          E2PROM_INIT
  C:0020H         LINE#         31
  C:0020H         LINE#         32
  C:0020H         LINE#         33
  C:0022H         LINE#         34
  -------         ENDPROC       E2PROM_INIT
  -------         PROC          _PAGE_WRITE_24C08
  D:0006H         SYMBOL        addr
  D:0001H         SYMBOL        dat
  X:01B1H         SYMBOL        num
  -------         DO            
  X:01B2H         SYMBOL        contByte
  X:01B3H         SYMBOL        temp_num
  X:01B4H         SYMBOL        union1
  X:01B6H         SYMBOL        ptr_dat
  -------         ENDDO         
  C:34A3H         LINE#         37
  C:34A3H         LINE#         38
  C:34A3H         LINE#         43
  C:34A5H         LINE#         45
  C:34ADH         LINE#         46
  C:34B8H         LINE#         47
  C:34C0H         LINE#         48
  C:34CDH         LINE#         50
  C:34D0H         LINE#         51
  C:34D8H         LINE#         53
  C:34DEH         LINE#         54
  C:34E1H         LINE#         56
  C:34E9H         LINE#         58
  C:34EFH         LINE#         59
  C:34F2H         LINE#         61
  C:34FCH         LINE#         62
  C:34FCH         LINE#         63
  C:3513H         LINE#         64
  C:3516H         LINE#         65
  C:3518H         LINE#         67
  C:351BH         LINE#         69
  C:351DH         LINE#         71
  C:351FH         LINE#         72
  -------         ENDPROC       _PAGE_WRITE_24C08
  -------         PROC          _PAGE_READ_24C08
  D:0006H         SYMBOL        addr
  D:0001H         SYMBOL        dat
  X:01ADH         SYMBOL        num
  -------         DO            
  X:01AEH         SYMBOL        contByte
  X:01AFH         SYMBOL        union1
  X:01B1H         SYMBOL        len
  X:01B2H         SYMBOL        ptr_dat
  -------         ENDDO         
  C:27F4H         LINE#         76
BL51 BANKED LINKER/LOCATER V5.03                                                      02/13/2012  10:59:11  PAGE 16


  C:27F4H         LINE#         77
  C:27F4H         LINE#         83
  C:27F6H         LINE#         86
  C:2801H         LINE#         87
  C:2809H         LINE#         88
  C:2816H         LINE#         90
  C:2819H         LINE#         91
  C:2821H         LINE#         93
  C:2827H         LINE#         94
  C:282AH         LINE#         96
  C:2832H         LINE#         98
  C:2838H         LINE#         99
  C:283BH         LINE#         101
  C:283EH         LINE#         102
  C:284BH         LINE#         103
  C:284EH         LINE#         104
  C:2856H         LINE#         106
  C:285CH         LINE#         107
  C:285FH         LINE#         109
  C:2869H         LINE#         110
  C:2869H         LINE#         111
  C:286FH         LINE#         112
  C:2879H         LINE#         113
  C:2879H         LINE#         114
  C:2890H         LINE#         115
  C:2893H         LINE#         116
  C:2895H         LINE#         117
  C:2895H         LINE#         118
  C:28A7H         LINE#         119
  C:28AAH         LINE#         121
  C:28ACH         LINE#         122
  -------         ENDPROC       _PAGE_READ_24C08
  -------         ENDMOD        AT24C16

  -------         MODULE        DATAPROCESS
  C:0000H         SYMBOL        _ICE_DUMMY_
  C:000EH         SYMBOL        _read_nvram
  X:00B1H         PUBLIC        nvramBuffer
  C:42E4H         PUBLIC        _writeData
  C:3423H         PUBLIC        nvram_process
  C:2C27H         SYMBOL        _write_nvram
  X:013DH         PUBLIC        addr
  C:437AH         PUBLIC        nvram_process_init
  X:013FH         PUBLIC        dataLen
  C:0DF9H         PUBLIC        _nvram_conver
  C:42C2H         PUBLIC        _readData
  -------         PROC          _NVRAM_CONVER
  D:0007H         SYMBOL        cmdCode
  C:0DF9H         LINE#         19
  C:0DF9H         LINE#         20
  C:0DF9H         LINE#         21
  C:0E5DH         LINE#         22
  C:0E5DH         LINE#         23
  C:0E5DH         LINE#         24
  C:0E63H         LINE#         25
  C:0E6AH         LINE#         26
  C:0E6DH         LINE#         28
BL51 BANKED LINKER/LOCATER V5.03                                                      02/13/2012  10:59:11  PAGE 17


  C:0E6DH         LINE#         29
  C:0E73H         LINE#         30
  C:0E7CH         LINE#         31
  C:0E7FH         LINE#         33
  C:0E7FH         LINE#         34
  C:0E85H         LINE#         35
  C:0E8EH         LINE#         36
  C:0E91H         LINE#         38
  C:0E91H         LINE#         39
  C:0E97H         LINE#         40
  C:0EA0H         LINE#         41
  C:0EA3H         LINE#         43
  C:0EA3H         LINE#         44
  C:0EA9H         LINE#         45
  C:0EB2H         LINE#         46
  C:0EB5H         LINE#         48
  C:0EB5H         LINE#         49
  C:0EBBH         LINE#         50
  C:0EC4H         LINE#         51
  C:0EC7H         LINE#         53
  C:0EC7H         LINE#         54
  C:0ECDH         LINE#         55
  C:0ED6H         LINE#         56
  C:0ED9H         LINE#         58
  C:0ED9H         LINE#         59
  C:0EDFH         LINE#         60
  C:0EE8H         LINE#         61
  C:0EEBH         LINE#         63
  C:0EEBH         LINE#         64
  C:0EF1H         LINE#         65
  C:0EFAH         LINE#         66
  C:0EFDH         LINE#         85
  C:0EFDH         LINE#         86
  C:0F03H         LINE#         87
  C:0F0CH         LINE#         88
  C:0F0FH         LINE#         90
  C:0F0FH         LINE#         91
  C:0F15H         LINE#         92
  C:0F1EH         LINE#         93
  C:0F21H         LINE#         95
  C:0F21H         LINE#         96
  C:0F27H         LINE#         97
  C:0F30H         LINE#         98
  C:0F33H         LINE#         100
  C:0F33H         LINE#         101
  C:0F39H         LINE#         102
  C:0F42H         LINE#         103
  C:0F45H         LINE#         105
  C:0F45H         LINE#         106
  C:0F4BH         LINE#         107
  C:0F54H         LINE#         108
  C:0F57H         LINE#         110
  C:0F57H         LINE#         111
  C:0F5DH         LINE#         112
  C:0F66H         LINE#         113
  C:0F69H         LINE#         115
  C:0F69H         LINE#         116
BL51 BANKED LINKER/LOCATER V5.03                                                      02/13/2012  10:59:11  PAGE 18


  C:0F6FH         LINE#         117
  C:0F78H         LINE#         118
  C:0F7BH         LINE#         120
  C:0F7BH         LINE#         121
  C:0F81H         LINE#         122
  C:0F8AH         LINE#         123
  C:0F8DH         LINE#         125
  C:0F8DH         LINE#         126
  C:0F93H         LINE#         127
  C:0F9CH         LINE#         128
  C:0F9FH         LINE#         130
  C:0F9FH         LINE#         131
  C:0FA5H         LINE#         132
  C:0FAEH         LINE#         133
  C:0FB0H         LINE#         135
  C:0FB0H         LINE#         136
  C:0FB6H         LINE#         137
  C:0FBFH         LINE#         138
  C:0FC1H         LINE#         140
  C:0FC1H         LINE#         141
  C:0FC7H         LINE#         142
  C:0FD0H         LINE#         143
  C:0FD2H         LINE#         145
  C:0FD2H         LINE#         146
  C:0FD8H         LINE#         147
  C:0FE1H         LINE#         148
  C:0FE3H         LINE#         150
  C:0FE3H         LINE#         151
  C:0FE9H         LINE#         152
  C:0FF2H         LINE#         153
  C:0FF4H         LINE#         155
  C:0FF4H         LINE#         156
  C:0FFAH         LINE#         157
  C:1003H         LINE#         158
  C:1005H         LINE#         160
  C:1005H         LINE#         161
  C:100BH         LINE#         162
  C:1014H         LINE#         163
  C:1016H         LINE#         165
  C:1016H         LINE#         166
  C:101CH         LINE#         167
  C:1025H         LINE#         168
  C:1027H         LINE#         171
  C:1027H         LINE#         172
  C:102AH         LINE#         173
  C:102AH         LINE#         175
  C:102CH         LINE#         176
  -------         ENDPROC       _NVRAM_CONVER
  -------         PROC          _READDATA
  D:0007H         SYMBOL        cmdCode
  D:0001H         SYMBOL        ptr
  -------         DO            
  D:0001H         SYMBOL        buff
  -------         ENDDO         
  C:42C2H         LINE#         179
  C:42C2H         LINE#         180
  C:42C2H         LINE#         183
BL51 BANKED LINKER/LOCATER V5.03                                                      02/13/2012  10:59:11  PAGE 19


  C:42C8H         LINE#         184
  C:42CBH         LINE#         187
  C:42CBH         LINE#         189
  C:42DFH         LINE#         190
  C:42E1H         LINE#         192
  C:42E3H         LINE#         193
  -------         ENDPROC       _READDATA
  -------         PROC          _WRITEDATA
  D:0007H         SYMBOL        cmdCode
  D:0001H         SYMBOL        ptr
  -------         DO            
  D:0001H         SYMBOL        buff
  -------         ENDDO         
  C:42E4H         LINE#         197
  C:42E4H         LINE#         198
  C:42E4H         LINE#         201
  C:42EAH         LINE#         202
  C:42EDH         LINE#         205
  C:42EDH         LINE#         207
  C:4301H         LINE#         208
  C:4303H         LINE#         210
  C:4305H         LINE#         211
  -------         ENDPROC       _WRITEDATA
  -------         PROC          _WRITE_NVRAM
  X:01ABH         SYMBOL        buffer
  D:0004H         SYMBOL        address
  X:01B0H         SYMBOL        length
  -------         DO            
  D:0007H         SYMBOL        i
  X:01B1H         SYMBOL        ptr
  -------         ENDDO         
  C:2C27H         LINE#         215
  C:2C32H         LINE#         216
  C:2C32H         LINE#         220
  C:2C34H         LINE#         221
  C:2C34H         LINE#         222
  C:2C45H         LINE#         223
  C:2C45H         LINE#         224
  C:2C4AH         LINE#         226
  C:2C5FH         LINE#         227
  C:2C72H         LINE#         229
  C:2C8BH         LINE#         230
  C:2C97H         LINE#         231
  C:2C97H         LINE#         232
  C:2CBFH         LINE#         233
  C:2CC2H         LINE#         235
  C:2CC4H         LINE#         237
  -------         ENDPROC       _WRITE_NVRAM
  -------         PROC          _READ_NVRAM
  D:0001H         SYMBOL        buffer
  D:0004H         SYMBOL        address
  X:01A7H         SYMBOL        length
  C:000EH         LINE#         239
  C:000EH         LINE#         240
  C:000EH         LINE#         242
  C:001DH         LINE#         244
  C:001FH         LINE#         245
BL51 BANKED LINKER/LOCATER V5.03                                                      02/13/2012  10:59:11  PAGE 20


  -------         ENDPROC       _READ_NVRAM
  -------         PROC          NVRAM_PROCESS_INIT
  -------         DO            
  D:0007H         SYMBOL        i
  -------         ENDDO         
  C:437AH         LINE#         247
  C:437AH         LINE#         248
  C:437AH         LINE#         251
  C:437DH         LINE#         253
  C:437FH         LINE#         254
  C:437FH         LINE#         255
  C:438FH         LINE#         256
  C:4394H         LINE#         258
  -------         ENDPROC       NVRAM_PROCESS_INIT
  -------         PROC          NVRAM_PROCESS
  -------         DO            
  X:01ABH         SYMBOL        i
  -------         ENDDO         
  C:3423H         LINE#         261
  C:3423H         LINE#         262
  C:3423H         LINE#         265
  C:3432H         LINE#         266
  C:3432H         LINE#         267
  C:3443H         LINE#         268
  C:3443H         LINE#         269
  C:3486H         LINE#         270
  C:3499H         LINE#         271
  C:349AH         LINE#         272
  C:349AH         LINE#         273
  C:34A2H         LINE#         275
  -------         ENDPROC       NVRAM_PROCESS
  -------         ENDMOD        DATAPROCESS

  -------         MODULE        I2C
  C:0000H         SYMBOL        _ICE_DUMMY_
  D:0080H         PUBLIC        P0
  C:3D19H         PUBLIC        _i2c_writeByte
  D:00E8H         PUBLIC        ADC0CN
  D:00A8H         PUBLIC        IE
  C:35FBH         PUBLIC        i2c_start
  C:3660H         PUBLIC        i2c_readByte
  D:00D8H         PUBLIC        PCA0CN
  D:00B8H         PUBLIC        IP
  C:3DF9H         PUBLIC        i2c_send_ack
  D:00C0H         PUBLIC        SMB0CN
  C:3C5BH         PUBLIC        i2c_stop
  D:00F8H         PUBLIC        SPI0CN
  C:331DH         PUBLIC        i2c_get_ack
  D:0088H         PUBLIC        TCON
  B:0080H.5       PUBLIC        SDA
  B:0080H.6       PUBLIC        SCL
  D:0098H         PUBLIC        SCON0
  D:00C8H         PUBLIC        T2CON
  D:00D0H         PUBLIC        PSW
  -------         PROC          I2C_START
  C:35FBH         LINE#         16
  C:35FBH         LINE#         17
BL51 BANKED LINKER/LOCATER V5.03                                                      02/13/2012  10:59:11  PAGE 21


  C:35FBH         LINE#         18
  C:361FH         LINE#         19
  C:3621H         LINE#         21
  C:362DH         LINE#         22
  C:362FH         LINE#         24
  C:363BH         LINE#         26
  C:365FH         LINE#         27
  -------         ENDPROC       I2C_START
  -------         PROC          I2C_STOP
  C:3C5BH         LINE#         30
  C:3C5BH         LINE#         31
  C:3C5BH         LINE#         32
  C:3C5DH         LINE#         34
  C:3C69H         LINE#         36
  C:3C8DH         LINE#         38
  C:3C99H         LINE#         40
  C:3C9BH         LINE#         41
  -------         ENDPROC       I2C_STOP
  -------         PROC          I2C_GET_ACK
  C:331DH         LINE#         45
  C:331DH         LINE#         46
  C:331DH         LINE#         47
  C:331FH         LINE#         49
  C:332BH         LINE#         51
  C:334FH         LINE#         53
  C:3352H         LINE#         54
  C:3352H         LINE#         55
  C:3376H         LINE#         56
  C:3379H         LINE#         57
  C:3379H         LINE#         59
  C:3379H         LINE#         60
  C:339DH         LINE#         61
  C:339FH         LINE#         62
  C:339FH         LINE#         63
  -------         ENDPROC       I2C_GET_ACK
  -------         PROC          I2C_SEND_ACK
  C:3DF9H         LINE#         66
  C:3DF9H         LINE#         67
  C:3DF9H         LINE#         68
  C:3DFBH         LINE#         70
  C:3E07H         LINE#         72
  C:3E2BH         LINE#         74
  C:3E2DH         LINE#         75
  -------         ENDPROC       I2C_SEND_ACK
  -------         PROC          _I2C_WRITEBYTE
  D:0007H         SYMBOL        dat
  -------         DO            
  D:0006H         SYMBOL        i
  D:0007H         SYMBOL        temp
  -------         ENDDO         
  C:3D19H         LINE#         86
  C:3D19H         LINE#         87
  C:3D19H         LINE#         91
  C:3D19H         LINE#         92
  C:3D1BH         LINE#         93
  C:3D1BH         LINE#         94
  C:3D1FH         LINE#         95
BL51 BANKED LINKER/LOCATER V5.03                                                      02/13/2012  10:59:11  PAGE 22


  C:3D23H         LINE#         97
  C:3D25H         LINE#         99
  C:3D29H         LINE#         100
  C:3D4DH         LINE#         101
  C:3D52H         LINE#         102
  -------         ENDPROC       _I2C_WRITEBYTE
  -------         PROC          I2C_READBYTE
  -------         DO            
  D:0006H         SYMBOL        dat
  D:0007H         SYMBOL        i
  -------         ENDDO         
  C:3660H         LINE#         105
  C:3660H         LINE#         106
  C:3660H         LINE#         110
  C:3662H         LINE#         111
  C:3664H         LINE#         112
  C:366AH         LINE#         113
  C:366AH         LINE#         114
  C:366EH         LINE#         115
  C:3692H         LINE#         116
  C:3695H         LINE#         117
  C:3698H         LINE#         118
  C:369AH         LINE#         119
  C:36BEH         LINE#         121
  C:36C0H         LINE#         122
  -------         ENDPROC       I2C_READBYTE
  -------         ENDMOD        I2C

  -------         MODULE        LEDPROCESS
  C:0000H         SYMBOL        _ICE_DUMMY_
  D:0090H         PUBLIC        P1
  D:00A0H         PUBLIC        P2
  D:00B0H         PUBLIC        P3
  D:0084H         PUBLIC        P4
  C:44CEH         PUBLIC        Led_Aco
  C:4553H         PUBLIC        refresh_led
  D:00E8H         PUBLIC        ADC0CN
  D:00A8H         PUBLIC        IE
  D:00D8H         PUBLIC        PCA0CN
  D:00B8H         PUBLIC        IP
  D:00C0H         PUBLIC        SMB0CN
  C:454AH         PUBLIC        Led_Run
  D:00F8H         PUBLIC        SPI0CN
  B:00B0H.0       PUBLIC        bLedRun
  D:0088H         PUBLIC        TCON
  D:0098H         PUBLIC        SCON0
  D:00C8H         PUBLIC        T2CON
  C:3592H         PUBLIC        Led_Work_Alarm
  B:00A0H.4       PUBLIC        bLedWorkM
  B:00A0H.3       PUBLIC        bLedWorkS
  D:00D0H         PUBLIC        PSW
  -------         PROC          LED_RUN
  C:454AH         LINE#         41
  C:454AH         LINE#         42
  C:454AH         LINE#         43
  C:454DH         LINE#         44
  C:4550H         LINE#         46
BL51 BANKED LINKER/LOCATER V5.03                                                      02/13/2012  10:59:11  PAGE 23


  C:4552H         LINE#         47
  -------         ENDPROC       LED_RUN
  -------         PROC          LED_ACO
  C:44CEH         LINE#         49
  C:44CEH         LINE#         50
  C:44CEH         LINE#         51
  C:44D4H         LINE#         52
  C:44D8H         LINE#         54
  C:44DBH         LINE#         55
  -------         ENDPROC       LED_ACO
  -------         PROC          LED_WORK_ALARM
  -------         DO            
  B:0027H.2       SYMBOL        flashFlag
  X:019AH         SYMBOL        iLedStatus
  -------         ENDDO         
  C:3592H         LINE#         60
  C:3592H         LINE#         61
  C:3592H         LINE#         65
  C:3594H         LINE#         66
  C:359AH         LINE#         70
  C:35A0H         LINE#         71
  C:35A0H         LINE#         72
  C:35A2H         LINE#         73
  C:35A4H         LINE#         75
  C:35A6H         LINE#         77
  C:35A6H         LINE#         78
  C:35A8H         LINE#         79
  C:35AAH         LINE#         81
  C:35AAH         LINE#         83
  C:35B7H         LINE#         84
  C:35B7H         LINE#         85
  C:35BAH         LINE#         86
  C:35BAH         LINE#         87
  C:35BCH         LINE#         88
  C:35BEH         LINE#         89
  C:35BEH         LINE#         90
  C:35BEH         LINE#         97
  C:35C1H         LINE#         98
  C:35C1H         LINE#         99
  C:35C8H         LINE#         100
  C:35CAH         LINE#         101
  C:35D1H         LINE#         102
  C:35D1H         LINE#         103
  C:35D4H         LINE#         104
  C:35D4H         LINE#         105
  C:35D6H         LINE#         107
  C:35D6H         LINE#         108
  C:35D9H         LINE#         109
  C:35D9H         LINE#         113
  C:35DCH         LINE#         114
  C:35DCH         LINE#         115
  C:35E3H         LINE#         116
  C:35E5H         LINE#         117
  C:35ECH         LINE#         118
  C:35ECH         LINE#         119
  C:35EFH         LINE#         120
  C:35EFH         LINE#         121
BL51 BANKED LINKER/LOCATER V5.03                                                      02/13/2012  10:59:11  PAGE 24


  C:35F1H         LINE#         123
  C:35F1H         LINE#         124
  C:35F4H         LINE#         125
  C:35F4H         LINE#         128
  C:35FAH         LINE#         129
  -------         ENDPROC       LED_WORK_ALARM
  -------         PROC          REFRESH_LED
  C:4553H         LINE#         132
  C:4553H         LINE#         133
  C:4553H         LINE#         134
  C:4556H         LINE#         135
  C:4559H         LINE#         136
  -------         ENDPROC       REFRESH_LED
  -------         ENDMOD        LEDPROCESS

  -------         MODULE        MAIN
  C:0000H         SYMBOL        _ICE_DUMMY_
  B:00A8H.7       PUBLIC        EA
  D:00E8H         PUBLIC        ADC0CN
  D:00A8H         PUBLIC        IE
  D:00D8H         PUBLIC        PCA0CN
  D:00B8H         PUBLIC        IP
  D:00C0H         PUBLIC        SMB0CN
  C:1C55H         PUBLIC        main
  D:00F8H         PUBLIC        SPI0CN
  D:0088H         PUBLIC        TCON
  D:0098H         PUBLIC        SCON0
  D:00C8H         PUBLIC        T2CON
  D:00D0H         PUBLIC        PSW
  -------         PROC          MAIN
  -------         DO            
  X:0198H         SYMBOL        index
  X:0199H         SYMBOL        cCardTypeTmp
  -------         ENDDO         
  C:1C55H         LINE#         53
  C:1C55H         LINE#         54
  C:1C55H         LINE#         60
  C:1C57H         LINE#         63
  C:1C5AH         LINE#         64
  C:1C5DH         LINE#         67
  C:1C60H         LINE#         69
  C:1C63H         LINE#         71
  C:1C66H         LINE#         73
  C:1C69H         LINE#         74
  C:1C6CH         LINE#         76
  C:1C6FH         LINE#         78
  C:1C72H         LINE#         79
  C:1C75H         LINE#         80
  C:1C78H         LINE#         81
  C:1C7BH         LINE#         85
  C:1C7DH         LINE#         87
  C:1C8BH         LINE#         88
  C:1C8BH         LINE#         89
  C:1C8EH         LINE#         90
  C:1C8EH         LINE#         91
  C:1C90H         LINE#         92
  C:1C93H         LINE#         94
BL51 BANKED LINKER/LOCATER V5.03                                                      02/13/2012  10:59:11  PAGE 25


  C:1C96H         LINE#         95
  C:1C99H         LINE#         97
  C:1C9CH         LINE#         99
  C:1C9FH         LINE#         100
  C:1C9FH         LINE#         101
  C:1CA1H         LINE#         104
  C:1CA9H         LINE#         105
  C:1CABH         LINE#         106
  C:1CB1H         LINE#         108
  C:1CB1H         LINE#         109
  C:1CB1H         LINE#         111
  C:1CB4H         LINE#         113
  C:1CB7H         LINE#         114
  C:1CB7H         LINE#         115
  C:1CB9H         LINE#         116
  C:1CBCH         LINE#         118
  C:1CBFH         LINE#         119
  C:1CC1H         LINE#         120
  C:1CC4H         LINE#         121
  C:1CC4H         LINE#         122
  C:1CC6H         LINE#         123
  C:1CCCH         LINE#         125
  C:1CD0H         LINE#         126
  C:1CD0H         LINE#         127
  C:1CD3H         LINE#         128
  C:1CD6H         LINE#         129
  C:1CD6H         LINE#         130
  C:1CD9H         LINE#         132
  C:1CDCH         LINE#         134
  C:1D28H         LINE#         135
  C:1D28H         LINE#         136
  C:1D28H         LINE#         137
  C:1D28H         LINE#         138
  C:1D28H         LINE#         139
  C:1D28H         LINE#         140
  C:1D2BH         LINE#         141
  C:1D2EH         LINE#         142
  C:1D30H         LINE#         144
  C:1D30H         LINE#         145
  C:1D30H         LINE#         146
  C:1D30H         LINE#         147
  C:1D30H         LINE#         148
  C:1D33H         LINE#         149
  C:1D36H         LINE#         151
  C:1D36H         LINE#         152
  C:1D36H         LINE#         153
  C:1D36H         LINE#         154
  C:1D36H         LINE#         156
  C:1D3FH         LINE#         157
  C:1D41H         LINE#         158
  C:1D44H         LINE#         160
  C:1D44H         LINE#         161
  C:1D47H         LINE#         162
  C:1D4AH         LINE#         164
  C:1D4AH         LINE#         166
  C:1D4DH         LINE#         167
  C:1D50H         LINE#         169
BL51 BANKED LINKER/LOCATER V5.03                                                      02/13/2012  10:59:11  PAGE 26


  C:1D50H         LINE#         171
  C:1D50H         LINE#         173
  C:1D50H         LINE#         174
  C:1D53H         LINE#         175
  C:1D56H         LINE#         177
  C:1D56H         LINE#         178
  C:1D56H         LINE#         180
  C:1D5DH         LINE#         182
  C:1D60H         LINE#         183
  C:1D65H         LINE#         184
  C:1D68H         LINE#         186
  C:1D68H         LINE#         187
  C:1D68H         LINE#         189
  C:1D68H         LINE#         190
  C:1D68H         LINE#         191
  C:1D6BH         LINE#         192
  C:1D71H         LINE#         193
  -------         ENDPROC       MAIN
  -------         ENDMOD        MAIN

  -------         MODULE        MCUINIT
  C:0000H         SYMBOL        _ICE_DUMMY_
  D:00A0H         PUBLIC        P2
  D:00B0H         PUBLIC        P3
  D:00E8H         PUBLIC        ADC0CN
  D:00A4H         PUBLIC        P0MDOUT
  D:00A5H         PUBLIC        P1MDOUT
  D:00A8H         PUBLIC        IE
  D:00A6H         PUBLIC        P2MDOUT
  D:00A7H         PUBLIC        P3MDOUT
  C:4326H         PUBLIC        Port_IO_Init
  D:00D8H         PUBLIC        PCA0CN
  D:00B8H         PUBLIC        IP
  D:00E1H         PUBLIC        XBR0
  D:00E3H         PUBLIC        XBR2
  D:00C0H         PUBLIC        SMB0CN
  D:00F8H         PUBLIC        SPI0CN
  D:00B5H         PUBLIC        P74OUT
  D:0088H         PUBLIC        TCON
  C:4342H         PUBLIC        ExtCrystalOsc_Init
  D:00B2H         PUBLIC        OSCICN
  D:00B1H         PUBLIC        OSCXCN
  C:44F8H         PUBLIC        SysClk_Init
  D:0098H         PUBLIC        SCON0
  D:00C8H         PUBLIC        T2CON
  D:00D0H         PUBLIC        PSW
  -------         PROC          PORT_IO_INIT
  C:4326H         LINE#         10
  C:4326H         LINE#         11
  C:4326H         LINE#         13
  C:4329H         LINE#         14
  C:432CH         LINE#         15
  C:432FH         LINE#         16
  C:4332H         LINE#         17
  C:4335H         LINE#         18
  C:4338H         LINE#         19
  C:433BH         LINE#         26
BL51 BANKED LINKER/LOCATER V5.03                                                      02/13/2012  10:59:11  PAGE 27


  C:433EH         LINE#         27
  C:4341H         LINE#         30
  -------         ENDPROC       PORT_IO_INIT
  -------         PROC          SYSCLK_INIT
  C:44F8H         LINE#         33
  C:44F8H         LINE#         34
  C:44F8H         LINE#         35
  C:44FEH         LINE#         36
  C:4504H         LINE#         37
  -------         ENDPROC       SYSCLK_INIT
  -------         PROC          EXTCRYSTALOSC_INIT
  C:4342H         LINE#         40
  C:4342H         LINE#         41
  C:4342H         LINE#         42
  C:4345H         LINE#         43
  C:434BH         LINE#         45
  C:4352H         LINE#         46
  C:4357H         LINE#         47
  C:4357H         LINE#         48
  C:435DH         LINE#         49
  C:435DH         LINE#         50
  C:435DH         LINE#         51
  -------         ENDPROC       EXTCRYSTALOSC_INIT
  -------         ENDMOD        MCUINIT

  -------         MODULE        MCUPROCESS
  C:0000H         SYMBOL        _ICE_DUMMY_
  D:00E8H         PUBLIC        ADC0CN
  D:00A8H         PUBLIC        IE
  C:4512H         PUBLIC        Mcu_Start_Init
  D:00D8H         PUBLIC        PCA0CN
  D:00B8H         PUBLIC        IP
  D:00C0H         PUBLIC        SMB0CN
  D:00F8H         PUBLIC        SPI0CN
  D:0088H         PUBLIC        TCON
  D:0098H         PUBLIC        SCON0
  D:00C8H         PUBLIC        T2CON
  D:00D0H         PUBLIC        PSW
  -------         PROC          MCU_START_INIT
  C:4512H         LINE#         4
  C:4512H         LINE#         5
  C:4512H         LINE#         6
  C:4515H         LINE#         7
  C:4518H         LINE#         8
  C:451BH         LINE#         9
  -------         ENDPROC       MCU_START_INIT
  -------         ENDMOD        MCUPROCESS

  -------         MODULE        WDTPROCESS
  C:0000H         SYMBOL        _ICE_DUMMY_
  D:00FFH         PUBLIC        WDTCN
  D:0084H         PUBLIC        P4
  D:00E8H         PUBLIC        ADC0CN
  C:46DBH         PUBLIC        WatchDog_Init
  D:00A8H         PUBLIC        IE
  C:4505H         PUBLIC        WatchDog
  D:00D8H         PUBLIC        PCA0CN
BL51 BANKED LINKER/LOCATER V5.03                                                      02/13/2012  10:59:11  PAGE 28


  D:00B8H         PUBLIC        IP
  C:46E4H         PUBLIC        Soft_WDT_Enable
  D:00C0H         PUBLIC        SMB0CN
  D:00F8H         PUBLIC        SPI0CN
  D:0088H         PUBLIC        TCON
  D:0098H         PUBLIC        SCON0
  D:00C8H         PUBLIC        T2CON
  C:460EH         PUBLIC        Soft_WDT_Disnable
  D:00D0H         PUBLIC        PSW
  -------         PROC          WATCHDOG
  C:4505H         LINE#         4
  C:4505H         LINE#         5
  C:4505H         LINE#         8
  C:450AH         LINE#         9
  C:450AH         LINE#         10
  C:450DH         LINE#         11
  C:450EH         LINE#         13
  C:450EH         LINE#         14
  C:4511H         LINE#         15
  C:4511H         LINE#         16
  -------         ENDPROC       WATCHDOG
  -------         PROC          SOFT_WDT_ENABLE
  C:46E4H         LINE#         19
  C:46E4H         LINE#         20
  C:46E4H         LINE#         22
  -------         ENDPROC       SOFT_WDT_ENABLE
  -------         PROC          SOFT_WDT_DISNABLE
  C:460EH         LINE#         24
  C:460EH         LINE#         25
  C:460EH         LINE#         26
  C:4611H         LINE#         27
  C:4614H         LINE#         28
  -------         ENDPROC       SOFT_WDT_DISNABLE
  -------         PROC          WATCHDOG_INIT
  C:46DBH         LINE#         30
  C:46DBH         LINE#         31
  C:46DBH         LINE#         32
  -------         ENDPROC       WATCHDOG_INIT
  -------         ENDMOD        WDTPROCESS

  -------         MODULE        ADCDRIVER
  C:0000H         SYMBOL        _ICE_DUMMY_
  D:00BCH         PUBLIC        ADC0CF
  D:00E8H         PUBLIC        ADC0CN
  D:00A8H         PUBLIC        IE
  D:00D8H         PUBLIC        PCA0CN
  D:00B8H         PUBLIC        IP
  D:00D1H         PUBLIC        REF0CN
  D:00BAH         PUBLIC        AMX0CF
  D:00C0H         PUBLIC        SMB0CN
  D:00F8H         PUBLIC        SPI0CN
  D:0088H         PUBLIC        TCON
  D:00BBH         PUBLIC        AMX0SL
  C:3D8DH         PUBLIC        Adc0_SFR_CNF
  X:020DH         PUBLIC        iAdDataTmp
  D:00BFH         PUBLIC        ADC0H
  D:00BEH         PUBLIC        ADC0L
BL51 BANKED LINKER/LOCATER V5.03                                                      02/13/2012  10:59:11  PAGE 29


  D:0067H         PUBLIC        adResult
  C:46E5H         PUBLIC        Adc_Data_Init
  C:46BBH         PUBLIC        Ad_Latch_AIN0
  C:46BFH         PUBLIC        Ad_Latch_AIN1
  C:46C3H         PUBLIC        Ad_Latch_AIN2
  C:46C7H         PUBLIC        Ad_Latch_AIN3
  C:46CBH         PUBLIC        Ad_Latch_AIN4
  C:3780H         PUBLIC        _Ad_Read
  C:46CFH         PUBLIC        Ad_Latch_AIN5
  C:46D3H         PUBLIC        Ad_Latch_AIN6
  D:0098H         PUBLIC        SCON0
  C:46D7H         PUBLIC        Ad_Latch_AIN7
  D:00C8H         PUBLIC        T2CON
  C:3DC3H         PUBLIC        Ad_020_Read
  D:00D0H         PUBLIC        PSW
  -------         PROC          ADC0_SFR_CNF
  C:3D8DH         LINE#         8
  C:3D8DH         LINE#         9
  C:3D8DH         LINE#         10
  C:3D9DH         LINE#         11
  C:3DA0H         LINE#         12
  C:3DB2H         LINE#         14
  C:3DC2H         LINE#         20
  -------         ENDPROC       ADC0_SFR_CNF
  -------         PROC          ADC_DATA_INIT
  C:46E5H         LINE#         23
  C:46E5H         LINE#         24
  C:46E5H         LINE#         26
  -------         ENDPROC       ADC_DATA_INIT
  -------         PROC          AD_LATCH_AIN0
  C:46BBH         LINE#         29
  C:46BBH         LINE#         30
  C:46BBH         LINE#         31
  C:46BEH         LINE#         32
  -------         ENDPROC       AD_LATCH_AIN0
  -------         PROC          AD_LATCH_AIN1
  C:46BFH         LINE#         34
  C:46BFH         LINE#         35
  C:46BFH         LINE#         36
  C:46C2H         LINE#         37
  -------         ENDPROC       AD_LATCH_AIN1
  -------         PROC          AD_LATCH_AIN2
  C:46C3H         LINE#         39
  C:46C3H         LINE#         40
  C:46C3H         LINE#         41
  C:46C6H         LINE#         42
  -------         ENDPROC       AD_LATCH_AIN2
  -------         PROC          AD_LATCH_AIN3
  C:46C7H         LINE#         44
  C:46C7H         LINE#         45
  C:46C7H         LINE#         46
  C:46CAH         LINE#         47
  -------         ENDPROC       AD_LATCH_AIN3
  -------         PROC          AD_LATCH_AIN4
  C:46CBH         LINE#         49
  C:46CBH         LINE#         50
  C:46CBH         LINE#         51
BL51 BANKED LINKER/LOCATER V5.03                                                      02/13/2012  10:59:11  PAGE 30


  C:46CEH         LINE#         52
  -------         ENDPROC       AD_LATCH_AIN4
  -------         PROC          AD_LATCH_AIN5
  C:46CFH         LINE#         54
  C:46CFH         LINE#         55
  C:46CFH         LINE#         56
  C:46D2H         LINE#         57
  -------         ENDPROC       AD_LATCH_AIN5
  -------         PROC          AD_LATCH_AIN6
  C:46D3H         LINE#         59
  C:46D3H         LINE#         60
  C:46D3H         LINE#         61
  C:46D6H         LINE#         62
  -------         ENDPROC       AD_LATCH_AIN6
  -------         PROC          AD_LATCH_AIN7
  C:46D7H         LINE#         64
  C:46D7H         LINE#         65
  C:46D7H         LINE#         66
  C:46DAH         LINE#         67
  -------         ENDPROC       AD_LATCH_AIN7
  -------         PROC          AD_020_READ
  -------         DO            
  D:0007H         SYMBOL        cFlag
  -------         ENDDO         
  C:3DC3H         LINE#         71
  C:3DC3H         LINE#         72
  C:3DC3H         LINE#         75
  C:3DC6H         LINE#         76
  C:3DC9H         LINE#         77
  C:3DCCH         LINE#         79
  C:3DCEH         LINE#         80
  C:3DD2H         LINE#         81
  C:3DD2H         LINE#         82
  C:3DD7H         LINE#         84
  C:3DD9H         LINE#         86
  C:3DDBH         LINE#         87
  C:3DDEH         LINE#         88
  C:3DDEH         LINE#         89
  C:3DE3H         LINE#         91
  C:3DE5H         LINE#         94
  C:3DEBH         LINE#         95
  C:3DEEH         LINE#         96
  C:3DF8H         LINE#         97
  -------         ENDPROC       AD_020_READ
  -------         PROC          _AD_READ
  D:0007H         SYMBOL        cChannel
  C:3780H         LINE#         100
  C:3780H         LINE#         101
  C:3780H         LINE#         102
  C:37AAH         LINE#         103
  C:37AAH         LINE#         104
  C:37AAH         LINE#         105
  C:37AAH         LINE#         106
  C:37ADH         LINE#         107
  C:37AFH         LINE#         109
  C:37AFH         LINE#         110
  C:37B2H         LINE#         111
BL51 BANKED LINKER/LOCATER V5.03                                                      02/13/2012  10:59:11  PAGE 31


  C:37B4H         LINE#         113
  C:37B4H         LINE#         114
  C:37B7H         LINE#         115
  C:37B9H         LINE#         117
  C:37B9H         LINE#         118
  C:37BCH         LINE#         119
  C:37BEH         LINE#         121
  C:37BEH         LINE#         122
  C:37C1H         LINE#         123
  C:37C3H         LINE#         125
  C:37C3H         LINE#         126
  C:37C6H         LINE#         127
  C:37C8H         LINE#         129
  C:37C8H         LINE#         130
  C:37CBH         LINE#         131
  C:37CDH         LINE#         133
  C:37CDH         LINE#         134
  C:37D0H         LINE#         135
  C:37D0H         LINE#         137
  C:37D0H         LINE#         139
  C:37D3H         LINE#         141
  C:37DBH         LINE#         142
  -------         ENDPROC       _AD_READ
  -------         ENDMOD        ADCDRIVER

  -------         MODULE        ADPROCESS
  C:0000H         SYMBOL        _ICE_DUMMY_
  B:00A8H.7       PUBLIC        EA
  C:3986H         PUBLIC        ad_variable_init
  D:00E8H         PUBLIC        ADC0CN
  D:0052H         PUBLIC        iAdData
  D:00A8H         PUBLIC        IE
  C:46B6H         PUBLIC        _power_process_null
  D:00D8H         PUBLIC        PCA0CN
  D:00B8H         PUBLIC        IP
  D:00C0H         PUBLIC        SMB0CN
  C:33A0H         PUBLIC        adProcess
  I:006CH         PUBLIC        standbyTmp
  D:00F8H         PUBLIC        SPI0CN
  D:0088H         PUBLIC        TCON
  C:4638H         PUBLIC        ad_process_init
  C:2CC5H         PUBLIC        _average_power
  D:0062H         PUBLIC        adCount
  I:0080H         PUBLIC        mainTmp
  D:0098H         PUBLIC        SCON0
  D:00C8H         PUBLIC        T2CON
  C:46DEH         PUBLIC        ADC0_Init
  D:00D0H         PUBLIC        PSW
  -------         PROC          _AVERAGE_POWER
  D:0007H         SYMBOL        channel
  -------         DO            
  D:0007H         SYMBOL        i
  X:019FH         SYMBOL        ptr
  X:01A2H         SYMBOL        sum
  -------         ENDDO         
  C:2CC5H         LINE#         38
  C:2CC5H         LINE#         39
[...]
  C:266BH         LINE#         94
  C:266BH         LINE#         99
  C:2679H         LINE#         101
  C:2690H         LINE#         102
  C:2693H         LINE#         103
  C:26A8H         LINE#         104
  C:26ABH         LINE#         106
  C:26BFH         LINE#         107
  C:26C1H         LINE#         109
BL51 BANKED LINKER/LOCATER V5.03                                                      02/13/2012  10:59:11  PAGE 82


  C:26D7H         LINE#         110
  C:26DAH         LINE#         111
  C:26EAH         LINE#         112
  C:26EDH         LINE#         115
  C:26FBH         LINE#         116
  C:26FDH         LINE#         118
  C:2703H         LINE#         119
  C:271AH         LINE#         121
  C:272BH         LINE#         122
  C:272EH         LINE#         124
  C:2730H         LINE#         125
  -------         ENDPROC       UART1_TO_NET_RX_FCS
  -------         PROC          _UART1_TO_CARD_RX_FCS
  D:0001H         SYMBOL        fcsPtr
  -------         DO            
  D:0006H         SYMBOL        sum
  D:0001H         SYMBOL        ptr
  D:0005H         SYMBOL        i
  D:0007H         SYMBOL        cBufferLen
  -------         ENDDO         
  C:4025H         LINE#         130
  C:4025H         LINE#         131
  C:4025H         LINE#         138
  C:4025H         LINE#         139
  C:402CH         LINE#         140
  C:402EH         LINE#         142
  C:4034H         LINE#         143
  C:4034H         LINE#         144
  C:4039H         LINE#         145
  C:4043H         LINE#         147
  C:4047H         LINE#         148
  C:404AH         LINE#         150
  C:404CH         LINE#         151
  -------         ENDPROC       _UART1_TO_CARD_RX_FCS
  -------         PROC          UART1_SEND_TO_CTRLBOARD
  C:3CDCH         LINE#         155
  C:3CDCH         LINE#         156
  C:3CDCH         LINE#         160
  C:3CEAH         LINE#         162
  C:3CF0H         LINE#         163
  C:3CF4H         LINE#         164
  C:3CFCH         LINE#         166
  C:3D16H         LINE#         168
  C:3D18H         LINE#         171
  -------         ENDPROC       UART1_SEND_TO_CTRLBOARD
  -------         PROC          UART1_SEND_TO_NET
  -------         DO            
  X:019EH         SYMBOL        ptr
  X:01A1H         SYMBOL        cSlotTmp
  -------         ENDDO         
  C:1978H         LINE#         176
  C:1978H         LINE#         177
  C:1978H         LINE#         181
  C:198DH         LINE#         183
  C:199BH         LINE#         184
  C:19A2H         LINE#         187
  C:19AEH         LINE#         188
BL51 BANKED LINKER/LOCATER V5.03                                                      02/13/2012  10:59:11  PAGE 83


  C:19AEH         LINE#         189
  C:19C0H         LINE#         190
  C:19C5H         LINE#         191
  C:19C7H         LINE#         192
  C:19C9H         LINE#         194
  C:19DBH         LINE#         196
  C:19EFH         LINE#         197
  C:1A0AH         LINE#         198
  C:1A1EH         LINE#         199
  C:1A33H         LINE#         200
  C:1A4CH         LINE#         201
  C:1A65H         LINE#         202
  C:1A79H         LINE#         203
  C:1A8DH         LINE#         207
  C:1AA4H         LINE#         210
  C:1AB8H         LINE#         211
  C:1ACCH         LINE#         212
  C:1AE0H         LINE#         215
  C:1AF8H         LINE#         217
  C:1B06H         LINE#         219
  C:1B0CH         LINE#         220
  C:1B0EH         LINE#         221
  -------         ENDPROC       UART1_SEND_TO_NET
  -------         PROC          UART_SEND
  -------         DO            
  X:0214H         SYMBOL        cTmp
  -------         ENDDO         
  C:46EBH         LINE#         227
  C:46EBH         LINE#         228
  C:46EBH         LINE#         239
  -------         ENDPROC       UART_SEND
  -------         PROC          UART1_TIMEOUT
  C:3A6DH         LINE#         320
  C:3A72H         LINE#         323
  C:3A79H         LINE#         324
  C:3A79H         LINE#         325
  C:3A7DH         LINE#         326
  C:3A7FH         LINE#         327
  C:3A83H         LINE#         328
  C:3A83H         LINE#         329
  C:3A89H         LINE#         331
  C:3A8FH         LINE#         332
  C:3A8FH         LINE#         333
  C:3A95H         LINE#         334
  C:3A98H         LINE#         335
  C:3A9AH         LINE#         336
  C:3A9AH         LINE#         337
  C:3A9CH         LINE#         338
  C:3AA4H         LINE#         339
  C:3AA4H         LINE#         340
  C:3AA6H         LINE#         341
  C:3AAAH         LINE#         342
  C:3AACH         LINE#         343
  C:3AACH         LINE#         345
  C:3AB2H         LINE#         346
  C:3AB4H         LINE#         347
  -------         ENDPROC       UART1_TIMEOUT
BL51 BANKED LINKER/LOCATER V5.03                                                      02/13/2012  10:59:11  PAGE 84


  -------         PROC          _SET_UART1_RESTATUS
  D:0007H         SYMBOL        cValue
  C:46B0H         LINE#         350
  C:46B0H         LINE#         351
  C:46B0H         LINE#         352
  C:46B5H         LINE#         353
  -------         ENDPROC       _SET_UART1_RESTATUS
  -------         PROC          ISRUART
  C:3297H         LINE#         360
  C:32A4H         LINE#         363
  C:32A7H         LINE#         364
  C:32A7H         LINE#         365
  C:32A9H         LINE#         367
  C:32B3H         LINE#         368
  C:32B3H         LINE#         369
  C:32B3H         LINE#         370
  C:32B9H         LINE#         371
  C:32C4H         LINE#         372
  C:32C4H         LINE#         373
  C:32C6H         LINE#         375
  C:32C6H         LINE#         377
  C:32CBH         LINE#         378
  C:32E0H         LINE#         379
  C:32E2H         LINE#         381
  C:32E2H         LINE#         382
  C:32E7H         LINE#         383
  C:32E7H         LINE#         384
  C:32E7H         LINE#         385
  C:32E7H         LINE#         387
  C:32EAH         LINE#         388
  C:32EAH         LINE#         389
  C:32ECH         LINE#         391
  C:32F2H         LINE#         392
  C:32F2H         LINE#         393
  C:3302H         LINE#         394
  C:330CH         LINE#         395
  C:3312H         LINE#         396
  C:3312H         LINE#         397
  C:3312H         LINE#         398
  -------         ENDPROC       ISRUART
  -------         ENDMOD        UART1

  -------         MODULE        KEYGET
  C:0000H         SYMBOL        _ICE_DUMMY_
  D:0084H         PUBLIC        P4
  D:0085H         PUBLIC        P5
  D:00E8H         PUBLIC        ADC0CN
  D:00A8H         PUBLIC        IE
  D:00D8H         PUBLIC        PCA0CN
  D:00B8H         PUBLIC        IP
  D:00C0H         PUBLIC        SMB0CN
  D:00F8H         PUBLIC        SPI0CN
  D:0088H         PUBLIC        TCON
  C:2AD0H         PUBLIC        key_driver
  X:020CH         SYMBOL        keyCode
  D:0098H         PUBLIC        SCON0
  D:00C8H         PUBLIC        T2CON
BL51 BANKED LINKER/LOCATER V5.03                                                      02/13/2012  10:59:11  PAGE 85


  C:4606H         PUBLIC        get_key
  C:4535H         PUBLIC        _beep_driver
  D:00D0H         PUBLIC        PSW
  -------         PROC          _BEEP_DRIVER
  D:0007H         SYMBOL        value
  C:4535H         LINE#         25
  C:4535H         LINE#         26
  C:4535H         LINE#         27
  C:4538H         LINE#         28
  C:453CH         LINE#         30
  C:453FH         LINE#         31
  -------         ENDPROC       _BEEP_DRIVER
  -------         PROC          GET_KEY
  -------         DO            
  D:0007H         SYMBOL        tmp
  -------         ENDDO         
  C:4606H         LINE#         33
  C:4606H         LINE#         34
  C:4606H         LINE#         37
  C:460BH         LINE#         38
  C:460DH         LINE#         40
  C:460DH         LINE#         41
  -------         ENDPROC       GET_KEY
  -------         PROC          KEY_DRIVER
  -------         DO            
  B:0027H.3       SYMBOL        initFlag
  X:0209H         SYMBOL        keyState
  X:020AH         SYMBOL        keyAcc
  X:020BH         SYMBOL        keyKeep
  D:0007H         SYMBOL        tmp
  -------         ENDDO         
  C:2AD0H         LINE#         45
  C:2AD0H         LINE#         46
  C:2AD0H         LINE#         53
  C:2AD3H         LINE#         54
  C:2AD3H         LINE#         55
  C:2AD5H         LINE#         56
  C:2ADAH         LINE#         57
  C:2ADCH         LINE#         58
  C:2ADFH         LINE#         59
  C:2ADFH         LINE#         62
  C:2AE4H         LINE#         63
  C:2AE9H         LINE#         66
  C:2AF0H         LINE#         67
  C:2AF0H         LINE#         68
  C:2AF6H         LINE#         69
  C:2AF8H         LINE#         71
  C:2AF8H         LINE#         72
  C:2AFDH         LINE#         73
  C:2B00H         LINE#         74
  C:2B00H         LINE#         76
  C:2B0EH         LINE#         77
  C:2B0EH         LINE#         78
  C:2B0EH         LINE#         79
  C:2B15H         LINE#         80
  C:2B15H         LINE#         81
  C:2B1AH         LINE#         82
BL51 BANKED LINKER/LOCATER V5.03                                                      02/13/2012  10:59:11  PAGE 86


  C:2B1BH         LINE#         83
  C:2B1BH         LINE#         85
  C:2B23H         LINE#         86
  C:2B23H         LINE#         87
  C:2B28H         LINE#         89
  C:2B2CH         LINE#         90
  C:2B32H         LINE#         91
  C:2B37H         LINE#         93
  C:2B37H         LINE#         94
  C:2B3CH         LINE#         95
  C:2B3EH         LINE#         96
  C:2B3EH         LINE#         97
  C:2B3EH         LINE#         99
  C:2B3FH         LINE#         101
  C:2B3FH         LINE#         102
  C:2B46H         LINE#         103
  C:2B46H         LINE#         104
  C:2B49H         LINE#         106
  C:2B4EH         LINE#         108
  C:2B54H         LINE#         109
  C:2B59H         LINE#         111
  C:2B59H         LINE#         112
  C:2B5FH         LINE#         113
  C:2B5FH         LINE#         115
  C:2B60H         LINE#         116
  C:2B66H         LINE#         117
  C:2B66H         LINE#         118
  C:2B6CH         LINE#         119
  C:2B6CH         LINE#         121
  C:2B6DH         LINE#         123
  C:2B6DH         LINE#         124
  C:2B79H         LINE#         125
  C:2B79H         LINE#         127
  C:2B7BH         LINE#         129
  C:2B7BH         LINE#         130
  C:2B80H         LINE#         131
  C:2B80H         LINE#         132
  C:2B80H         LINE#         136
  -------         ENDPROC       KEY_DRIVER
  -------         ENDMOD        KEYGET

  -------         MODULE        KEYPROCESS
  C:0000H         SYMBOL        _ICE_DUMMY_
  C:2415H         PUBLIC        beep_sound_process
  C:36C1H         PUBLIC        key_process
  -------         PROC          KEY_PROCESS
  -------         DO            
  D:0007H         SYMBOL        cKeyTmp
  -------         ENDDO         
  C:36C1H         LINE#         8
  C:36C1H         LINE#         9
  C:36C1H         LINE#         12
  C:36C4H         LINE#         13
  C:36D3H         LINE#         14
  C:36D3H         LINE#         15
  C:36D3H         LINE#         16
  C:36D9H         LINE#         17
BL51 BANKED LINKER/LOCATER V5.03                                                      02/13/2012  10:59:11  PAGE 87


  C:36D9H         LINE#         18
  C:36DBH         LINE#         19
  C:36DBH         LINE#         20
  C:36DDH         LINE#         22
  C:36DDH         LINE#         23
  C:36E3H         LINE#         24
  C:36E3H         LINE#         25
  C:36E8H         LINE#         26
  C:36E8H         LINE#         27
  C:36EAH         LINE#         29
  C:36EAH         LINE#         30
  C:36F0H         LINE#         31
  C:36F4H         LINE#         33
  C:36F9H         LINE#         34
  C:36FBH         LINE#         36
  C:36FBH         LINE#         37
  C:3701H         LINE#         38
  C:3705H         LINE#         40
  C:370AH         LINE#         42
  C:3713H         LINE#         43
  C:3713H         LINE#         45
  C:3713H         LINE#         46
  C:3713H         LINE#         47
  C:3713H         LINE#         49
  C:371DH         LINE#         50
  C:3721H         LINE#         52
  -------         ENDPROC       KEY_PROCESS
  -------         PROC          BEEP_SOUND_PROCESS
  -------         DO            
  X:01FEH         SYMBOL        cAlaCount
  X:0200H         SYMBOL        cKeyCount
  X:0202H         SYMBOL        alarm_plus_status
  X:0203H         SYMBOL        key_plus_status
  X:019AH         SYMBOL        cTmp
  -------         ENDDO         
  C:2415H         LINE#         62
  C:2415H         LINE#         63
  C:2415H         LINE#         72
  C:2423H         LINE#         73
  C:2432H         LINE#         74
  C:2436H         LINE#         76
  C:2445H         LINE#         77
  C:244DH         LINE#         79
  C:2452H         LINE#         81
  C:2458H         LINE#         82
  C:2458H         LINE#         83
  C:2460H         LINE#         84
  C:2460H         LINE#         86
  C:246AH         LINE#         87
  C:2478H         LINE#         89
  C:2487H         LINE#         90
  C:2487H         LINE#         91
  C:248BH         LINE#         92
  C:248BH         LINE#         95
  C:24A3H         LINE#         96
  C:24ABH         LINE#         98
  C:24B0H         LINE#         101
BL51 BANKED LINKER/LOCATER V5.03                                                      02/13/2012  10:59:11  PAGE 88


  C:24B5H         LINE#         102
  C:24C1H         LINE#         103
  C:24C9H         LINE#         105
  C:24DAH         LINE#         107
  -------         ENDPROC       BEEP_SOUND_PROCESS
  -------         ENDMOD        KEYPROCESS

  -------         MODULE        ?C?SCDIV
  C:034EH         PUBLIC        ?C?SCDIV
  -------         ENDMOD        ?C?SCDIV

  -------         MODULE        ?C?CLDPTR
  C:0370H         PUBLIC        ?C?CLDPTR
  -------         ENDMOD        ?C?CLDPTR

  -------         MODULE        ?C?CLDOPTR
  C:0389H         PUBLIC        ?C?CLDOPTR
  -------         ENDMOD        ?C?CLDOPTR

  -------         MODULE        ?C?CSTPTR
  C:03B6H         PUBLIC        ?C?CSTPTR
  -------         ENDMOD        ?C?CSTPTR

  -------         MODULE        ?C?CSTOPTR
  C:03C8H         PUBLIC        ?C?CSTOPTR
  -------         ENDMOD        ?C?CSTOPTR

  -------         MODULE        ?C?IMUL
  C:03EAH         PUBLIC        ?C?IMUL
  -------         ENDMOD        ?C?IMUL

  -------         MODULE        ?C?SIDIV
  C:03FCH         PUBLIC        ?C?SIDIV
  -------         ENDMOD        ?C?SIDIV

  -------         MODULE        ?C?IILDX
  C:0432H         PUBLIC        ?C?IILDX
  -------         ENDMOD        ?C?IILDX

  -------         MODULE        ?C?ILDIX
  C:0448H         PUBLIC        ?C?ILDIX
  -------         ENDMOD        ?C?ILDIX

  -------         MODULE        ?C?ILDPTR
  C:045EH         PUBLIC        ?C?ILDPTR
  -------         ENDMOD        ?C?ILDPTR

  -------         MODULE        ?C?LMUL
  C:0489H         PUBLIC        ?C?LMUL
  -------         ENDMOD        ?C?LMUL

  -------         MODULE        ?C?ULDIV
  C:0514H         PUBLIC        ?C?ULDIV
  -------         ENDMOD        ?C?ULDIV

  -------         MODULE        ?C?SLDIV
  C:3BD5H         PUBLIC        ?C?SLDIV
BL51 BANKED LINKER/LOCATER V5.03                                                      02/13/2012  10:59:11  PAGE 89


  -------         ENDMOD        ?C?SLDIV

  -------         MODULE        ?C?SLCMP
  C:05A6H         PUBLIC        ?C?SLCMP
  -------         ENDMOD        ?C?SLCMP

  -------         MODULE        ?C?LSTXDATA
  C:05BCH         PUBLIC        ?C?LSTXDATA
  -------         ENDMOD        ?C?LSTXDATA

  -------         MODULE        ?C?LSTKXDATA
  C:05C8H         PUBLIC        ?C?LSTKXDATA
  -------         ENDMOD        ?C?LSTKXDATA

  -------         MODULE        ?C?CCASE
  C:05F9H         PUBLIC        ?C?CCASE
  -------         ENDMOD        ?C?CCASE

  -------         MODULE        ?C?UIDIV
  C:061FH         PUBLIC        ?C?UIDIV
  -------         ENDMOD        ?C?UIDIV

*** WARNING L16: UNCALLED SEGMENT, IGNORED FOR OVERLAY PROCESS
    SEGMENT: ?PR?SOFT_WDT_ENABLE?WDTPROCESS

*** WARNING L16: UNCALLED SEGMENT, IGNORED FOR OVERLAY PROCESS
    SEGMENT: ?PR?ADC_DATA_INIT?ADCDRIVER

*** WARNING L16: UNCALLED SEGMENT, IGNORED FOR OVERLAY PROCESS
    SEGMENT: ?PR?_POWER_PROCESS_NULL?ADPROCESS

*** WARNING L16: UNCALLED SEGMENT, IGNORED FOR OVERLAY PROCESS
    SEGMENT: ?PR?_MEMORY_COPY?SHARE

*** WARNING L16: UNCALLED SEGMENT, IGNORED FOR OVERLAY PROCESS
    SEGMENT: ?PR?GET_TEMPERATURE?SHARE

*** WARNING L16: UNCALLED SEGMENT, IGNORED FOR OVERLAY PROCESS
    SEGMENT: ?PR?GET_WORK_STATUS?SHARE

*** WARNING L16: UNCALLED SEGMENT, IGNORED FOR OVERLAY PROCESS
    SEGMENT: ?PR?_SET_NMS_CHANNEL?SHARE

*** WARNING L16: UNCALLED SEGMENT, IGNORED FOR OVERLAY PROCESS
    SEGMENT: ?PR?_SET_E1_SLOT?SHARE

*** WARNING L16: UNCALLED SEGMENT, IGNORED FOR OVERLAY PROCESS
    SEGMENT: ?PR?GET_E1_SLOT?SHARE

*** WARNING L16: UNCALLED SEGMENT, IGNORED FOR OVERLAY PROCESS
    SEGMENT: ?PR?_SET_E1_CLOCK?SHARE

*** WARNING L16: UNCALLED SEGMENT, IGNORED FOR OVERLAY PROCESS
    SEGMENT: ?PR?GET_E1_CLOCK?SHARE

*** WARNING L16: UNCALLED SEGMENT, IGNORED FOR OVERLAY PROCESS
    SEGMENT: ?PR?_SET_E2_STATUS?SHARE
BL51 BANKED LINKER/LOCATER V5.03                                                      02/13/2012  10:59:11  PAGE 90



*** WARNING L16: UNCALLED SEGMENT, IGNORED FOR OVERLAY PROCESS
    SEGMENT: ?PR?GET_E2_STATUS?SHARE

*** WARNING L16: UNCALLED SEGMENT, IGNORED FOR OVERLAY PROCESS
    SEGMENT: ?PR?GET_TEST_MAIN?SHARE

*** WARNING L16: UNCALLED SEGMENT, IGNORED FOR OVERLAY PROCESS
    SEGMENT: ?PR?GET_TEST_STANDBY?SHARE

*** WARNING L16: UNCALLED SEGMENT, IGNORED FOR OVERLAY PROCESS
    SEGMENT: ?PR?_SET_COMPARE_COUNT?SHARE

*** WARNING L16: UNCALLED SEGMENT, IGNORED FOR OVERLAY PROCESS
    SEGMENT: ?PR?GET_COMPARE_COUNT?SHARE

*** WARNING L16: UNCALLED SEGMENT, IGNORED FOR OVERLAY PROCESS
    SEGMENT: ?PR?GET_CURRENT_MAIN?SHARE

*** WARNING L16: UNCALLED SEGMENT, IGNORED FOR OVERLAY PROCESS
    SEGMENT: ?PR?GET_CURRENT_STANDBY?SHARE

*** WARNING L16: UNCALLED SEGMENT, IGNORED FOR OVERLAY PROCESS
    SEGMENT: ?PR?GET_CURRENT_IN?SHARE

*** WARNING L16: UNCALLED SEGMENT, IGNORED FOR OVERLAY PROCESS
    SEGMENT: ?PR?_SET_POWER_SELECT?SHARE

*** WARNING L16: UNCALLED SEGMENT, IGNORED FOR OVERLAY PROCESS
    SEGMENT: ?PR?GET_SLOTSELECTFLAG?SHARE

*** WARNING L16: UNCALLED SEGMENT, IGNORED FOR OVERLAY PROCESS
    SEGMENT: ?PR?INIT_IMPORTANT_PARA?SHARE

*** WARNING L16: UNCALLED SEGMENT, IGNORED FOR OVERLAY PROCESS
    SEGMENT: ?PR?GET_WORK_MODE?SHARE

*** WARNING L16: UNCALLED SEGMENT, IGNORED FOR OVERLAY PROCESS
    SEGMENT: ?PR?_INTERRUPT_PRIORITY?TIMER

*** WARNING L16: UNCALLED SEGMENT, IGNORED FOR OVERLAY PROCESS
    SEGMENT: ?PR?GET_STATECASE?PROTECTFUN

*** WARNING L16: UNCALLED SEGMENT, IGNORED FOR OVERLAY PROCESS
    SEGMENT: ?PR?SERVICE_JUDGE?PROTECTFUN

*** WARNING L16: UNCALLED SEGMENT, IGNORED FOR OVERLAY PROCESS
    SEGMENT: ?PR?INIT_01J?PROTECTFUN

*** WARNING L16: UNCALLED SEGMENT, IGNORED FOR OVERLAY PROCESS
    SEGMENT: ?PR?GET_HARDWARE_CARDTYPE?HARDINFO

*** WARNING L16: UNCALLED SEGMENT, IGNORED FOR OVERLAY PROCESS
    SEGMENT: ?PR?UART1_COMMAND_TEST?NETCOMMAND

*** WARNING L16: UNCALLED SEGMENT, IGNORED FOR OVERLAY PROCESS
    SEGMENT: ?PR?_UART1_TO_CARD_RX_FCS?UART1
BL51 BANKED LINKER/LOCATER V5.03                                                      02/13/2012  10:59:11  PAGE 91



*** WARNING L16: UNCALLED SEGMENT, IGNORED FOR OVERLAY PROCESS
    SEGMENT: ?PR?UART_SEND?UART1

Program Size: data=148.4 xdata=533 code=18156
LINK/LOCATE RUN COMPLETE.  32 WARNING(S),  0 ERROR(S)
