BL51 BANKED LINKER/LOCATER V5.03                                                        05/20/2013  16:30:53  PAGE 1


BL51 BANKED LINKER/LOCATER V5.03, INVOKED BY:
C:\KEIL\C51\BIN\BL51.EXE .\OUT\STARTUP.obj, .\OUT\main.obj, .\OUT\mcuInit.obj, .\OUT\uart1.obj, .\OUT\netCommand.obj, .\
>> OUT\at24C01.obj, .\OUT\idProcess.obj, .\OUT\iicProcess.obj, .\OUT\tmuProcess.obj, .\OUT\ledStatus.obj, .\OUT\variable
>> .obj, .\OUT\share.obj, .\OUT\hardInfo.obj TO .\OUT\eIDTMU PRINT (.\OUT\eIDTMU.m51) RAMSIZE (256)


MEMORY MODEL: LARGE


INPUT MODULES INCLUDED:
  .\OUT\STARTUP.obj (?C_STARTUP)
  .\OUT\main.obj (MAIN)
  .\OUT\mcuInit.obj (MCUINIT)
  .\OUT\uart1.obj (UART1)
  .\OUT\netCommand.obj (NETCOMMAND)
  .\OUT\at24C01.obj (AT24C01)
  .\OUT\idProcess.obj (IDPROCESS)
  .\OUT\iicProcess.obj (IICPROCESS)
  .\OUT\tmuProcess.obj (TMUPROCESS)
  .\OUT\ledStatus.obj (LEDSTATUS)
  .\OUT\variable.obj (VARIABLE)
  .\OUT\share.obj (SHARE)
  .\OUT\hardInfo.obj (HARDINFO)
  C:\KEIL\C51\LIB\C51L.LIB (?C_INIT)
  C:\KEIL\C51\LIB\C51L.LIB (?C?COPY)
  C:\KEIL\C51\LIB\C51L.LIB (?C?CLDPTR)
  C:\KEIL\C51\LIB\C51L.LIB (?C?CSTPTR)
  C:\KEIL\C51\LIB\C51L.LIB (?C?IILDX)
  C:\KEIL\C51\LIB\C51L.LIB (?C?ILDIX)
  C:\KEIL\C51\LIB\C51L.LIB (?C?OFFXADD)
  C:\KEIL\C51\LIB\C51L.LIB (?C?CCASE)


LINK MAP OF MODULE:  .\OUT\eIDTMU (?C_STARTUP)


            TYPE    BASE      LENGTH    RELOCATION   SEGMENT NAME
            -----------------------------------------------------

            * * * * * * *   D A T A   M E M O R Y   * * * * * * *
            REG     0000H     0008H     ABSOLUTE     "REG BANK 0"
            DATA    0008H     0001H     UNIT         ?DT?MCUINIT
                    0009H     000FH                  *** GAP ***
            REG     0018H     0008H     ABSOLUTE     "REG BANK 3"
            DATA    0020H     0002H     BIT_ADDR     ?BA?LEDSTATUS
            BIT     0022H.0   0000H.2   UNIT         ?BI?MCUINIT
            BIT     0022H.2   0000H.2   UNIT         ?BI?LEDSTATUS
                    0022H.4   0000H.4                *** GAP ***
            IDATA   0023H     0001H     UNIT         ?STACK

            * * * * * * *  X D A T A   M E M O R Y  * * * * * * *
            XDATA   0000H     01F2H     UNIT         ?XD?UART1
            XDATA   01F2H     0179H     UNIT         ?XD?VARIABLE
            XDATA   036BH     0029H     UNIT         ?XD?IDPROCESS
            XDATA   0394H     0012H     UNIT         _XDATA_GROUP_
            XDATA   03A6H     000EH     UNIT         ?XD?_PAGE_WRITE_24C01?AT24C01
            XDATA   03B4H     000BH     UNIT         ?XD?UART1_POLL_CURRENT?NETCOMMAND
            XDATA   03BFH     000AH     UNIT         ?XD?_PORT_STATUS_1_PORT_PROCESS?NETCOMMAND
BL51 BANKED LINKER/LOCATER V5.03                                                      05/20/2013  16:30:53  PAGE 2


            XDATA   03C9H     0009H     UNIT         ?XD?TEST_READ_WRITE?AT24C01
            XDATA   03D2H     0009H     UNIT         ?XD?_MEMORY_FILL?SHARE
            XDATA   03DBH     0008H     UNIT         ?XD?_COPY_PORT_STATE?NETCOMMAND
            XDATA   03E3H     0004H     UNIT         ?XD?_ID_STATE_CONVERT?NETCOMMAND
            XDATA   03E7H     0003H     UNIT         ?XD?NETCOMMAND
            XDATA   03EAH     0003H     UNIT         ?XD?TMUPROCESS
            XDATA   03EDH     0001H     UNIT         ?XD?PORT_STATE_PROCESS?NETCOMMAND
            XDATA   03EEH     0001H     UNIT         ?XD?UART1_COMMAND?NETCOMMAND
            XDATA   03EFH     0001H     UNIT         ?XD?TEST_SEND_UART?NETCOMMAND
            XDATA   03F0H     0001H     UNIT         ?XD?LEDSTATUS

            * * * * * * *   C O D E   M E M O R Y   * * * * * * *
            CODE    0000H     0003H     ABSOLUTE     
            CODE    0003H     0008H     UNIT         ?CO?AT24C01
            CODE    000BH     0003H     ABSOLUTE     
            CODE    000EH     0015H     UNIT         ?PR?PORT_IO_INIT?MCUINIT
            CODE    0023H     0003H     ABSOLUTE     
            CODE    0026H     05A2H     UNIT         ?PR?_I2C_READBYTE?IICPROCESS
            CODE    05C8H     02F6H     UNIT         ?PR?_I2C_GET_ACK?IICPROCESS
            CODE    08BEH     02EAH     UNIT         ?PR?UART1_POLL_CURRENT?NETCOMMAND
            CODE    0BA8H     02BEH     UNIT         ?PR?_I2C_WRITEBYTE?IICPROCESS
            CODE    0E66H     0298H     UNIT         ?PR?_I2C_SEND_ACK?IICPROCESS
            CODE    10FEH     028FH     UNIT         ?PR?_I2C_START?IICPROCESS
            CODE    138DH     01DDH     UNIT         ?PR?REFRESH_CURRENT_ID?IDPROCESS
            CODE    156AH     0197H     UNIT         ?PR?_PORT_STATUS_1_PORT_PROCESS?NETCOMMAND
            CODE    1701H     017FH     UNIT         ?C?LIB_CODE
            CODE    1880H     016FH     UNIT         ?PR?ISRUART?UART1
            CODE    19EFH     0148H     UNIT         ?PR?_I2C_STOP?IICPROCESS
            CODE    1B37H     012EH     UNIT         ?PR?_ID_STATE_CONVERT?NETCOMMAND
            CODE    1C65H     0124H     UNIT         ?PR?_COPY_PORT_STATE?NETCOMMAND
            CODE    1D89H     00F7H     UNIT         ?PR?_EID_PAGE_READ_24C01?AT24C01
            CODE    1E80H     00D8H     UNIT         ?PR?_I2C_INIT?IICPROCESS
            CODE    1F58H     00C6H     UNIT         ?PR?_EID_PHY_READ?IDPROCESS
            CODE    201EH     00ACH     UNIT         ?PR?UART_FRAME_PACK?NETCOMMAND
            CODE    20CAH     00ABH     UNIT         ?PR?_PAGE_WRITE_24C01?AT24C01
            CODE    2175H     00A7H     UNIT         ?PR?PORT_STATE_PROCESS?NETCOMMAND
            CODE    221CH     008CH     UNIT         ?C_C51STARTUP
            CODE    22A8H     0088H     UNIT         ?PR?REFRESH_LED?LEDSTATUS
            CODE    2330H     0085H     UNIT         ?PR?SLOT_AGING_TIME?NETCOMMAND
            CODE    23B5H     006EH     UNIT         ?PR?_ID_JUDGE_CLASS?SHARE
            CODE    2423H     006DH     UNIT         ?PR?UART1_COMMAND?NETCOMMAND
            CODE    2490H     0067H     UNIT         ?PR?_MEMORY_COMPARE?SHARE
            CODE    24F7H     0064H     UNIT         ?PR?MAIN?MAIN
            CODE    255BH     005EH     UNIT         ?PR?_GET_DEVICE_INFO?HARDINFO
            CODE    25B9H     0058H     UNIT         ?PR?_INTERRUPT_PRIORITY?MCUINIT
            CODE    2611H     0058H     UNIT         ?PR?_MEMORY_COPY?SHARE
            CODE    2669H     0050H     UNIT         ?PR?TEST_READ_WRITE?AT24C01
            CODE    26B9H     004AH     UNIT         ?PR?_ID_CHECK?IDPROCESS
            CODE    2703H     003AH     UNIT         ?C_INITSEG
            CODE    273DH     0039H     UNIT         ?PR?TEST_SEND_UART?NETCOMMAND
            CODE    2776H     0038H     UNIT         ?CO?SHARE
            CODE    27AEH     0034H     UNIT         ?PR?VAR_INIT?VARIABLE
            CODE    27E2H     0031H     UNIT         ?PR?LED_HARDWARE_CONTROL?LEDSTATUS
            CODE    2813H     0030H     UNIT         ?PR?_MEMORY_FILL?SHARE
            CODE    2843H     002FH     UNIT         ?PR?UART1_INIT?UART1
            CODE    2872H     002DH     UNIT         ?PR?_MEMORY_CLEAR?SHARE
            CODE    289FH     002BH     UNIT         ?PR?ISRTIME0?MCUINIT
BL51 BANKED LINKER/LOCATER V5.03                                                      05/20/2013  16:30:53  PAGE 3


            CODE    28CAH     0027H     UNIT         ?PR?UART1_TIMEOUT?UART1
            CODE    28F1H     0026H     UNIT         ?PR?UART1_SET_SLOT_ADDRESS?NETCOMMAND
            CODE    2917H     0026H     UNIT         ?PR?UART_PROCESS?NETCOMMAND
            CODE    293DH     0022H     UNIT         ?PR?_DELAY_MS?MAIN
            CODE    295FH     001FH     UNIT         ?PR?TMU_NUM_JUDGE?TMUPROCESS
            CODE    297EH     001DH     UNIT         ?PR?_ID_IS_NULL?SHARE
            CODE    299BH     001BH     UNIT         ?PR?_UART_FCS?NETCOMMAND
            CODE    29B6H     0015H     UNIT         ?PR?GET_TMU_NUM?TMUPROCESS
            CODE    29CBH     0012H     UNIT         ?PR?_ID_CHECK_NULL?IDPROCESS
            CODE    29DDH     000FH     UNIT         ?PR?MCU_F310_INIT?MCUINIT
            CODE    29ECH     000EH     UNIT         ?PR?WATCHDOG_INIT?MCUINIT
            CODE    29FAH     000EH     UNIT         ?PR?TIMER_INIT?MCUINIT
            CODE    2A08H     000EH     UNIT         ?CO?HARDINFO
            CODE    2A16H     000CH     UNIT         ?PR?TMU_INIT?TMUPROCESS
            CODE    2A22H     0009H     UNIT         ?PR?WATCHDOG?MCUINIT
            CODE    2A2BH     0009H     UNIT         ?PR?UART1_TRANS_ENABLE?UART1
            CODE    2A34H     0007H     UNIT         ?PR?SLOT_AGING_TIME_INIT?NETCOMMAND
            CODE    2A3BH     0007H     UNIT         ?PR?SLOT_DELAY_TIME_INIT?NETCOMMAND
            CODE    2A42H     0007H     UNIT         ?PR?GET_DEVICE_CODE?HARDINFO
            CODE    2A49H     0004H     UNIT         ?PR?SOFT_WDT_ENABLE?MCUINIT
            CODE    2A4DH     0004H     UNIT         ?PR?SOFT_WDT_DISNABLE?MCUINIT
            CODE    2A51H     0004H     UNIT         ?PR?SYSCLK_INIT?MCUINIT
            CODE    2A55H     0003H     UNIT         ?PR?UART1_RCV_ENABLE?UART1
            CODE    2A58H     0003H     UNIT         ?PR?DOWN_TX_ENABLE?UART1
            CODE    2A5BH     0003H     UNIT         ?PR?DOWN_TX_DISABLE?UART1



OVERLAY MAP OF MODULE:   .\OUT\eIDTMU (?C_STARTUP)


SEGMENT                                            XDATA_GROUP
  +--> CALLED SEGMENT                            START    LENGTH
----------------------------------------------------------------
?C_C51STARTUP                                    -----    -----
  +--> ?PR?MAIN?MAIN
  +--> ?C_INITSEG

?PR?MAIN?MAIN                                    0394H    0001H
  +--> ?PR?SOFT_WDT_DISNABLE?MCUINIT
  +--> ?PR?MCU_F310_INIT?MCUINIT
  +--> ?PR?_DELAY_MS?MAIN
  +--> ?PR?VAR_INIT?VARIABLE
  +--> ?PR?UART1_INIT?UART1
  +--> ?PR?WATCHDOG_INIT?MCUINIT
  +--> ?PR?WATCHDOG?MCUINIT
  +--> ?PR?UART_PROCESS?NETCOMMAND
  +--> ?PR?UART1_TIMEOUT?UART1
  +--> ?PR?REFRESH_CURRENT_ID?IDPROCESS
  +--> ?PR?PORT_STATE_PROCESS?NETCOMMAND
  +--> ?PR?SLOT_AGING_TIME?NETCOMMAND
  +--> ?PR?REFRESH_LED?LEDSTATUS

?PR?MCU_F310_INIT?MCUINIT                        -----    -----
  +--> ?PR?SOFT_WDT_DISNABLE?MCUINIT
  +--> ?PR?SYSCLK_INIT?MCUINIT
  +--> ?PR?PORT_IO_INIT?MCUINIT
BL51 BANKED LINKER/LOCATER V5.03                                                      05/20/2013  16:30:53  PAGE 4


  +--> ?PR?TIMER_INIT?MCUINIT

?PR?VAR_INIT?VARIABLE                            -----    -----
  +--> ?PR?_MEMORY_CLEAR?SHARE
  +--> ?PR?SLOT_AGING_TIME_INIT?NETCOMMAND

?PR?_MEMORY_CLEAR?SHARE                          0395H    0003H

?PR?WATCHDOG_INIT?MCUINIT                        -----    -----
  +--> ?PR?WATCHDOG?MCUINIT

?PR?WATCHDOG?MCUINIT                             -----    -----
  +--> ?PR?SOFT_WDT_DISNABLE?MCUINIT
  +--> ?PR?SOFT_WDT_ENABLE?MCUINIT

?PR?UART_PROCESS?NETCOMMAND                      -----    -----
  +--> ?PR?UART1_COMMAND?NETCOMMAND
  +--> ?PR?SLOT_AGING_TIME_INIT?NETCOMMAND
  +--> ?PR?UART_FRAME_PACK?NETCOMMAND
  +--> ?PR?UART1_TRANS_ENABLE?UART1
  +--> ?PR?UART1_RCV_ENABLE?UART1

?PR?UART1_COMMAND?NETCOMMAND                     -----    -----
  +--> ?PR?_UART_FCS?NETCOMMAND
  +--> ?PR?SLOT_DELAY_TIME_INIT?NETCOMMAND
  +--> ?PR?UART1_SET_SLOT_ADDRESS?NETCOMMAND
  +--> ?PR?UART1_POLL_CURRENT?NETCOMMAND

?PR?UART1_SET_SLOT_ADDRESS?NETCOMMAND            -----    -----
  +--> ?PR?_GET_DEVICE_INFO?HARDINFO

?PR?_GET_DEVICE_INFO?HARDINFO                    0395H    0006H
  +--> ?CO?HARDINFO

?PR?UART1_POLL_CURRENT?NETCOMMAND                -----    -----
  +--> ?PR?_MEMORY_COPY?SHARE
  +--> ?PR?PORT_STATE_PROCESS?NETCOMMAND
  +--> ?PR?_COPY_PORT_STATE?NETCOMMAND

?PR?_MEMORY_COPY?SHARE                           0398H    000DH

?PR?PORT_STATE_PROCESS?NETCOMMAND                -----    -----
  +--> ?PR?_PORT_STATUS_1_PORT_PROCESS?NETCO...

?PR?_PORT_STATUS_1_PORT_PROCESS?NETCO...         -----    -----
  +--> ?PR?_MEMORY_COMPARE?SHARE
  +--> ?PR?_ID_IS_NULL?SHARE
  +--> ?PR?_ID_JUDGE_CLASS?SHARE

?PR?_MEMORY_COMPARE?SHARE                        0398H    0007H

?PR?_ID_JUDGE_CLASS?SHARE                        0395H    0003H
  +--> ?CO?SHARE
  +--> ?PR?_MEMORY_COMPARE?SHARE

?PR?UART_FRAME_PACK?NETCOMMAND                   0395H    0003H
  +--> ?PR?_UART_FCS?NETCOMMAND
BL51 BANKED LINKER/LOCATER V5.03                                                      05/20/2013  16:30:53  PAGE 5



?PR?REFRESH_CURRENT_ID?IDPROCESS                 0395H    0002H
  +--> ?PR?_EID_PHY_READ?IDPROCESS
  +--> ?PR?_ID_CHECK_NULL?IDPROCESS
  +--> ?PR?_ID_CHECK?IDPROCESS
  +--> ?CO?SHARE
  +--> ?PR?_MEMORY_COPY?SHARE
  +--> ?PR?_MEMORY_COMPARE?SHARE

?PR?_EID_PHY_READ?IDPROCESS                      0397H    0001H
  +--> ?PR?_EID_PAGE_READ_24C01?AT24C01
  +--> ?CO?SHARE
  +--> ?PR?_MEMORY_COPY?SHARE

?PR?_EID_PAGE_READ_24C01?AT24C01                 0398H    000EH
  +--> ?PR?_I2C_START?IICPROCESS
  +--> ?PR?_I2C_WRITEBYTE?IICPROCESS
  +--> ?PR?_I2C_GET_ACK?IICPROCESS
  +--> ?PR?_I2C_READBYTE?IICPROCESS
  +--> ?PR?_I2C_SEND_ACK?IICPROCESS
  +--> ?PR?_I2C_STOP?IICPROCESS

?PR?_ID_CHECK?IDPROCESS                          0397H    0003H

?PR?SLOT_AGING_TIME?NETCOMMAND                   -----    -----
  +--> ?PR?DOWN_TX_ENABLE?UART1
  +--> ?PR?DOWN_TX_DISABLE?UART1

?PR?REFRESH_LED?LEDSTATUS                        0395H    0002H
  +--> ?PR?LED_HARDWARE_CONTROL?LEDSTATUS



SYMBOL TABLE OF MODULE:  .\OUT\eIDTMU (?C_STARTUP)

  VALUE           TYPE          NAME
  ----------------------------------

  -------         MODULE        ?C_STARTUP
  C:221CH         SEGMENT       ?C_C51STARTUP
  I:0023H         SEGMENT       ?STACK
  C:0000H         PUBLIC        ?C_STARTUP
  D:00E0H         SYMBOL        ACC
  D:00F0H         SYMBOL        B
  D:0083H         SYMBOL        DPH
  D:0082H         SYMBOL        DPL
  N:0000H         SYMBOL        IBPSTACK
  N:0100H         SYMBOL        IBPSTACKTOP
  N:0080H         SYMBOL        IDATALEN
  C:221FH         SYMBOL        IDATALOOP
  N:0000H         SYMBOL        PBPSTACK
  N:0000H         SYMBOL        PBPSTACKTOP
  N:0000H         SYMBOL        PDATALEN
  N:0000H         SYMBOL        PDATASTART
  N:0000H         SYMBOL        PPAGE
  N:0000H         SYMBOL        PPAGEENABLE
  D:00A0H         SYMBOL        PPAGE_SFR
BL51 BANKED LINKER/LOCATER V5.03                                                      05/20/2013  16:30:53  PAGE 6


  D:0081H         SYMBOL        SP
  C:221CH         SYMBOL        STARTUP1
  N:0000H         SYMBOL        XBPSTACK
  N:0000H         SYMBOL        XBPSTACKTOP
  N:0000H         SYMBOL        XDATALEN
  N:0000H         SYMBOL        XDATASTART
  C:0000H         LINE#         92
  C:221CH         LINE#         99
  C:221EH         LINE#         100
  C:221FH         LINE#         101
  C:2220H         LINE#         102
  C:2222H         LINE#         151
  C:2225H         LINE#         155
  -------         ENDMOD        ?C_STARTUP

  -------         MODULE        MAIN
  C:0000H         SYMBOL        _ICE_DUMMY_
  B:00A8H.7       PUBLIC        EA
  D:00E8H         PUBLIC        ADC0CN
  D:00A8H         PUBLIC        IE
  D:00D8H         PUBLIC        PCA0CN
  D:00B8H         PUBLIC        IP
  D:00C0H         PUBLIC        SMB0CN
  C:24F7H         PUBLIC        main
  D:00F8H         PUBLIC        SPI0CN
  C:293DH         SYMBOL        _delay_ms
  D:0088H         PUBLIC        TCON
  D:00C8H         PUBLIC        TMR2CN
  D:0098H         PUBLIC        SCON0
  D:00D0H         PUBLIC        PSW
  -------         PROC          _DELAY_MS
  D:0006H         SYMBOL        delayMs
  -------         DO            
  D:0002H         SYMBOL        delayLoop
  D:0004H         SYMBOL        ll
  -------         ENDDO         
  C:293DH         LINE#         18
  C:293DH         LINE#         19
  C:293DH         LINE#         23
  C:2947H         LINE#         24
  C:2947H         LINE#         25
  C:294BH         LINE#         26
  C:294FH         LINE#         27
  C:294FH         LINE#         28
  C:2954H         LINE#         29
  C:2955H         LINE#         30
  C:2957H         LINE#         31
  C:295EH         LINE#         32
  -------         ENDPROC       _DELAY_MS
  -------         PROC          MAIN
  -------         DO            
  X:0394H         SYMBOL        index
  -------         ENDDO         
  C:24F7H         LINE#         37
  C:24F7H         LINE#         38
  C:24F7H         LINE#         41
  C:24F9H         LINE#         42
BL51 BANKED LINKER/LOCATER V5.03                                                      05/20/2013  16:30:53  PAGE 7


  C:24FCH         LINE#         44
  C:24FFH         LINE#         46
  C:2506H         LINE#         48
  C:2509H         LINE#         50
  C:250CH         LINE#         52
  C:2513H         LINE#         55
  C:2515H         LINE#         57
  C:2518H         LINE#         59
  C:251EH         LINE#         60
  C:251EH         LINE#         61
  C:251EH         LINE#         62
  C:2521H         LINE#         64
  C:2524H         LINE#         66
  C:2527H         LINE#         67
  C:2527H         LINE#         68
  C:2529H         LINE#         70
  C:252CH         LINE#         72
  C:252FH         LINE#         73
  C:2532H         LINE#         74
  C:2535H         LINE#         75
  C:2535H         LINE#         77
  C:2538H         LINE#         78
  C:2538H         LINE#         79
  C:253AH         LINE#         80
  C:2540H         LINE#         83
  C:2540H         LINE#         84
  C:2543H         LINE#         85
  C:2546H         LINE#         86
  C:2549H         LINE#         87
  C:2549H         LINE#         89
  C:2553H         LINE#         90
  C:2553H         LINE#         91
  C:2553H         LINE#         92
  C:2553H         LINE#         93
  C:2553H         LINE#         94
  C:2553H         LINE#         95
  C:2553H         LINE#         97
  C:2553H         LINE#         98
  C:2553H         LINE#         99
  C:2553H         LINE#         100
  C:2553H         LINE#         101
  C:2553H         LINE#         103
  C:2553H         LINE#         104
  C:2553H         LINE#         105
  C:2553H         LINE#         106
  C:2553H         LINE#         107
  C:2553H         LINE#         109
  C:2553H         LINE#         110
  C:2553H         LINE#         112
  C:2553H         LINE#         113
  C:2553H         LINE#         115
  C:2553H         LINE#         116
  C:2553H         LINE#         118
  C:2553H         LINE#         119
  C:2553H         LINE#         121
  C:2553H         LINE#         122
  C:2553H         LINE#         124
BL51 BANKED LINKER/LOCATER V5.03                                                      05/20/2013  16:30:53  PAGE 8


  C:2553H         LINE#         125
  C:2553H         LINE#         126
  C:2553H         LINE#         127
  C:2553H         LINE#         129
  C:2553H         LINE#         130
  C:2553H         LINE#         131
  C:2559H         LINE#         132
  -------         ENDPROC       MAIN
  -------         ENDMOD        MAIN

  -------         MODULE        MCUINIT
  C:0000H         SYMBOL        _ICE_DUMMY_
  D:00E8H         PUBLIC        ADC0CN
  D:00A4H         PUBLIC        P0MDOUT
  C:29ECH         PUBLIC        WatchDog_Init
  D:00A5H         PUBLIC        P1MDOUT
  D:00A8H         PUBLIC        IE
  D:00A6H         PUBLIC        P2MDOUT
  D:00A7H         PUBLIC        P3MDOUT
  D:00B7H         PUBLIC        IPH0
  B:00D8H.6       PUBLIC        CR
  D:00B8H         PUBLIC        IPL0
  C:2A22H         PUBLIC        WatchDog
  D:00FEH         PUBLIC        PCA0CPH4
  C:000EH         PUBLIC        Port_IO_Init
  D:00D9H         PUBLIC        PCA0MD
  D:00D8H         PUBLIC        PCA0CN
  D:00B8H         PUBLIC        IP
  C:2A49H         PUBLIC        Soft_WDT_Enable
  D:00FDH         PUBLIC        PCA0CPL4
  D:00E1H         PUBLIC        XBR0
  D:00E2H         PUBLIC        XBR1
  D:00C0H         PUBLIC        SMB0CN
  D:00F8H         PUBLIC        SPI0CN
  D:0089H         PUBLIC        TMOD
  D:0088H         PUBLIC        TCON
  D:00C8H         PUBLIC        TMR2CN
  C:29DDH         PUBLIC        mcu_f310_init
  C:25B9H         SYMBOL        _interrupt_priority
  D:00B2H         PUBLIC        OSCICN
  B:00A8H.1       PUBLIC        ET0
  D:008CH         PUBLIC        TH0
  D:008AH         PUBLIC        TL0
  C:289FH         PUBLIC        ISRtime0
  C:2A51H         PUBLIC        SysClk_Init
  B:0088H.4       PUBLIC        TR0
  B:0022H.0       PUBLIC        flag10ms
  B:0022H.1       PUBLIC        flag50ms
  D:0098H         PUBLIC        SCON0
  D:008EH         PUBLIC        CKCON
  C:2A4DH         PUBLIC        Soft_WDT_Disnable
  C:29FAH         PUBLIC        Timer_Init
  D:00D0H         PUBLIC        PSW
  -------         PROC          SOFT_WDT_ENABLE
  C:2A49H         LINE#         7
  C:2A49H         LINE#         8
  C:2A49H         LINE#         9
BL51 BANKED LINKER/LOCATER V5.03                                                      05/20/2013  16:30:53  PAGE 9


  C:2A4CH         LINE#         10
  -------         ENDPROC       SOFT_WDT_ENABLE
  -------         PROC          SOFT_WDT_DISNABLE
  C:2A4DH         LINE#         12
  C:2A4DH         LINE#         13
  C:2A4DH         LINE#         14
  C:2A50H         LINE#         15
  -------         ENDPROC       SOFT_WDT_DISNABLE
  -------         PROC          WATCHDOG
  C:2A22H         LINE#         17
  C:2A22H         LINE#         18
  C:2A22H         LINE#         19
  C:2A25H         LINE#         21
  C:2A28H         LINE#         23
  -------         ENDPROC       WATCHDOG
  -------         PROC          WATCHDOG_INIT
  C:29ECH         LINE#         26
  C:29ECH         LINE#         27
  C:29ECH         LINE#         28
  C:29EFH         LINE#         29
  C:29F2H         LINE#         31
  C:29F4H         LINE#         33
  C:29F7H         LINE#         35
  -------         ENDPROC       WATCHDOG_INIT
  -------         PROC          PORT_IO_INIT
  C:000EH         LINE#         42
  C:000EH         LINE#         43
  C:000EH         LINE#         44
  C:0011H         LINE#         45
  C:0013H         LINE#         46
  C:0015H         LINE#         47
  C:0018H         LINE#         55
  C:001AH         LINE#         56
  C:001CH         LINE#         57
  C:001FH         LINE#         58
  C:0022H         LINE#         59
  -------         ENDPROC       PORT_IO_INIT
  -------         PROC          SYSCLK_INIT
  C:2A51H         LINE#         62
  C:2A51H         LINE#         63
  C:2A51H         LINE#         64
  C:2A54H         LINE#         66
  -------         ENDPROC       SYSCLK_INIT
  -------         PROC          MCU_F310_INIT
  C:29DDH         LINE#         69
  C:29DDH         LINE#         70
  C:29DDH         LINE#         71
  C:29E0H         LINE#         73
  C:29E3H         LINE#         74
  C:29E6H         LINE#         75
  C:29E9H         LINE#         77
  -------         ENDPROC       MCU_F310_INIT
  -------         PROC          ISRTIME0
  -------         DO            
  D:0008H         SYMBOL        time50Count
  -------         ENDDO         
  C:289FH         LINE#         86
BL51 BANKED LINKER/LOCATER V5.03                                                      05/20/2013  16:30:53  PAGE 10


  C:28A5H         LINE#         91
  C:28A8H         LINE#         92
  C:28ABH         LINE#         94
  C:28ADH         LINE#         96
  C:28B2H         LINE#         97
  C:28B2H         LINE#         98
  C:28B5H         LINE#         99
  C:28B7H         LINE#         100
  C:28B7H         LINE#         102
  C:28C1H         LINE#         103
  C:28C1H         LINE#         104
  C:28C3H         LINE#         105
  C:28C3H         LINE#         106
  -------         ENDPROC       ISRTIME0
  -------         PROC          _INTERRUPT_PRIORITY
  D:0007H         SYMBOL        intIndex
  D:0005H         SYMBOL        priority
  -------         DO            
  D:0004H         SYMBOL        tmpL
  D:0006H         SYMBOL        tmpH
  -------         ENDDO         
  C:25B9H         LINE#         112
  C:25B9H         LINE#         113
  C:25B9H         LINE#         116
  C:25BCH         LINE#         117
  C:25BCH         LINE#         118
  C:25BDH         LINE#         119
  C:25BEH         LINE#         120
  C:25C0H         LINE#         121
  C:25C4H         LINE#         122
  C:25C4H         LINE#         123
  C:25D0H         LINE#         124
  C:25D2H         LINE#         125
  C:25D4H         LINE#         126
  C:25D8H         LINE#         127
  C:25D8H         LINE#         128
  C:25DAH         LINE#         129
  C:25E5H         LINE#         130
  C:25E7H         LINE#         131
  C:25EBH         LINE#         132
  C:25EBH         LINE#         133
  C:25F7H         LINE#         134
  C:25F8H         LINE#         135
  C:25F8H         LINE#         137
  C:260AH         LINE#         138
  C:2610H         LINE#         140
  -------         ENDPROC       _INTERRUPT_PRIORITY
  -------         PROC          TIMER_INIT
  C:29FAH         LINE#         143
  C:29FAH         LINE#         144
  C:29FAH         LINE#         145
  C:29FAH         LINE#         146
  C:29FDH         LINE#         148
  C:2A00H         LINE#         149
  C:2A03H         LINE#         150
  C:2A05H         LINE#         151
  C:2A07H         LINE#         154
BL51 BANKED LINKER/LOCATER V5.03                                                      05/20/2013  16:30:53  PAGE 11


  -------         ENDPROC       TIMER_INIT
  -------         ENDMOD        MCUINIT

  -------         MODULE        UART1
  C:0000H         SYMBOL        _ICE_DUMMY_
  C:2843H         PUBLIC        uart1_init
  D:00E8H         PUBLIC        ADC0CN
  D:00A8H         PUBLIC        IE
  B:00B0H.0       PUBLIC        P3_0
  B:0098H.4       PUBLIC        REN0
  D:00D8H         PUBLIC        PCA0CN
  D:00B8H         PUBLIC        IP
  D:00C0H         PUBLIC        SMB0CN
  C:1880H         PUBLIC        ISRuart
  D:00F8H         PUBLIC        SPI0CN
  D:0089H         PUBLIC        TMOD
  D:0088H         PUBLIC        TCON
  D:00C8H         PUBLIC        TMR2CN
  C:2A5BH         PUBLIC        down_tx_disable
  C:2A2BH         PUBLIC        uart1_trans_enable
  B:00A8H.4       PUBLIC        ES0
  B:0098H.0       PUBLIC        RI0
  B:0098H.1       PUBLIC        TI0
  D:008DH         PUBLIC        TH1
  C:2A58H         PUBLIC        down_tx_enable
  B:0088H.6       PUBLIC        TR1
  C:28CAH         PUBLIC        uart1_timeout
  D:0099H         PUBLIC        SBUF0
  D:0098H         PUBLIC        SCON0
  C:2A55H         PUBLIC        uart1_rcv_enable
  X:0000H         PUBLIC        uart1
  D:00D0H         PUBLIC        PSW
  -------         PROC          UART1_INIT
  C:2843H         LINE#         15
  C:2843H         LINE#         16
  C:2843H         LINE#         22
  C:2848H         LINE#         23
  C:284CH         LINE#         24
  C:2850H         LINE#         25
  C:285DH         LINE#         27
  C:2860H         LINE#         28
  C:2868H         LINE#         29
  C:286BH         LINE#         31
  C:286DH         LINE#         32
  C:286FH         LINE#         34
  C:2871H         LINE#         35
  -------         ENDPROC       UART1_INIT
  -------         PROC          UART1_TIMEOUT
  C:28CAH         LINE#         43
  C:28CAH         LINE#         45
  C:28D0H         LINE#         46
  C:28D2H         LINE#         48
  C:28E0H         LINE#         49
  C:28E0H         LINE#         50
  C:28E2H         LINE#         51
  C:28E6H         LINE#         52
  C:28E8H         LINE#         53
BL51 BANKED LINKER/LOCATER V5.03                                                      05/20/2013  16:30:53  PAGE 12


  C:28E8H         LINE#         55
  C:28EEH         LINE#         56
  C:28F0H         LINE#         58
  -------         ENDPROC       UART1_TIMEOUT
  -------         PROC          UART1_RCV_ENABLE
  C:2A55H         LINE#         60
  C:2A55H         LINE#         61
  C:2A55H         LINE#         62
  C:2A57H         LINE#         63
  -------         ENDPROC       UART1_RCV_ENABLE
  -------         PROC          UART1_TRANS_ENABLE
  C:2A2BH         LINE#         66
  C:2A2BH         LINE#         67
  C:2A2BH         LINE#         68
  C:2A31H         LINE#         69
  C:2A33H         LINE#         70
  -------         ENDPROC       UART1_TRANS_ENABLE
  -------         PROC          ISRUART
  -------         DO            
  D:001FH         SYMBOL        uart1Tmp
  -------         ENDDO         
  C:1880H         LINE#         74
  C:188DH         LINE#         79
  C:1893H         LINE#         80
  C:1893H         LINE#         81
  C:1895H         LINE#         82
  C:189BH         LINE#         83
  C:189DH         LINE#         85
  C:18BEH         LINE#         86
  C:18BEH         LINE#         87
  C:18BEH         LINE#         88
  C:18C5H         LINE#         89
  C:18C5H         LINE#         90
  C:18CAH         LINE#         91
  C:18D6H         LINE#         92
  C:18EAH         LINE#         94
  C:18F8H         LINE#         95
  C:1904H         LINE#         97
  C:1904H         LINE#         98
  C:1907H         LINE#         100
  C:1907H         LINE#         101
  C:190BH         LINE#         102
  C:190BH         LINE#         103
  C:1910H         LINE#         104
  C:1910H         LINE#         105
  C:1912H         LINE#         106
  C:1919H         LINE#         107
  C:1919H         LINE#         108
  C:191CH         LINE#         109
  C:1928H         LINE#         110
  C:193CH         LINE#         111
  C:193EH         LINE#         113
  C:1940H         LINE#         114
  C:1942H         LINE#         116
  C:1942H         LINE#         119
  C:1956H         LINE#         120
  C:195CH         LINE#         122
BL51 BANKED LINKER/LOCATER V5.03                                                      05/20/2013  16:30:53  PAGE 13


  C:195EH         LINE#         124
  C:195EH         LINE#         125
  C:1964H         LINE#         126
  C:1978H         LINE#         127
  C:197EH         LINE#         128
  C:1980H         LINE#         130
  C:1980H         LINE#         131
  C:1994H         LINE#         132
  C:199AH         LINE#         133
  C:199DH         LINE#         134
  C:199DH         LINE#         135
  C:199FH         LINE#         136
  C:19A5H         LINE#         137
  C:19A5H         LINE#         138
  C:19A7H         LINE#         140
  C:19A7H         LINE#         141
  C:19ACH         LINE#         142
  C:19B1H         LINE#         143
  C:19B1H         LINE#         144
  C:19B1H         LINE#         145
  C:19B1H         LINE#         147
  C:19B4H         LINE#         148
  C:19B4H         LINE#         149
  C:19B6H         LINE#         151
  C:19BCH         LINE#         152
  C:19BCH         LINE#         153
  C:19CCH         LINE#         154
  C:19D6H         LINE#         155
  C:19DCH         LINE#         156
  C:19DEH         LINE#         158
  C:19E4H         LINE#         159
  C:19E4H         LINE#         160
  -------         ENDPROC       ISRUART
  -------         PROC          DOWN_TX_ENABLE
  C:2A58H         LINE#         162
  C:2A58H         LINE#         163
  C:2A58H         LINE#         165
  C:2A5AH         LINE#         166
  -------         ENDPROC       DOWN_TX_ENABLE
  -------         PROC          DOWN_TX_DISABLE
  C:2A5BH         LINE#         168
  C:2A5BH         LINE#         169
  C:2A5BH         LINE#         171
  C:2A5DH         LINE#         172
  -------         ENDPROC       DOWN_TX_DISABLE
  -------         ENDMOD        UART1

  -------         MODULE        NETCOMMAND
  C:0000H         SYMBOL        _ICE_DUMMY_
  D:00E8H         PUBLIC        ADC0CN
  D:00A8H         PUBLIC        IE
  C:28F1H         PUBLIC        uart1_set_slot_address
  B:00B0H.0       PUBLIC        P3_0
  D:00D8H         PUBLIC        PCA0CN
  C:1B37H         PUBLIC        _id_state_convert
  D:00B8H         PUBLIC        IP
  C:2917H         PUBLIC        uart_process
BL51 BANKED LINKER/LOCATER V5.03                                                      05/20/2013  16:30:53  PAGE 14


  D:00C0H         PUBLIC        SMB0CN
  C:201EH         PUBLIC        uart_frame_pack
  D:00F8H         PUBLIC        SPI0CN
  C:2175H         PUBLIC        port_state_process
  C:2423H         PUBLIC        uart1_command
  D:0088H         PUBLIC        TCON
  D:00C8H         PUBLIC        TMR2CN
  C:299BH         PUBLIC        _uart_fcs
  C:2330H         PUBLIC        slot_aging_time
  C:1C65H         PUBLIC        _copy_port_state
  C:156AH         PUBLIC        _port_status_1_port_process
  X:03E9H         SYMBOL        nextFramSendFlag
  C:2A34H         PUBLIC        slot_aging_time_init
  C:2A3BH         PUBLIC        slot_delay_time_init
  D:0098H         PUBLIC        SCON0
  C:273DH         PUBLIC        test_send_uart
  C:08BEH         PUBLIC        uart1_poll_current
  D:00D0H         PUBLIC        PSW
  -------         PROC          SLOT_AGING_TIME_INIT
  C:2A34H         LINE#         15
  C:2A34H         LINE#         16
  C:2A34H         LINE#         17
  C:2A3AH         LINE#         18
  -------         ENDPROC       SLOT_AGING_TIME_INIT
  -------         PROC          SLOT_DELAY_TIME_INIT
  C:2A3BH         LINE#         20
  C:2A3BH         LINE#         21
  C:2A3BH         LINE#         22
  C:2A41H         LINE#         23
  -------         ENDPROC       SLOT_DELAY_TIME_INIT
  -------         PROC          SLOT_AGING_TIME
  -------         DO            
  X:03E7H         SYMBOL        count
  X:03E8H         SYMBOL        i
  D:0007H         SYMBOL        tmpi
  -------         ENDDO         
  C:2330H         LINE#         26
  C:2330H         LINE#         27
  C:2330H         LINE#         32
  C:2336H         LINE#         33
  C:2338H         LINE#         35
  C:233EH         LINE#         36
  C:2340H         LINE#         38
  C:2346H         LINE#         39
  C:234AH         LINE#         41
  C:2356H         LINE#         42
  C:2356H         LINE#         43
  C:2359H         LINE#         44
  C:2359H         LINE#         46
  C:2359H         LINE#         47
  C:235CH         LINE#         50
  C:235EH         LINE#         51
  C:235EH         LINE#         53
  C:2371H         LINE#         54
  C:2376H         LINE#         57
  C:2383H         LINE#         58
  C:2385H         LINE#         59
BL51 BANKED LINKER/LOCATER V5.03                                                      05/20/2013  16:30:53  PAGE 15


  C:2385H         LINE#         60
  C:238EH         LINE#         61
  C:239BH         LINE#         63
  C:23A7H         LINE#         64
  C:23B4H         LINE#         65
  C:23B4H         LINE#         66
  C:23B4H         LINE#         67
  -------         ENDPROC       SLOT_AGING_TIME
  -------         PROC          _UART_FCS
  D:0001H         SYMBOL        ptr
  D:0005H         SYMBOL        len
  -------         DO            
  D:0007H         SYMBOL        sum
  D:0006H         SYMBOL        i
  D:0001H         SYMBOL        tempPtr
  -------         ENDDO         
  C:299BH         LINE#         71
  C:299BH         LINE#         72
  C:299BH         LINE#         77
  C:299DH         LINE#         78
  C:299DH         LINE#         80
  C:29A3H         LINE#         81
  C:29B2H         LINE#         83
  C:29B5H         LINE#         84
  -------         ENDPROC       _UART_FCS
  -------         PROC          UART_FRAME_PACK
  -------         DO            
  X:0395H         SYMBOL        ptr
  -------         ENDDO         
  C:201EH         LINE#         87
  C:201EH         LINE#         88
  C:201EH         LINE#         92
  C:202CH         LINE#         94
  C:2041H         LINE#         95
  C:2056H         LINE#         96
  C:206FH         LINE#         97
  C:2088H         LINE#         99
  C:20A0H         LINE#         101
  C:20BBH         LINE#         103
  C:20C9H         LINE#         105
  -------         ENDPROC       UART_FRAME_PACK
  -------         PROC          UART1_SET_SLOT_ADDRESS
  -------         DO            
  D:0001H         SYMBOL        ptr
  -------         ENDDO         
  C:28F1H         LINE#         108
  C:28F1H         LINE#         109
  C:28F1H         LINE#         112
  C:28F7H         LINE#         113
  C:28FDH         LINE#         114
  C:2901H         LINE#         116
  C:2906H         LINE#         118
  C:290EH         LINE#         120
  C:2914H         LINE#         121
  -------         ENDPROC       UART1_SET_SLOT_ADDRESS
  -------         PROC          _ID_STATE_CONVERT
  X:03E3H         SYMBOL        lport
BL51 BANKED LINKER/LOCATER V5.03                                                      05/20/2013  16:30:53  PAGE 16


  -------         DO            
  X:03E5H         SYMBOL        rc
  X:03E6H         SYMBOL        tmp
  -------         ENDDO         
  C:1B37H         LINE#         126
  C:1B3FH         LINE#         127
  C:1B3FH         LINE#         131
  C:1B61H         LINE#         133
  C:1B6AH         LINE#         134
  C:1B6AH         LINE#         135
  C:1B89H         LINE#         136
  C:1B89H         LINE#         137
  C:1B89H         LINE#         138
  C:1B8CH         LINE#         140
  C:1B8CH         LINE#         141
  C:1B8CH         LINE#         142
  C:1B92H         LINE#         143
  C:1B95H         LINE#         145
  C:1B95H         LINE#         146
  C:1B95H         LINE#         147
  C:1B95H         LINE#         148
  C:1B95H         LINE#         149
  C:1BBFH         LINE#         150
  C:1BCDH         LINE#         151
  C:1BD0H         LINE#         152
  C:1BD0H         LINE#         153
  C:1BD3H         LINE#         155
  C:1BD3H         LINE#         156
  C:1BF2H         LINE#         157
  C:1BF2H         LINE#         158
  C:1BF2H         LINE#         159
  C:1BF4H         LINE#         161
  C:1BF4H         LINE#         162
  C:1BF4H         LINE#         163
  C:1C17H         LINE#         164
  C:1C1DH         LINE#         165
  C:1C1FH         LINE#         167
  C:1C1FH         LINE#         168
  C:1C1FH         LINE#         169
  C:1C49H         LINE#         170
  C:1C57H         LINE#         171
  C:1C59H         LINE#         173
  C:1C59H         LINE#         174
  C:1C59H         LINE#         175
  C:1C5FH         LINE#         176
  C:1C5FH         LINE#         177
  C:1C5FH         LINE#         178
  C:1C5FH         LINE#         180
  C:1C64H         LINE#         181
  -------         ENDPROC       _ID_STATE_CONVERT
  -------         PROC          _PORT_STATUS_1_PORT_PROCESS
  X:03BFH         SYMBOL        lPortTmp
  -------         DO            
  X:03C0H         SYMBOL        classNative
  X:03C1H         SYMBOL        classDesig
  X:03C2H         SYMBOL        ptrNative
  X:03C5H         SYMBOL        ptrDesig
BL51 BANKED LINKER/LOCATER V5.03                                                      05/20/2013  16:30:53  PAGE 17


  X:03C8H         SYMBOL        curAlarmStatus
  -------         ENDDO         
  C:156AH         LINE#         183
  C:156FH         LINE#         184
  C:156FH         LINE#         190
  C:1592H         LINE#         191
  C:15B5H         LINE#         193
  C:15EEH         LINE#         194
  C:15EEH         LINE#         195
  C:15FFH         LINE#         196
  C:1610H         LINE#         197
  C:1619H         LINE#         199
  C:161EH         LINE#         200
  C:1621H         LINE#         202
  C:1621H         LINE#         203
  C:1634H         LINE#         204
  C:1647H         LINE#         206
  C:164FH         LINE#         207
  C:164FH         LINE#         208
  C:1661H         LINE#         209
  C:1667H         LINE#         210
  C:166AH         LINE#         211
  C:167BH         LINE#         212
  C:167BH         LINE#         213
  C:168DH         LINE#         214
  C:1693H         LINE#         215
  C:1695H         LINE#         216
  C:16A7H         LINE#         217
  C:16A7H         LINE#         218
  C:16B9H         LINE#         219
  C:16BFH         LINE#         220
  C:16C1H         LINE#         222
  C:16C1H         LINE#         223
  C:16D3H         LINE#         225
  C:16DCH         LINE#         226
  C:16E4H         LINE#         227
  C:16EDH         LINE#         228
  C:16F5H         LINE#         230
  C:16FBH         LINE#         231
  C:16FBH         LINE#         232
  C:16FBH         LINE#         234
  C:1700H         LINE#         235
  -------         ENDPROC       _PORT_STATUS_1_PORT_PROCESS
  -------         PROC          PORT_STATE_PROCESS
  -------         DO            
  X:03EDH         SYMBOL        i
  -------         ENDDO         
  C:2175H         LINE#         239
  C:2175H         LINE#         240
  C:2175H         LINE#         243
  C:2180H         LINE#         246
  C:2193H         LINE#         247
  C:2193H         LINE#         248
  C:21C1H         LINE#         249
  C:21C1H         LINE#         250
  C:21C1H         LINE#         251
  C:21C1H         LINE#         252
BL51 BANKED LINKER/LOCATER V5.03                                                      05/20/2013  16:30:53  PAGE 18


  C:21C1H         LINE#         253
  C:21C1H         LINE#         254
  C:21E3H         LINE#         255
  C:21E5H         LINE#         257
  C:21E5H         LINE#         258
  C:21E5H         LINE#         259
  C:21F7H         LINE#         260
  C:21F9H         LINE#         262
  C:21F9H         LINE#         263
  C:21F9H         LINE#         264
  C:2212H         LINE#         265
  C:2212H         LINE#         267
  C:2212H         LINE#         268
  C:221BH         LINE#         270
  -------         ENDPROC       PORT_STATE_PROCESS
  -------         PROC          _COPY_PORT_STATE
  X:03DBH         SYMBOL        ptrIn
  -------         DO            
  X:03DEH         SYMBOL        i
  X:03DFH         SYMBOL        sendBytes
  X:03E0H         SYMBOL        ptr
  -------         ENDDO         
  C:1C65H         LINE#         272
  C:1C70H         LINE#         273
  C:1C70H         LINE#         278
  C:1C75H         LINE#         279
  C:1C8BH         LINE#         280
  C:1C9BH         LINE#         281
  C:1C9BH         LINE#         282
  C:1CBBH         LINE#         283
  C:1CC5H         LINE#         284
  C:1CEAH         LINE#         285
  C:1CEAH         LINE#         286
  C:1CEAH         LINE#         287
  C:1CEAH         LINE#         288
  C:1CEAH         LINE#         289
  C:1CF1H         LINE#         290
  C:1CF3H         LINE#         292
  C:1CF3H         LINE#         293
  C:1CFAH         LINE#         294
  C:1CFAH         LINE#         295
  C:1CFAH         LINE#         296
  C:1D02H         LINE#         298
  C:1D0DH         LINE#         299
  C:1D0DH         LINE#         300
  C:1D15H         LINE#         301
  C:1D15H         LINE#         302
  C:1D1AH         LINE#         303
  C:1D30H         LINE#         304
  C:1D32H         LINE#         306
  C:1D32H         LINE#         307
  C:1D38H         LINE#         308
  C:1D56H         LINE#         309
  C:1D56H         LINE#         311
  C:1D66H         LINE#         312
  C:1D66H         LINE#         313
  C:1D76H         LINE#         314
BL51 BANKED LINKER/LOCATER V5.03                                                      05/20/2013  16:30:53  PAGE 19


  C:1D80H         LINE#         315
  C:1D88H         LINE#         316
  C:1D88H         LINE#         317
  -------         ENDPROC       _COPY_PORT_STATE
  -------         PROC          UART1_POLL_CURRENT
  -------         DO            
  X:03B4H         SYMBOL        srcPtr
  X:03B7H         SYMBOL        destPtr
  X:03BAH         SYMBOL        i
  X:03BBH         SYMBOL        tmpInt
  X:03BDH         SYMBOL        tmp
  -------         ENDDO         
  C:08BEH         LINE#         320
  C:08BEH         LINE#         321
  C:08BEH         LINE#         326
  C:08C4H         LINE#         327
  C:08CAH         LINE#         330
  C:08DBH         LINE#         331
  C:08ECH         LINE#         332
  C:08FCH         LINE#         333
  C:08FCH         LINE#         334
  C:0924H         LINE#         335
  C:092CH         LINE#         338
  C:094AH         LINE#         339
  C:096BH         LINE#         340
  C:0975H         LINE#         342
  C:097EH         LINE#         343
  C:0991H         LINE#         344
  C:0991H         LINE#         345
  C:09AEH         LINE#         346
  C:09AEH         LINE#         347
  C:09D1H         LINE#         349
  C:09EDH         LINE#         350
  C:0A23H         LINE#         351
  C:0A2DH         LINE#         352
  C:0A2DH         LINE#         353
  C:0A44H         LINE#         354
  C:0A4DH         LINE#         356
  C:0A50H         LINE#         359
  C:0A61H         LINE#         360
  C:0A6FH         LINE#         361
  C:0A8DH         LINE#         363
  C:0AA0H         LINE#         364
  C:0AA0H         LINE#         365
  C:0AC3H         LINE#         366
  C:0AC3H         LINE#         367
  C:0AC3H         LINE#         368
  C:0AC3H         LINE#         369
  C:0AC3H         LINE#         370
  C:0B06H         LINE#         371
  C:0B10H         LINE#         372
  C:0B12H         LINE#         374
  C:0B12H         LINE#         375
  C:0B55H         LINE#         376
  C:0B5FH         LINE#         377
  C:0B5FH         LINE#         378
  C:0B5FH         LINE#         379
BL51 BANKED LINKER/LOCATER V5.03                                                      05/20/2013  16:30:53  PAGE 20


  C:0B72H         LINE#         380
  C:0B9AH         LINE#         381
  C:0BA7H         LINE#         382
  -------         ENDPROC       UART1_POLL_CURRENT
  -------         PROC          UART1_COMMAND
  -------         DO            
  X:03EEH         SYMBOL        cTmp
  -------         ENDDO         
  C:2423H         LINE#         385
  C:2423H         LINE#         386
  C:2423H         LINE#         391
  C:2436H         LINE#         392
  C:243EH         LINE#         397
  C:2454H         LINE#         398
  C:2454H         LINE#         399
  C:2454H         LINE#         400
  C:2455H         LINE#         402
  C:2455H         LINE#         403
  C:245DH         LINE#         404
  C:245DH         LINE#         405
  C:2460H         LINE#         406
  C:2463H         LINE#         407
  C:2464H         LINE#         408
  C:2472H         LINE#         409
  C:2472H         LINE#         410
  C:2475H         LINE#         411
  C:2475H         LINE#         412
  C:2476H         LINE#         414
  C:2476H         LINE#         415
  C:248CH         LINE#         416
  C:248FH         LINE#         417
  C:248FH         LINE#         418
  C:248FH         LINE#         419
  C:248FH         LINE#         420
  C:248FH         LINE#         423
  -------         ENDPROC       UART1_COMMAND
  -------         PROC          TEST_SEND_UART
  -------         DO            
  X:03EFH         SYMBOL        i
  -------         ENDDO         
  C:273DH         LINE#         426
  C:273DH         LINE#         427
  C:273DH         LINE#         430
  C:273FH         LINE#         432
  C:274FH         LINE#         433
  C:274FH         LINE#         434
  C:2761H         LINE#         435
  C:2769H         LINE#         438
  C:276FH         LINE#         440
  C:2772H         LINE#         442
  C:2775H         LINE#         444
  -------         ENDPROC       TEST_SEND_UART
  -------         PROC          UART_PROCESS
  C:2917H         LINE#         446
  C:2917H         LINE#         447
  C:2917H         LINE#         448
  C:2920H         LINE#         449
BL51 BANKED LINKER/LOCATER V5.03                                                      05/20/2013  16:30:53  PAGE 21


  C:2920H         LINE#         451
  C:2923H         LINE#         452
  C:2926H         LINE#         454
  C:292EH         LINE#         455
  C:292EH         LINE#         456
  C:2931H         LINE#         457
  C:2934H         LINE#         458
  C:2934H         LINE#         460
  C:2939H         LINE#         461
  C:2939H         LINE#         463
  C:293CH         LINE#         464
  -------         ENDPROC       UART_PROCESS
  -------         ENDMOD        NETCOMMAND

  -------         MODULE        AT24C01
  C:0000H         SYMBOL        _ICE_DUMMY_
  D:0080H         PUBLIC        P0
  D:0090H         PUBLIC        P1
  D:00A0H         PUBLIC        P2
  D:00B0H         PUBLIC        P3
  D:00E8H         PUBLIC        ADC0CN
  D:00A8H         PUBLIC        IE
  D:00D8H         PUBLIC        PCA0CN
  D:00B8H         PUBLIC        IP
  C:20CAH         PUBLIC        _page_write_24c01
  C:1D89H         PUBLIC        _eid_page_read_24c01
  D:00C0H         PUBLIC        SMB0CN
  D:00F8H         PUBLIC        SPI0CN
  D:0088H         PUBLIC        TCON
  D:00C8H         PUBLIC        TMR2CN
  C:0003H         SYMBOL        _?ix1000
  C:0007H         SYMBOL        _?ix1001
  C:2669H         PUBLIC        test_read_write
  D:0098H         PUBLIC        SCON0
  D:00D0H         PUBLIC        PSW
  -------         PROC          _PAGE_WRITE_24C01
  X:03A6H         SYMBOL        cPortNum
  D:0004H         SYMBOL        addr
  D:0001H         SYMBOL        dat
  X:03ACH         SYMBOL        num
  -------         DO            
  X:03ADH         SYMBOL        contByte
  X:03AEH         SYMBOL        temp_num
  X:03AFH         SYMBOL        union1
  X:03B1H         SYMBOL        ptr_dat
  -------         ENDDO         
  C:20CAH         LINE#         7
  C:20CFH         LINE#         8
  C:20CFH         LINE#         13
  C:20D7H         LINE#         14
  C:20E2H         LINE#         15
  C:20ECH         LINE#         16
  C:20F8H         LINE#         18
  C:2100H         LINE#         20
  C:210DH         LINE#         21
  C:2118H         LINE#         22
  C:211BH         LINE#         28
BL51 BANKED LINKER/LOCATER V5.03                                                      05/20/2013  16:30:53  PAGE 22


  C:2128H         LINE#         29
  C:2133H         LINE#         30
  C:2136H         LINE#         32
  C:2140H         LINE#         33
  C:2140H         LINE#         34
  C:215CH         LINE#         35
  C:2167H         LINE#         36
  C:216AH         LINE#         37
  C:216AH         LINE#         39
  C:2172H         LINE#         41
  C:2174H         LINE#         42
  -------         ENDPROC       _PAGE_WRITE_24C01
  -------         PROC          _EID_PAGE_READ_24C01
  X:0398H         SYMBOL        cPortNum
  D:0004H         SYMBOL        addr
  D:0001H         SYMBOL        dat
  X:039EH         SYMBOL        num
  -------         DO            
  X:039FH         SYMBOL        contByte
  X:03A0H         SYMBOL        temp_num
  X:03A1H         SYMBOL        union1
  X:03A3H         SYMBOL        ptr_dat
  -------         ENDDO         
  C:1D89H         LINE#         44
  C:1D8EH         LINE#         45
  C:1D8EH         LINE#         50
  C:1D97H         LINE#         51
  C:1DA2H         LINE#         52
  C:1DACH         LINE#         53
  C:1DB8H         LINE#         56
  C:1DC0H         LINE#         58
  C:1DCDH         LINE#         59
  C:1DD8H         LINE#         60
  C:1DDBH         LINE#         66
  C:1DE8H         LINE#         67
  C:1DF3H         LINE#         68
  C:1DF6H         LINE#         70
  C:1E02H         LINE#         72
  C:1E0AH         LINE#         73
  C:1E17H         LINE#         74
  C:1E22H         LINE#         75
  C:1E25H         LINE#         77
  C:1E2EH         LINE#         78
  C:1E2EH         LINE#         79
  C:1E38H         LINE#         80
  C:1E38H         LINE#         81
  C:1E54H         LINE#         82
  C:1E5CH         LINE#         83
  C:1E5EH         LINE#         84
  C:1E5EH         LINE#         86
  C:1E75H         LINE#         87
  C:1E7DH         LINE#         89
  C:1E7FH         LINE#         90
  -------         ENDPROC       _EID_PAGE_READ_24C01
  -------         PROC          TEST_READ_WRITE
  -------         DO            
  X:03C9H         SYMBOL        dat
BL51 BANKED LINKER/LOCATER V5.03                                                      05/20/2013  16:30:53  PAGE 23


  X:03CDH         SYMBOL        i
  X:03CEH         SYMBOL        dat1
  -------         ENDDO         
  C:2669H         LINE#         93
  C:2669H         LINE#         94
  C:2669H         LINE#         95
  C:267CH         LINE#         97
  C:268FH         LINE#         100
  C:269EH         LINE#         101
  C:269EH         LINE#         102
  C:26B0H         LINE#         103
  C:26B0H         LINE#         104
  C:26B0H         LINE#         105
  C:26B0H         LINE#         106
  C:26B0H         LINE#         107
  C:26B0H         LINE#         108
  C:26B0H         LINE#         109
  C:26B8H         LINE#         111
  -------         ENDPROC       TEST_READ_WRITE
  -------         ENDMOD        AT24C01

  -------         MODULE        IDPROCESS
  C:0000H         SYMBOL        _ICE_DUMMY_
  D:0080H         PUBLIC        P0
  D:0090H         PUBLIC        P1
  D:00A0H         PUBLIC        P2
  D:00B0H         PUBLIC        P3
  X:036CH         PUBLIC        id_phy_state
  C:138DH         PUBLIC        refresh_current_id
  D:00E8H         PUBLIC        ADC0CN
  D:00A8H         PUBLIC        IE
  C:26B9H         PUBLIC        _id_check
  D:00D8H         PUBLIC        PCA0CN
  D:00B8H         PUBLIC        IP
  D:00C0H         PUBLIC        SMB0CN
  C:29CBH         PUBLIC        _id_check_null
  D:00F8H         PUBLIC        SPI0CN
  D:0088H         PUBLIC        TCON
  D:00C8H         PUBLIC        TMR2CN
  C:1F58H         PUBLIC        _eid_phy_read
  X:0378H         PUBLIC        id_phy_change
  D:0098H         PUBLIC        SCON0
  D:00D0H         PUBLIC        PSW
  X:0384H         PUBLIC        idTmpData
  -------         PROC          _ID_CHECK_NULL
  D:0001H         SYMBOL        ptr
  -------         DO            
  D:0007H         SYMBOL        i
  -------         ENDDO         
  C:29CBH         LINE#         11
  C:29CBH         LINE#         12
  C:29CBH         LINE#         15
  C:29CDH         LINE#         16
  C:29CDH         LINE#         17
  C:29D2H         LINE#         18
  C:29D5H         LINE#         19
  C:29DAH         LINE#         21
BL51 BANKED LINKER/LOCATER V5.03                                                      05/20/2013  16:30:53  PAGE 24


  C:29DCH         LINE#         22
  -------         ENDPROC       _ID_CHECK_NULL
  -------         PROC          _ID_CHECK
  X:0397H         SYMBOL        ptr
  -------         DO            
  D:0007H         SYMBOL        rc
  D:0006H         SYMBOL        i
  D:0001H         SYMBOL        tmpPtr
  -------         ENDDO         
  C:26B9H         LINE#         24
  C:26C4H         LINE#         25
  C:26C4H         LINE#         31
  C:26C6H         LINE#         32
  C:26D6H         LINE#         33
  C:26D8H         LINE#         34
  C:26D8H         LINE#         35
  C:26DDH         LINE#         36
  C:26E4H         LINE#         37
  C:26E9H         LINE#         39
  C:26FDH         LINE#         40
  C:2700H         LINE#         42
  C:2702H         LINE#         43
  -------         ENDPROC       _ID_CHECK
  -------         PROC          _EID_PHY_READ
  X:0397H         SYMBOL        ch
  -------         DO            
  D:0006H         SYMBOL        tmp
  -------         ENDDO         
  C:1F58H         LINE#         51
  C:1F5DH         LINE#         52
  C:1F5DH         LINE#         55
  C:1F74H         LINE#         56
  C:1F74H         LINE#         57
  C:1F86H         LINE#         58
  C:1FA1H         LINE#         61
  C:1FB4H         LINE#         62
  C:1FC5H         LINE#         64
  C:1FC7H         LINE#         66
  C:1FC7H         LINE#         67
  C:1FD9H         LINE#         68
  C:1FE6H         LINE#         69
  C:1FE6H         LINE#         71
  C:1FF7H         LINE#         72
  C:1FFCH         LINE#         73
  C:1FFCH         LINE#         74
  C:2003H         LINE#         75
  C:2018H         LINE#         77
  C:201BH         LINE#         78
  C:201BH         LINE#         80
  C:201DH         LINE#         81
  -------         ENDPROC       _EID_PHY_READ
  -------         PROC          REFRESH_CURRENT_ID
  -------         DO            
  X:036BH         SYMBOL        lport
  X:0395H         SYMBOL        rc
  X:0396H         SYMBOL        tmp
  -------         ENDDO         
BL51 BANKED LINKER/LOCATER V5.03                                                      05/20/2013  16:30:53  PAGE 25


  C:138DH         LINE#         83
  C:138DH         LINE#         84
  C:138DH         LINE#         90
  C:139AH         LINE#         91
  C:13ABH         LINE#         92
  C:13C0H         LINE#         94
  C:13CDH         LINE#         95
  C:13D2H         LINE#         98
  C:13D7H         LINE#         99
  C:13E6H         LINE#         100
  C:13E6H         LINE#         101
  C:13ECH         LINE#         102
  C:13ECH         LINE#         103
  C:13F2H         LINE#         104
  C:13FFH         LINE#         106
  C:13FFH         LINE#         107
  C:13FFH         LINE#         108
  C:1401H         LINE#         109
  C:1410H         LINE#         110
  C:1410H         LINE#         111
  C:1413H         LINE#         112
  C:142EH         LINE#         114
  C:1445H         LINE#         115
  C:1466H         LINE#         116
  C:1468H         LINE#         118
  C:1468H         LINE#         119
  C:146BH         LINE#         121
  C:1482H         LINE#         122
  C:1495H         LINE#         123
  C:1495H         LINE#         124
  C:1497H         LINE#         126
  C:1497H         LINE#         127
  C:149CH         LINE#         129
  C:14B3H         LINE#         130
  C:14C4H         LINE#         131
  C:14C4H         LINE#         134
  C:14F3H         LINE#         135
  C:14F5H         LINE#         136
  C:14F5H         LINE#         137
  C:150CH         LINE#         138
  C:1533H         LINE#         140
  C:154EH         LINE#         141
  C:1556H         LINE#         142
  C:1569H         LINE#         143
  C:1569H         LINE#         145
  -------         ENDPROC       REFRESH_CURRENT_ID
  -------         ENDMOD        IDPROCESS

  -------         MODULE        IICPROCESS
  C:0000H         SYMBOL        _ICE_DUMMY_
  D:0080H         PUBLIC        P0
  D:0090H         PUBLIC        P1
  D:00A0H         PUBLIC        P2
  D:00B0H         PUBLIC        P3
  C:0BA8H         PUBLIC        _i2c_writeByte
  C:19EFH         PUBLIC        _i2c_stop
  D:00E8H         PUBLIC        ADC0CN
BL51 BANKED LINKER/LOCATER V5.03                                                      05/20/2013  16:30:53  PAGE 26


  D:00A8H         PUBLIC        IE
  C:05C8H         PUBLIC        _i2c_get_ack
  D:00D8H         PUBLIC        PCA0CN
  D:00B8H         PUBLIC        IP
  D:00C0H         PUBLIC        SMB0CN
  D:00F8H         PUBLIC        SPI0CN
  D:0088H         PUBLIC        TCON
  D:00C8H         PUBLIC        TMR2CN
  B:00A0H.3       PUBLIC        IIC_SDA1
  B:00A0H.5       PUBLIC        IIC_SDA2
  B:00A0H.7       PUBLIC        IIC_SDA3
  B:00B0H.3       PUBLIC        IIC_SDA4
  B:0080H.0       PUBLIC        IIC_SDA5
  B:0080H.2       PUBLIC        IIC_SDA6
  B:00A0H.2       PUBLIC        IIC_SDA7
  B:00A0H.0       PUBLIC        IIC_SDA8
  B:0090H.6       PUBLIC        IIC_SDA9
  B:0080H.3       PUBLIC        IIC_SCL1
  B:0080H.3       PUBLIC        IIC_SCL2
  B:0080H.3       PUBLIC        IIC_SCL3
  B:0080H.3       PUBLIC        IIC_SCL4
  B:0080H.3       PUBLIC        IIC_SCL5
  B:0080H.3       PUBLIC        IIC_SCL6
  B:0090H.0       PUBLIC        IIC_SCL7
  B:0090H.0       PUBLIC        IIC_SCL8
  B:0090H.0       PUBLIC        IIC_SCL9
  D:0098H         PUBLIC        SCON0
  C:10FEH         PUBLIC        _i2c_start
  B:0090H.4       PUBLIC        IIC_SDA10
  B:0090H.2       PUBLIC        IIC_SDA11
  B:0090H.1       PUBLIC        IIC_SDA12
  C:0026H         PUBLIC        _i2c_readByte
  C:1E80H         PUBLIC        _i2c_init
  B:0090H.0       PUBLIC        IIC_SCL10
  D:00D0H         PUBLIC        PSW
  B:0090H.0       PUBLIC        IIC_SCL11
  C:0E66H         PUBLIC        _i2c_send_ack
  B:0090H.0       PUBLIC        IIC_SCL12
  -------         PROC          _I2C_INIT
  D:0007H         SYMBOL        cPortNum
  C:1E80H         LINE#         9
  C:1E80H         LINE#         10
  C:1E80H         LINE#         11
  C:1EB4H         LINE#         12
  C:1EB4H         LINE#         13
  C:1EB4H         LINE#         14
  C:1EB4H         LINE#         15
  C:1EB6H         LINE#         16
  C:1EBDH         LINE#         18
  C:1EBFH         LINE#         19
  C:1EBFH         LINE#         20
  C:1EC2H         LINE#         21
  C:1EC2H         LINE#         22
  C:1EC2H         LINE#         23
  C:1EC2H         LINE#         24
  C:1EC4H         LINE#         25
  C:1ECBH         LINE#         27
BL51 BANKED LINKER/LOCATER V5.03                                                      05/20/2013  16:30:53  PAGE 27


  C:1ECDH         LINE#         28
  C:1ECDH         LINE#         29
  C:1ED0H         LINE#         30
  C:1ED0H         LINE#         31
  C:1ED0H         LINE#         32
  C:1ED0H         LINE#         33
  C:1ED2H         LINE#         34
  C:1ED9H         LINE#         36
  C:1EDBH         LINE#         37
  C:1EDBH         LINE#         38
  C:1EDDH         LINE#         39
  C:1EDDH         LINE#         40
  C:1EDDH         LINE#         41
  C:1EDDH         LINE#         42
  C:1EDFH         LINE#         43
  C:1EE6H         LINE#         45
  C:1EE8H         LINE#         46
  C:1EE8H         LINE#         47
  C:1EEAH         LINE#         48
  C:1EEAH         LINE#         49
  C:1EEAH         LINE#         50
  C:1EEAH         LINE#         51
  C:1EECH         LINE#         52
  C:1EF3H         LINE#         54
  C:1EF5H         LINE#         55
  C:1EF5H         LINE#         56
  C:1EF7H         LINE#         57
  C:1EF7H         LINE#         58
  C:1EF7H         LINE#         59
  C:1EF7H         LINE#         60
  C:1EF9H         LINE#         61
  C:1F00H         LINE#         63
  C:1F02H         LINE#         64
  C:1F02H         LINE#         65
  C:1F04H         LINE#         66
  C:1F04H         LINE#         67
  C:1F04H         LINE#         68
  C:1F04H         LINE#         69
  C:1F06H         LINE#         70
  C:1F0DH         LINE#         72
  C:1F0FH         LINE#         73
  C:1F0FH         LINE#         74
  C:1F11H         LINE#         75
  C:1F11H         LINE#         76
  C:1F11H         LINE#         77
  C:1F11H         LINE#         78
  C:1F13H         LINE#         79
  C:1F1AH         LINE#         81
  C:1F1CH         LINE#         82
  C:1F1CH         LINE#         83
  C:1F1EH         LINE#         84
  C:1F1EH         LINE#         85
  C:1F1EH         LINE#         86
  C:1F1EH         LINE#         87
  C:1F20H         LINE#         88
  C:1F27H         LINE#         90
  C:1F29H         LINE#         91
BL51 BANKED LINKER/LOCATER V5.03                                                      05/20/2013  16:30:53  PAGE 28


  C:1F29H         LINE#         92
  C:1F2BH         LINE#         93
  C:1F2BH         LINE#         94
  C:1F2BH         LINE#         95
  C:1F2BH         LINE#         96
  C:1F2DH         LINE#         97
  C:1F34H         LINE#         99
  C:1F36H         LINE#         100
  C:1F36H         LINE#         101
  C:1F38H         LINE#         102
  C:1F38H         LINE#         103
  C:1F38H         LINE#         104
  C:1F38H         LINE#         105
  C:1F3AH         LINE#         106
  C:1F41H         LINE#         108
  C:1F43H         LINE#         109
  C:1F43H         LINE#         110
  C:1F45H         LINE#         111
  C:1F45H         LINE#         112
  C:1F45H         LINE#         113
  C:1F45H         LINE#         114
  C:1F47H         LINE#         115
  C:1F4EH         LINE#         117
  C:1F50H         LINE#         118
  C:1F57H         LINE#         119
  C:1F57H         LINE#         120
  C:1F57H         LINE#         121
  C:1F57H         LINE#         122
  C:1F57H         LINE#         123
  -------         ENDPROC       _I2C_INIT
  -------         PROC          _I2C_START
  D:0007H         SYMBOL        cPortNum
  C:10FEH         LINE#         125
  C:10FEH         LINE#         126
  C:10FEH         LINE#         127
  C:1132H         LINE#         128
  C:1132H         LINE#         129
  C:1132H         LINE#         130
  C:1132H         LINE#         131
  C:1134H         LINE#         132
  C:113BH         LINE#         133
  C:114DH         LINE#         135
  C:114FH         LINE#         136
  C:1156H         LINE#         137
  C:1161H         LINE#         138
  C:1164H         LINE#         139
  C:1164H         LINE#         140
  C:1164H         LINE#         141
  C:1164H         LINE#         142
  C:1166H         LINE#         143
  C:116DH         LINE#         144
  C:117FH         LINE#         146
  C:1181H         LINE#         147
  C:1188H         LINE#         148
  C:1193H         LINE#         149
  C:1196H         LINE#         150
  C:1196H         LINE#         151
BL51 BANKED LINKER/LOCATER V5.03                                                      05/20/2013  16:30:53  PAGE 29


  C:1196H         LINE#         152
  C:1196H         LINE#         153
  C:1198H         LINE#         154
  C:119FH         LINE#         155
  C:11B1H         LINE#         157
  C:11B3H         LINE#         158
  C:11BAH         LINE#         159
  C:11C5H         LINE#         160
  C:11C8H         LINE#         161
  C:11C8H         LINE#         162
  C:11C8H         LINE#         163
  C:11C8H         LINE#         164
  C:11CAH         LINE#         165
  C:11D1H         LINE#         166
  C:11E3H         LINE#         168
  C:11E5H         LINE#         169
  C:11ECH         LINE#         170
  C:11F7H         LINE#         171
  C:11FAH         LINE#         172
  C:11FAH         LINE#         173
  C:11FAH         LINE#         174
  C:11FAH         LINE#         175
  C:11FCH         LINE#         176
  C:1203H         LINE#         177
  C:1215H         LINE#         179
  C:1217H         LINE#         180
  C:121EH         LINE#         181
  C:1229H         LINE#         182
  C:122CH         LINE#         183
  C:122CH         LINE#         184
  C:122CH         LINE#         185
  C:122CH         LINE#         186
  C:122EH         LINE#         187
  C:1235H         LINE#         188
  C:1247H         LINE#         190
  C:1249H         LINE#         191
  C:1250H         LINE#         192
  C:125BH         LINE#         193
  C:125EH         LINE#         194
  C:125EH         LINE#         195
  C:125EH         LINE#         196
  C:125EH         LINE#         197
  C:1260H         LINE#         198
  C:1267H         LINE#         199
  C:1279H         LINE#         201
  C:127BH         LINE#         202
  C:1282H         LINE#         203
  C:128DH         LINE#         204
  C:1290H         LINE#         205
  C:1290H         LINE#         206
  C:1290H         LINE#         207
  C:1290H         LINE#         208
  C:1292H         LINE#         209
  C:1299H         LINE#         210
  C:12ABH         LINE#         212
  C:12ADH         LINE#         213
  C:12B4H         LINE#         214
BL51 BANKED LINKER/LOCATER V5.03                                                      05/20/2013  16:30:53  PAGE 30


  C:12BFH         LINE#         215
  C:12C2H         LINE#         216
  C:12C2H         LINE#         217
  C:12C2H         LINE#         218
  C:12C2H         LINE#         219
  C:12C4H         LINE#         220
  C:12CBH         LINE#         221
  C:12DDH         LINE#         223
  C:12DFH         LINE#         224
  C:12E6H         LINE#         225
  C:12F1H         LINE#         226
  C:12F4H         LINE#         227
  C:12F4H         LINE#         228
  C:12F4H         LINE#         229
  C:12F4H         LINE#         230
  C:12F6H         LINE#         231
  C:12FDH         LINE#         232
  C:130FH         LINE#         234
  C:1311H         LINE#         235
  C:1318H         LINE#         236
  C:1323H         LINE#         237
  C:1325H         LINE#         238
  C:1325H         LINE#         239
  C:1325H         LINE#         240
  C:1325H         LINE#         241
  C:1327H         LINE#         242
  C:132EH         LINE#         243
  C:1340H         LINE#         245
  C:1342H         LINE#         246
  C:1349H         LINE#         247
  C:1354H         LINE#         248
  C:1356H         LINE#         249
  C:1356H         LINE#         250
  C:1356H         LINE#         251
  C:1356H         LINE#         252
  C:1358H         LINE#         253
  C:135FH         LINE#         254
  C:1371H         LINE#         256
  C:1373H         LINE#         257
  C:137AH         LINE#         258
  C:138CH         LINE#         259
  C:138CH         LINE#         260
  C:138CH         LINE#         261
  C:138CH         LINE#         262
  C:138CH         LINE#         263
  -------         ENDPROC       _I2C_START
  -------         PROC          _I2C_STOP
  D:0007H         SYMBOL        cPortNum
  C:19EFH         LINE#         265
  C:19EFH         LINE#         266
  C:19EFH         LINE#         267
  C:1A23H         LINE#         268
  C:1A23H         LINE#         269
  C:1A23H         LINE#         270
  C:1A23H         LINE#         271
  C:1A25H         LINE#         272
  C:1A2CH         LINE#         274
BL51 BANKED LINKER/LOCATER V5.03                                                      05/20/2013  16:30:53  PAGE 31


  C:1A2EH         LINE#         275
  C:1A35H         LINE#         277
  C:1A37H         LINE#         278
  C:1A37H         LINE#         279
  C:1A3AH         LINE#         280
  C:1A3AH         LINE#         281
  C:1A3AH         LINE#         282
  C:1A3AH         LINE#         283
  C:1A3CH         LINE#         284
  C:1A43H         LINE#         286
  C:1A45H         LINE#         287
  C:1A4CH         LINE#         289
  C:1A4EH         LINE#         290
  C:1A4EH         LINE#         291
  C:1A51H         LINE#         292
  C:1A51H         LINE#         293
  C:1A51H         LINE#         294
  C:1A51H         LINE#         295
  C:1A53H         LINE#         296
  C:1A5AH         LINE#         298
  C:1A5CH         LINE#         299
  C:1A63H         LINE#         301
  C:1A65H         LINE#         302
  C:1A65H         LINE#         303
  C:1A68H         LINE#         304
  C:1A68H         LINE#         305
  C:1A68H         LINE#         306
  C:1A68H         LINE#         307
  C:1A6AH         LINE#         308
  C:1A71H         LINE#         310
  C:1A73H         LINE#         311
  C:1A7AH         LINE#         313
  C:1A7CH         LINE#         314
  C:1A7CH         LINE#         315
  C:1A7FH         LINE#         316
  C:1A7FH         LINE#         317
  C:1A7FH         LINE#         318
  C:1A7FH         LINE#         319
  C:1A81H         LINE#         320
  C:1A88H         LINE#         322
  C:1A8AH         LINE#         323
  C:1A91H         LINE#         325
  C:1A93H         LINE#         326
  C:1A93H         LINE#         327
  C:1A96H         LINE#         328
  C:1A96H         LINE#         329
  C:1A96H         LINE#         330
  C:1A96H         LINE#         331
  C:1A98H         LINE#         332
  C:1A9FH         LINE#         334
  C:1AA1H         LINE#         335
  C:1AA8H         LINE#         337
  C:1AAAH         LINE#         338
  C:1AAAH         LINE#         339
  C:1AADH         LINE#         340
  C:1AADH         LINE#         341
  C:1AADH         LINE#         342
BL51 BANKED LINKER/LOCATER V5.03                                                      05/20/2013  16:30:53  PAGE 32


  C:1AADH         LINE#         343
  C:1AAFH         LINE#         344
  C:1AB6H         LINE#         346
  C:1AB8H         LINE#         347
  C:1ABFH         LINE#         349
  C:1AC1H         LINE#         350
  C:1AC1H         LINE#         351
  C:1AC3H         LINE#         352
  C:1AC3H         LINE#         353
  C:1AC3H         LINE#         354
  C:1AC3H         LINE#         355
  C:1AC5H         LINE#         356
  C:1ACCH         LINE#         358
  C:1ACEH         LINE#         359
  C:1AD5H         LINE#         361
  C:1AD7H         LINE#         362
  C:1AD7H         LINE#         363
  C:1AD9H         LINE#         364
  C:1AD9H         LINE#         365
  C:1AD9H         LINE#         366
  C:1AD9H         LINE#         367
  C:1ADBH         LINE#         368
  C:1AE2H         LINE#         370
  C:1AE4H         LINE#         371
  C:1AEBH         LINE#         373
  C:1AEDH         LINE#         374
  C:1AEDH         LINE#         375
  C:1AEFH         LINE#         376
  C:1AEFH         LINE#         377
  C:1AEFH         LINE#         378
  C:1AEFH         LINE#         379
  C:1AF1H         LINE#         380
  C:1AF8H         LINE#         382
  C:1AFAH         LINE#         383
  C:1B01H         LINE#         385
  C:1B03H         LINE#         386
  C:1B03H         LINE#         387
  C:1B05H         LINE#         388
  C:1B05H         LINE#         389
  C:1B05H         LINE#         390
  C:1B05H         LINE#         391
  C:1B07H         LINE#         392
  C:1B0EH         LINE#         394
  C:1B10H         LINE#         395
  C:1B17H         LINE#         397
  C:1B19H         LINE#         398
  C:1B19H         LINE#         399
  C:1B1BH         LINE#         400
  C:1B1BH         LINE#         401
  C:1B1BH         LINE#         402
  C:1B1BH         LINE#         403
  C:1B1DH         LINE#         404
  C:1B24H         LINE#         406
  C:1B26H         LINE#         407
  C:1B2DH         LINE#         409
  C:1B2FH         LINE#         410
  C:1B36H         LINE#         411
BL51 BANKED LINKER/LOCATER V5.03                                                      05/20/2013  16:30:53  PAGE 33


  C:1B36H         LINE#         412
  C:1B36H         LINE#         413
  C:1B36H         LINE#         414
  C:1B36H         LINE#         415
  -------         ENDPROC       _I2C_STOP
  -------         PROC          _I2C_GET_ACK
  D:0007H         SYMBOL        cPortNum
  C:05C8H         LINE#         417
  C:05C8H         LINE#         418
  C:05C8H         LINE#         419
  C:05FCH         LINE#         420
  C:05FCH         LINE#         421
  C:05FCH         LINE#         422
  C:05FCH         LINE#         423
  C:05FEH         LINE#         424
  C:0605H         LINE#         426
  C:0617H         LINE#         427
  C:061AH         LINE#         428
  C:061AH         LINE#         429
  C:0625H         LINE#         430
  C:0628H         LINE#         431
  C:0628H         LINE#         433
  C:0628H         LINE#         434
  C:0633H         LINE#         435
  C:0636H         LINE#         436
  C:0636H         LINE#         437
  C:0636H         LINE#         438
  C:0636H         LINE#         439
  C:0636H         LINE#         440
  C:0636H         LINE#         441
  C:0638H         LINE#         442
  C:063FH         LINE#         444
  C:0651H         LINE#         445
  C:0654H         LINE#         446
  C:0654H         LINE#         447
  C:065FH         LINE#         448
  C:0662H         LINE#         449
  C:0662H         LINE#         451
  C:0662H         LINE#         452
  C:066DH         LINE#         453
  C:0670H         LINE#         454
  C:0670H         LINE#         455
  C:0670H         LINE#         456
  C:0670H         LINE#         457
  C:0670H         LINE#         458
  C:0670H         LINE#         459
  C:0672H         LINE#         460
  C:0679H         LINE#         462
  C:068BH         LINE#         463
  C:068EH         LINE#         464
  C:068EH         LINE#         465
  C:0699H         LINE#         466
  C:069CH         LINE#         467
  C:069CH         LINE#         469
  C:069CH         LINE#         470
  C:06A7H         LINE#         471
  C:06AAH         LINE#         472
BL51 BANKED LINKER/LOCATER V5.03                                                      05/20/2013  16:30:53  PAGE 34


  C:06AAH         LINE#         473
  C:06AAH         LINE#         474
  C:06AAH         LINE#         475
  C:06AAH         LINE#         476
  C:06AAH         LINE#         477
  C:06ACH         LINE#         478
  C:06B3H         LINE#         480
  C:06C5H         LINE#         481
  C:06C8H         LINE#         482
  C:06C8H         LINE#         483
  C:06D3H         LINE#         484
  C:06D6H         LINE#         485
  C:06D6H         LINE#         487
  C:06D6H         LINE#         488
  C:06E1H         LINE#         489
  C:06E4H         LINE#         490
  C:06E4H         LINE#         491
  C:06E4H         LINE#         492
  C:06E4H         LINE#         493
  C:06E4H         LINE#         494
  C:06E4H         LINE#         495
  C:06E6H         LINE#         496
  C:06EDH         LINE#         498
  C:06FFH         LINE#         499
  C:0702H         LINE#         500
  C:0702H         LINE#         501
  C:070DH         LINE#         502
  C:0710H         LINE#         503
  C:0710H         LINE#         505
  C:0710H         LINE#         506
  C:071BH         LINE#         507
  C:071EH         LINE#         508
  C:071EH         LINE#         509
  C:071EH         LINE#         510
  C:071EH         LINE#         511
  C:071EH         LINE#         512
  C:071EH         LINE#         513
  C:0720H         LINE#         514
  C:0727H         LINE#         516
  C:0739H         LINE#         517
  C:073CH         LINE#         518
  C:073CH         LINE#         519
  C:0747H         LINE#         520
  C:074AH         LINE#         521
  C:074AH         LINE#         523
  C:074AH         LINE#         524
  C:0755H         LINE#         525
  C:0758H         LINE#         526
  C:0758H         LINE#         527
  C:0758H         LINE#         528
  C:0758H         LINE#         529
  C:0758H         LINE#         530
  C:0758H         LINE#         531
  C:075AH         LINE#         532
  C:0761H         LINE#         534
  C:0773H         LINE#         535
  C:0776H         LINE#         536
BL51 BANKED LINKER/LOCATER V5.03                                                      05/20/2013  16:30:53  PAGE 35


  C:0776H         LINE#         537
  C:0781H         LINE#         538
  C:0784H         LINE#         539
  C:0784H         LINE#         541
  C:0784H         LINE#         542
  C:078FH         LINE#         543
  C:0792H         LINE#         544
  C:0792H         LINE#         545
  C:0792H         LINE#         546
  C:0792H         LINE#         547
  C:0792H         LINE#         548
  C:0792H         LINE#         549
  C:0794H         LINE#         550
  C:079BH         LINE#         553
  C:07ADH         LINE#         554
  C:07B0H         LINE#         555
  C:07B0H         LINE#         556
  C:07BBH         LINE#         557
  C:07BEH         LINE#         558
  C:07BEH         LINE#         560
  C:07BEH         LINE#         561
  C:07C9H         LINE#         562
  C:07CCH         LINE#         563
  C:07CCH         LINE#         564
  C:07CCH         LINE#         565
  C:07CCH         LINE#         566
  C:07CCH         LINE#         567
  C:07CCH         LINE#         568
  C:07CEH         LINE#         569
  C:07D5H         LINE#         571
  C:07E7H         LINE#         572
  C:07EAH         LINE#         573
  C:07EAH         LINE#         574
  C:07F5H         LINE#         575
  C:07F8H         LINE#         576
  C:07F8H         LINE#         578
[...]
  C:00CFH         LINE#         946
  C:00CFH         LINE#         947
  C:00CFH         LINE#         948
  C:00CFH         LINE#         949
  C:00D5H         LINE#         950
  C:00D5H         LINE#         951
  C:00D9H         LINE#         952
  C:0115H         LINE#         953
  C:0118H         LINE#         954
  C:011BH         LINE#         955
  C:011DH         LINE#         956
  C:013DH         LINE#         958
  C:0140H         LINE#         959
  C:0140H         LINE#         960
  C:0140H         LINE#         961
  C:0140H         LINE#         962
  C:0146H         LINE#         963
  C:0146H         LINE#         964
  C:014AH         LINE#         965
  C:0186H         LINE#         966
  C:0189H         LINE#         967
  C:018CH         LINE#         968
  C:018EH         LINE#         969
  C:01AEH         LINE#         971
  C:01B1H         LINE#         972
  C:01B1H         LINE#         973
  C:01B1H         LINE#         974
  C:01B1H         LINE#         975
BL51 BANKED LINKER/LOCATER V5.03                                                      05/20/2013  16:30:53  PAGE 42


  C:01B7H         LINE#         976
  C:01B7H         LINE#         977
  C:01BBH         LINE#         978
  C:01F7H         LINE#         979
  C:01FAH         LINE#         980
  C:01FDH         LINE#         981
  C:01FFH         LINE#         982
  C:021FH         LINE#         984
  C:0222H         LINE#         985
  C:0222H         LINE#         986
  C:0222H         LINE#         987
  C:0222H         LINE#         988
  C:0228H         LINE#         989
  C:0228H         LINE#         990
  C:022CH         LINE#         991
  C:0268H         LINE#         992
  C:026BH         LINE#         993
  C:026EH         LINE#         994
  C:0270H         LINE#         995
  C:0290H         LINE#         997
  C:0293H         LINE#         998
  C:0293H         LINE#         999
  C:0293H         LINE#         1000
  C:0293H         LINE#         1001
  C:0299H         LINE#         1002
  C:0299H         LINE#         1003
  C:029DH         LINE#         1004
  C:02D9H         LINE#         1005
  C:02DCH         LINE#         1006
  C:02DFH         LINE#         1007
  C:02E1H         LINE#         1008
  C:0301H         LINE#         1010
  C:0304H         LINE#         1011
  C:0304H         LINE#         1012
  C:0304H         LINE#         1013
  C:0304H         LINE#         1014
  C:030AH         LINE#         1015
  C:030AH         LINE#         1016
  C:030EH         LINE#         1017
  C:034AH         LINE#         1018
  C:034DH         LINE#         1019
  C:0350H         LINE#         1020
  C:0352H         LINE#         1021
  C:0372H         LINE#         1023
  C:0375H         LINE#         1024
  C:0375H         LINE#         1025
  C:0375H         LINE#         1026
  C:0375H         LINE#         1027
  C:037BH         LINE#         1028
  C:037BH         LINE#         1029
  C:037FH         LINE#         1030
  C:03BBH         LINE#         1031
  C:03BEH         LINE#         1032
  C:03C1H         LINE#         1033
  C:03C3H         LINE#         1034
  C:03E3H         LINE#         1036
  C:03E6H         LINE#         1037
BL51 BANKED LINKER/LOCATER V5.03                                                      05/20/2013  16:30:53  PAGE 43


  C:03E6H         LINE#         1038
  C:03E6H         LINE#         1039
  C:03E6H         LINE#         1040
  C:03ECH         LINE#         1041
  C:03ECH         LINE#         1042
  C:03F0H         LINE#         1043
  C:042CH         LINE#         1044
  C:042FH         LINE#         1045
  C:0432H         LINE#         1046
  C:0434H         LINE#         1047
  C:0454H         LINE#         1049
  C:0457H         LINE#         1050
  C:0457H         LINE#         1051
  C:0457H         LINE#         1052
  C:0457H         LINE#         1053
  C:045DH         LINE#         1054
  C:045DH         LINE#         1055
  C:0461H         LINE#         1056
  C:049DH         LINE#         1057
  C:04A0H         LINE#         1058
  C:04A3H         LINE#         1059
  C:04A5H         LINE#         1060
  C:04C5H         LINE#         1062
  C:04C8H         LINE#         1063
  C:04C8H         LINE#         1064
  C:04C8H         LINE#         1065
  C:04C8H         LINE#         1066
  C:04CEH         LINE#         1067
  C:04CEH         LINE#         1068
  C:04D2H         LINE#         1069
  C:050EH         LINE#         1070
  C:0511H         LINE#         1071
  C:0514H         LINE#         1072
  C:0516H         LINE#         1073
  C:0536H         LINE#         1075
  C:0538H         LINE#         1076
  C:0538H         LINE#         1077
  C:0538H         LINE#         1078
  C:0538H         LINE#         1079
  C:053EH         LINE#         1080
  C:053EH         LINE#         1081
  C:0542H         LINE#         1082
  C:057EH         LINE#         1083
  C:0581H         LINE#         1084
  C:0584H         LINE#         1085
  C:0586H         LINE#         1086
  C:05C2H         LINE#         1088
  C:05C5H         LINE#         1089
  C:05C5H         LINE#         1090
  C:05C5H         LINE#         1091
  C:05C5H         LINE#         1092
  C:05C7H         LINE#         1093
  -------         ENDPROC       _I2C_READBYTE
  -------         ENDMOD        IICPROCESS

  -------         MODULE        TMUPROCESS
  C:0000H         SYMBOL        _ICE_DUMMY_
BL51 BANKED LINKER/LOCATER V5.03                                                      05/20/2013  16:30:53  PAGE 44


  X:03EAH         PUBLIC        tmu1
  C:29B6H         PUBLIC        get_tmu_num
  C:2A16H         PUBLIC        tmu_init
  C:295FH         PUBLIC        tmu_num_judge
  -------         PROC          TMU_INIT
  C:2A16H         LINE#         9
  C:2A16H         LINE#         10
  C:2A16H         LINE#         11
  C:2A1CH         LINE#         12
  C:2A1FH         LINE#         13
  C:2A21H         LINE#         14
  -------         ENDPROC       TMU_INIT
  -------         PROC          TMU_NUM_JUDGE
  C:295FH         LINE#         18
  C:295FH         LINE#         19
  C:295FH         LINE#         20
  C:296EH         LINE#         21
  C:296EH         LINE#         22
  C:2974H         LINE#         24
  C:2975H         LINE#         26
  C:2975H         LINE#         27
  C:297AH         LINE#         29
  C:297DH         LINE#         30
  C:297DH         LINE#         31
  -------         ENDPROC       TMU_NUM_JUDGE
  -------         PROC          GET_TMU_NUM
  C:29B6H         LINE#         33
  C:29B6H         LINE#         34
  C:29B6H         LINE#         35
  C:29C5H         LINE#         36
  C:29CAH         LINE#         37
  -------         ENDPROC       GET_TMU_NUM
  -------         ENDMOD        TMUPROCESS

  -------         MODULE        LEDSTATUS
  C:0000H         SYMBOL        _ICE_DUMMY_
  C:22A8H         PUBLIC        refresh_led
  D:00E8H         PUBLIC        ADC0CN
  D:00A8H         PUBLIC        IE
  B:0080H.1       PUBLIC        P0_1
  B:0022H.2       PUBLIC        flashQuick
  B:00A0H.1       PUBLIC        P2_1
  B:00B0H.1       PUBLIC        P3_1
  B:0090H.3       PUBLIC        P1_3
  B:00B0H.2       PUBLIC        P3_2
  B:00A0H.4       PUBLIC        P2_4
  B:0090H.5       PUBLIC        P1_5
  B:0080H.6       PUBLIC        P0_6
  B:00B0H.4       PUBLIC        P3_4
  B:0080H.7       PUBLIC        P0_7
  D:00D8H         PUBLIC        PCA0CN
  B:0020H.1       PUBLIC        led10
  B:00A0H.6       PUBLIC        P2_6
  B:0090H.7       PUBLIC        P1_7
  B:0020H.2       PUBLIC        led11
  D:00B8H         PUBLIC        IP
  B:0020H.3       PUBLIC        led12
BL51 BANKED LINKER/LOCATER V5.03                                                      05/20/2013  16:30:53  PAGE 45


  D:00C0H         PUBLIC        SMB0CN
  D:00F8H         PUBLIC        SPI0CN
  D:0088H         PUBLIC        TCON
  D:00C8H         PUBLIC        TMR2CN
  B:0022H.3       PUBLIC        flashSlow
  C:27E2H         SYMBOL        led_hardware_control
  D:0021H         PUBLIC        bLedVar1
  D:0020H         PUBLIC        bLedVar2
  D:0098H         PUBLIC        SCON0
  B:0021H.0       PUBLIC        led1
  B:0021H.1       PUBLIC        led2
  B:0021H.2       PUBLIC        led3
  B:0021H.3       PUBLIC        led4
  B:0021H.4       PUBLIC        led5
  B:0021H.5       PUBLIC        led6
  B:0021H.6       PUBLIC        led7
  B:0021H.7       PUBLIC        led8
  B:0020H.0       PUBLIC        led9
  D:00D0H         PUBLIC        PSW
  -------         PROC          LED_HARDWARE_CONTROL
  C:27E2H         LINE#         24
  C:27E2H         LINE#         25
  C:27E2H         LINE#         26
  C:27E6H         LINE#         27
  C:27EAH         LINE#         28
  C:27EEH         LINE#         29
  C:27F2H         LINE#         30
  C:27F6H         LINE#         31
  C:27FAH         LINE#         32
  C:27FEH         LINE#         33
  C:2802H         LINE#         34
  C:2806H         LINE#         35
  C:280AH         LINE#         36
  C:280EH         LINE#         37
  C:2812H         LINE#         38
  -------         ENDPROC       LED_HARDWARE_CONTROL
  -------         PROC          REFRESH_LED
  -------         DO            
  X:03F0H         SYMBOL        count
  D:0005H         SYMBOL        i
  X:0395H         SYMBOL        tmpAll
  D:0006H         SYMBOL        tmpi
  -------         ENDDO         
  C:22A8H         LINE#         43
  C:22A8H         LINE#         44
  C:22A8H         LINE#         49
  C:22AEH         LINE#         50
  C:22B0H         LINE#         52
  C:22B5H         LINE#         53
  C:22B5H         LINE#         54
  C:22B6H         LINE#         55
  C:22B8H         LINE#         56
  C:22B8H         LINE#         58
  C:22BFH         LINE#         59
  C:22C2H         LINE#         60
  C:22C3H         LINE#         61
  C:22C3H         LINE#         62
BL51 BANKED LINKER/LOCATER V5.03                                                      05/20/2013  16:30:53  PAGE 46


  C:22D5H         LINE#         63
  C:22D5H         LINE#         64
  C:22D8H         LINE#         65
  C:22D8H         LINE#         66
  C:22DAH         LINE#         68
  C:22DAH         LINE#         69
  C:22EEH         LINE#         70
  C:22EEH         LINE#         72
  C:22EEH         LINE#         73
  C:22EEH         LINE#         75
  C:22EEH         LINE#         76
  C:22F1H         LINE#         77
  C:22F1H         LINE#         78
  C:22F3H         LINE#         80
  C:22F3H         LINE#         81
  C:22F6H         LINE#         82
  C:22F6H         LINE#         83
  C:22F8H         LINE#         85
  C:22F8H         LINE#         86
  C:22F8H         LINE#         87
  C:2302H         LINE#         88
  C:2302H         LINE#         89
  C:2302H         LINE#         90
  C:2302H         LINE#         92
  C:2309H         LINE#         93
  C:230FH         LINE#         95
  C:2321H         LINE#         97
  C:232AH         LINE#         98
  C:232DH         LINE#         100
  -------         ENDPROC       REFRESH_LED
  -------         ENDMOD        LEDSTATUS

  -------         MODULE        VARIABLE
  C:0000H         SYMBOL        _ICE_DUMMY_
  X:01F3H         PUBLIC        mainInfo
  C:27AEH         PUBLIC        var_init
  -------         PROC          VAR_INIT
  -------         DO            
  X:01F2H         SYMBOL        i
  -------         ENDDO         
  C:27AEH         LINE#         11
  C:27AEH         LINE#         12
  C:27AEH         LINE#         15
  C:27BBH         LINE#         16
  C:27BEH         LINE#         18
  C:27CDH         LINE#         19
  C:27CDH         LINE#         20
  C:27D9H         LINE#         21
  C:27E1H         LINE#         27
  -------         ENDPROC       VAR_INIT
  -------         ENDMOD        VARIABLE

  -------         MODULE        SHARE
  C:0000H         SYMBOL        _ICE_DUMMY_
  C:2813H         PUBLIC        _memory_fill
  C:297EH         PUBLIC        _id_is_NULL
  C:27A6H         PUBLIC        idErrorForecast
BL51 BANKED LINKER/LOCATER V5.03                                                      05/20/2013  16:30:53  PAGE 47


  C:23B5H         PUBLIC        _id_judge_class
  C:2611H         PUBLIC        _memory_copy
  C:24A1H         PUBLIC        _memory_compare
  C:2786H         PUBLIC        idError
  C:2872H         PUBLIC        _memory_clear
  C:2776H         PUBLIC        idNull
  C:2796H         PUBLIC        idNotMatch
  C:2491H         SYMBOL        L?0036
  -------         PROC          L?0035
  -------         ENDPROC       L?0035
  C:2491H         SYMBOL        L?0036
  -------         PROC          _MEMORY_COMPARE
  X:0398H         SYMBOL        ptr1
  X:039BH         SYMBOL        ptr2
  X:039EH         SYMBOL        len
  -------         DO            
  D:0007H         SYMBOL        i
  -------         ENDDO         
  C:24A1H         LINE#         5
  C:24ACH         LINE#         6
  C:24ACH         LINE#         9
  C:24B8H         LINE#         10
  C:24B8H         LINE#         11
  C:24D8H         LINE#         12
  C:24D8H         LINE#         13
  C:24E2H         LINE#         14
  C:24ECH         LINE#         15
  C:24EEH         LINE#         17
  C:24F1H         LINE#         18
  C:24F4H         LINE#         19
  C:24F6H         LINE#         20
  -------         ENDPROC       _MEMORY_COMPARE
  -------         PROC          _MEMORY_CLEAR
  D:0001H         SYMBOL        ptr
  D:0004H         SYMBOL        number
  -------         DO            
  D:0006H         SYMBOL        count
  X:0395H         SYMBOL        ramPtr
  -------         ENDDO         
  C:2872H         LINE#         22
  C:2872H         LINE#         23
  C:2872H         LINE#         27
  C:2876H         LINE#         29
  C:2881H         LINE#         32
  C:2881H         LINE#         33
  C:2895H         LINE#         34
  C:289AH         LINE#         35
  C:289EH         LINE#         36
  -------         ENDPROC       _MEMORY_CLEAR
  -------         PROC          _MEMORY_FILL
  D:0001H         SYMBOL        ptr
  D:0004H         SYMBOL        number
  X:03D7H         SYMBOL        value
  -------         DO            
  D:0006H         SYMBOL        count
  X:03D8H         SYMBOL        ramPtr
  -------         ENDDO         
BL51 BANKED LINKER/LOCATER V5.03                                                      05/20/2013  16:30:53  PAGE 48


  C:2813H         LINE#         38
  C:2813H         LINE#         39
  C:2813H         LINE#         43
  C:2817H         LINE#         45
  C:2822H         LINE#         48
  C:2822H         LINE#         49
  C:2839H         LINE#         50
  C:283EH         LINE#         51
  C:2842H         LINE#         52
  -------         ENDPROC       _MEMORY_FILL
  -------         PROC          _MEMORY_COPY
  D:0001H         SYMBOL        dest
  X:039BH         SYMBOL        src
  X:039EH         SYMBOL        len
  -------         DO            
  D:0007H         SYMBOL        i
  X:039FH         SYMBOL        tmp1
  X:03A2H         SYMBOL        tmp2
  -------         ENDDO         
  C:2611H         LINE#         54
  C:2611H         LINE#         55
  C:2611H         LINE#         59
  C:261CH         LINE#         60
  C:2631H         LINE#         61
  C:263DH         LINE#         62
  C:2668H         LINE#         64
  -------         ENDPROC       _MEMORY_COPY
  -------         PROC          _ID_JUDGE_CLASS
  X:0395H         SYMBOL        ptr
  -------         DO            
  D:0005H         SYMBOL        rc
  -------         ENDDO         
  C:23B5H         LINE#         71
  C:23C0H         LINE#         72
  C:23C0H         LINE#         75
  C:23D8H         LINE#         76
  C:23DBH         LINE#         77
  C:23EDH         LINE#         78
  C:23F1H         LINE#         79
  C:2403H         LINE#         80
  C:2407H         LINE#         81
  C:241AH         LINE#         82
  C:241EH         LINE#         84
  C:2420H         LINE#         86
  C:2422H         LINE#         87
  -------         ENDPROC       _ID_JUDGE_CLASS
  -------         PROC          _ID_IS_NULL
  D:0001H         SYMBOL        ptr
  -------         DO            
  D:0007H         SYMBOL        i
  -------         ENDDO         
  C:297EH         LINE#         89
  C:297EH         LINE#         90
  C:297EH         LINE#         93
  C:2986H         LINE#         94
  C:2986H         LINE#         95
  C:298BH         LINE#         96
BL51 BANKED LINKER/LOCATER V5.03                                                      05/20/2013  16:30:53  PAGE 49


  C:298EH         LINE#         97
  C:2998H         LINE#         99
  C:299AH         LINE#         100
  -------         ENDPROC       _ID_IS_NULL
  -------         ENDMOD        SHARE

  -------         MODULE        HARDINFO
  C:0000H         SYMBOL        _ICE_DUMMY_
  C:255BH         PUBLIC        _get_device_info
  C:2A42H         PUBLIC        get_device_code
  C:2A08H         PUBLIC        deviceTable
  -------         PROC          _GET_DEVICE_INFO
  D:0001H         SYMBOL        ptr
  -------         DO            
  X:0395H         SYMBOL        des
  X:0398H         SYMBOL        src
  -------         ENDDO         
  C:255BH         LINE#         16
  C:255BH         LINE#         17
  C:255BH         LINE#         20
  C:2566H         LINE#         21
  C:2572H         LINE#         23
  C:2582H         LINE#         24
  C:25AAH         LINE#         26
  -------         ENDPROC       _GET_DEVICE_INFO
  -------         PROC          GET_DEVICE_CODE
  C:2A42H         LINE#         31
  C:2A42H         LINE#         32
  C:2A42H         LINE#         33
  C:2A48H         LINE#         34
  -------         ENDPROC       GET_DEVICE_CODE
  -------         ENDMOD        HARDINFO

  -------         MODULE        ?C?COPY
  C:17D1H         PUBLIC        ?C?COPY
  -------         ENDMOD        ?C?COPY

  -------         MODULE        ?C?CLDPTR
  C:17F7H         PUBLIC        ?C?CLDPTR
  -------         ENDMOD        ?C?CLDPTR

  -------         MODULE        ?C?CSTPTR
  C:1810H         PUBLIC        ?C?CSTPTR
  -------         ENDMOD        ?C?CSTPTR

  -------         MODULE        ?C?IILDX
  C:1822H         PUBLIC        ?C?IILDX
  -------         ENDMOD        ?C?IILDX

  -------         MODULE        ?C?ILDIX
  C:1838H         PUBLIC        ?C?ILDIX
  -------         ENDMOD        ?C?ILDIX

  -------         MODULE        ?C?OFFXADD
  C:184EH         PUBLIC        ?C?OFFXADD
  -------         ENDMOD        ?C?OFFXADD

BL51 BANKED LINKER/LOCATER V5.03                                                      05/20/2013  16:30:53  PAGE 50


  -------         MODULE        ?C?CCASE
  C:185AH         PUBLIC        ?C?CCASE
  -------         ENDMOD        ?C?CCASE

*** WARNING L16: UNCALLED SEGMENT, IGNORED FOR OVERLAY PROCESS
    SEGMENT: ?PR?_INTERRUPT_PRIORITY?MCUINIT

*** WARNING L16: UNCALLED SEGMENT, IGNORED FOR OVERLAY PROCESS
    SEGMENT: ?PR?_ID_STATE_CONVERT?NETCOMMAND

*** WARNING L16: UNCALLED SEGMENT, IGNORED FOR OVERLAY PROCESS
    SEGMENT: ?PR?TEST_SEND_UART?NETCOMMAND

*** WARNING L16: UNCALLED SEGMENT, IGNORED FOR OVERLAY PROCESS
    SEGMENT: ?PR?_PAGE_WRITE_24C01?AT24C01

*** WARNING L16: UNCALLED SEGMENT, IGNORED FOR OVERLAY PROCESS
    SEGMENT: ?PR?TEST_READ_WRITE?AT24C01

*** WARNING L16: UNCALLED SEGMENT, IGNORED FOR OVERLAY PROCESS
    SEGMENT: ?PR?_I2C_INIT?IICPROCESS

*** WARNING L16: UNCALLED SEGMENT, IGNORED FOR OVERLAY PROCESS
    SEGMENT: ?PR?TMU_INIT?TMUPROCESS

*** WARNING L16: UNCALLED SEGMENT, IGNORED FOR OVERLAY PROCESS
    SEGMENT: ?PR?TMU_NUM_JUDGE?TMUPROCESS

*** WARNING L16: UNCALLED SEGMENT, IGNORED FOR OVERLAY PROCESS
    SEGMENT: ?PR?_MEMORY_FILL?SHARE

*** WARNING L16: UNCALLED SEGMENT, IGNORED FOR OVERLAY PROCESS
    SEGMENT: ?PR?GET_DEVICE_CODE?HARDINFO

Program Size: data=20.4 xdata=1009 code=10846
LINK/LOCATE RUN COMPLETE.  10 WARNING(S),  0 ERROR(S)
