BL51 BANKED LINKER/LOCATER V6.22                                                        11/03/2015  14:01:16  PAGE 1


BL51 BANKED LINKER/LOCATER V6.22, INVOKED BY:
D:\KEIL\C51\BIN\BL51.EXE .\OUT\STARTUP.obj, .\OUT\main.obj, .\OUT\mcuInit.obj, .\OUT\uart1.obj, .\OUT\netCommand.obj, .\
>> OUT\idProcess.obj, .\OUT\tmuProcess.obj, .\OUT\ledStatus.obj, .\OUT\variable.obj, .\OUT\share.obj, .\OUT\hardInfo.obj
>> , .\OUT\ds2431Process.obj, .\OUT\oneWireProcess.obj, .\OUT\update.obj, .\OUT\crc.obj, .\OUT\delay.obj, .\OUT\timer.ob
>> j, .\OUT\tmunum.obj TO .\OUT\tmu PRINT (.\OUT\tmu.m51) RAMSIZE (256)


MEMORY MODEL: LARGE


INPUT MODULES INCLUDED:
  .\OUT\STARTUP.obj (?C_STARTUP)
  .\OUT\main.obj (MAIN)
  .\OUT\mcuInit.obj (MCUINIT)
  .\OUT\uart1.obj (UART1)
  .\OUT\netCommand.obj (NETCOMMAND)
  .\OUT\idProcess.obj (IDPROCESS)
  .\OUT\tmuProcess.obj (TMUPROCESS)
  .\OUT\ledStatus.obj (LEDSTATUS)
  .\OUT\variable.obj (VARIABLE)
  .\OUT\share.obj (SHARE)
  .\OUT\hardInfo.obj (HARDINFO)
  .\OUT\ds2431Process.obj (DS2431PROCESS)
  .\OUT\oneWireProcess.obj (ONEWIREPROCESS)
  .\OUT\update.obj (UPDATE)
  .\OUT\crc.obj (CRC)
  .\OUT\delay.obj (DELAY)
  .\OUT\timer.obj (TIMER)
  .\OUT\tmunum.obj (TMUNUM)
  D:\KEIL\C51\LIB\C51L.LIB (?C_INIT)
  D:\KEIL\C51\LIB\C51L.LIB (?C?COPY)
  D:\KEIL\C51\LIB\C51L.LIB (?C?CLDPTR)
  D:\KEIL\C51\LIB\C51L.LIB (?C?CLDOPTR)
  D:\KEIL\C51\LIB\C51L.LIB (?C?CSTPTR)
  D:\KEIL\C51\LIB\C51L.LIB (?C?CSTOPTR)
  D:\KEIL\C51\LIB\C51L.LIB (?C?IMUL)
  D:\KEIL\C51\LIB\C51L.LIB (?C?UIDIV)
  D:\KEIL\C51\LIB\C51L.LIB (?C?IILDX)
  D:\KEIL\C51\LIB\C51L.LIB (?C?ILDIX)


LINK MAP OF MODULE:  .\OUT\tmu (?C_STARTUP)


            TYPE    BASE      LENGTH    RELOCATION   SEGMENT NAME
            -----------------------------------------------------

            * * * * * * *   D A T A   M E M O R Y   * * * * * * *
            REG     0000H     0008H     ABSOLUTE     "REG BANK 0"
            REG     0008H     0008H     ABSOLUTE     "REG BANK 1"
            DATA    0010H     0006H     UNIT         ?DT?UPDATE
            DATA    0016H     0002H     UNIT         ?DT?UPDATE_FILE?UPDATE
            REG     0018H     0008H     ABSOLUTE     "REG BANK 3"
            DATA    0020H     0002H     BIT_ADDR     ?BA?LEDSTATUS
            BIT     0022H.0   0000H.4   UNIT         ?BI?TIMER
            BIT     0022H.4   0000H.2   UNIT         ?BI?LEDSTATUS
                    0022H.6   0000H.2                *** GAP ***
            DATA    0023H     0005H     UNIT         _DATA_GROUP_
BL51 BANKED LINKER/LOCATER V6.22                                                      11/03/2015  14:01:16  PAGE 2


            DATA    0028H     0001H     UNIT         ?DT?TIMER
            IDATA   0029H     0001H     UNIT         ?STACK

            * * * * * * *  X D A T A   M E M O R Y  * * * * * * *
            XDATA   0000H     07F1H     UNIT         ?XD?VARIABLE
            XDATA   07F1H     03C0H     UNIT         ?XD?IDPROCESS
            XDATA   0BB1H     01F2H     UNIT         ?XD?UART1
            XDATA   0DA3H     0067H     UNIT         ?XD?UART1_WR_LABEL?NETCOMMAND
            XDATA   0E0AH     0066H     UNIT         ?XD?NETCOMMAND
            XDATA   0E70H     0049H     UNIT         ?XD?UPDATE
            XDATA   0EB9H     0032H     UNIT         _XDATA_GROUP_
            XDATA   0EEBH     0020H     UNIT         ?XD?DS2431PROCESS
            XDATA   0F0BH     0014H     UNIT         ?XD?HARDINFO
            XDATA   0F1FH     0011H     UNIT         ?XD?_ONE_WIRE_READ12_MEMORY_BLOCK?ONEWIREPROCESS
            XDATA   0F30H     000DH     UNIT         ?XD?ONEWIREPROCESS
            XDATA   0F3DH     000BH     UNIT         ?XD?_ONE_WIRE_WRITE_EIGHT_BYTE?ONEWIREPROCESS
            XDATA   0F48H     000BH     UNIT         ?XD?_ONE_WIRE_READ_MEMORY_BLOCK?ONEWIREPROCESS
            XDATA   0F53H     000AH     UNIT         ?XD?UART1_POLL_CURRENT?NETCOMMAND
            XDATA   0F5DH     000AH     UNIT         ?XD?UPDATE_FILE?UPDATE
            XDATA   0F67H     0009H     UNIT         ?XD?UART1_RD_LABEL?NETCOMMAND
            XDATA   0F70H     0008H     UNIT         ?XD?_PORT_STATUS_1_PORT_PROCESS?NETCOMMAND
            XDATA   0F78H     0008H     UNIT         ?XD?_MEMORY_COPY?SHARE
            XDATA   0F80H     0007H     UNIT         ?XD?_READ_ID?IDPROCESS
            XDATA   0F87H     0007H     UNIT         ?XD?_MEMORY_COMPARE?SHARE
            XDATA   0F8EH     0007H     UNIT         ?XD?_ONE_WIRE_READ12_BYTE?DS2431PROCESS
            XDATA   0F95H     0006H     UNIT         ?XD?_ONE_WIRE_READ_BYTE?DS2431PROCESS
            XDATA   0F9BH     0006H     UNIT         ?XD?_ONE_WIRE_GET_ROM?ONEWIREPROCESS
            XDATA   0FA1H     0005H     UNIT         ?XD?_CRC8_TABLE?CRC
            XDATA   0FA6H     0003H     UNIT         ?XD?UART_FRAME_PACK?NETCOMMAND
            XDATA   0FA9H     0003H     UNIT         ?XD?_ID_CHECK_NULL?IDPROCESS
            XDATA   0FACH     0003H     UNIT         ?XD?_GET_DEVICE_INFO?HARDINFO
            XDATA   0FAFH     0002H     UNIT         ?XD?LEDSTATUS
            XDATA   0FB1H     0002H     UNIT         ?XD?ONE_WIRE_START_GET12_ACK?DS2431PROCESS
            XDATA   0FB3H     0002H     UNIT         ?XD?UPDATEAPP?UPDATE
            XDATA   0FB5H     0001H     UNIT         ?XD?MAIN
            XDATA   0FB6H     0001H     UNIT         ?XD?SLOT_AGING_TIME?NETCOMMAND
            XDATA   0FB7H     0001H     UNIT         ?XD?UART1_COMMAND?NETCOMMAND
            XDATA   0FB8H     0001H     UNIT         ?XD?UART_PROCESS?NETCOMMAND
            XDATA   0FB9H     0001H     UNIT         ?XD?READ_ID_96?NETCOMMAND
            XDATA   0FBAH     0001H     UNIT         ?XD?PORT_STATE_PROCESS?NETCOMMAND
            XDATA   0FBBH     0001H     UNIT         ?XD?REFRESH_CURRENT_ID?IDPROCESS
            XDATA   0FBCH     0001H     UNIT         ?XD?TMUPROCESS
            XDATA   0FBDH     0001H     UNIT         ?XD?_ONE_WIRE_START_GET_ACK?DS2431PROCESS
            XDATA   0FBEH     0001H     UNIT         ?XD?_ONE_WIRE_WRITE_0?DS2431PROCESS
            XDATA   0FBFH     0001H     UNIT         ?XD?_ONE_WIRE_WRITE_BYTE?DS2431PROCESS

            * * * * * * *   C O D E   M E M O R Y   * * * * * * *
            CODE    0000H     0003H     ABSOLUTE     
            CODE    0003H     0007H     UNIT         ?PR?SLOT_DELAY_TIME_INIT?NETCOMMAND
                    000AH     0001H                  *** GAP ***
            CODE    000BH     0003H     ABSOLUTE     
            CODE    000EH     000FH     UNIT         ?PR?MCU_F340_INIT?MCUINIT
            CODE    001DH     0006H     UNIT         ?PR?WATCHDOG?MCUINIT
            CODE    0023H     0003H     ABSOLUTE     
            CODE    0026H     03CFH     UNIT         ?PR?UART1_POLL_CURRENT?NETCOMMAND
            CODE    03F5H     0362H     UNIT         ?PR?REFRESH_CURRENT_ID?IDPROCESS
            CODE    0757H     0321H     UNIT         ?PR?_ONE_WIRE_READ_BIT?DS2431PROCESS
BL51 BANKED LINKER/LOCATER V6.22                                                      11/03/2015  14:01:16  PAGE 3


            CODE    0A78H     0237H     UNIT         ?PR?_ONE_WIRE_WRITE_EIGHT_BYTE?ONEWIREPROCESS
            CODE    0CAFH     0232H     UNIT         ?PR?UPDATE_FILE?UPDATE
            CODE    0EE1H     0203H     UNIT         ?C?LIB_CODE
            CODE    10E4H     019CH     UNIT         ?PR?_ONE_WIRE_WRITE_1?DS2431PROCESS
            CODE    1280H     0175H     UNIT         ?PR?_ONE_WIRE_START_GET_ACK?DS2431PROCESS
            CODE    13F5H     016FH     UNIT         ?PR?ISRUART?UART1
            CODE    1564H     016AH     UNIT         ?PR?_ONE_WIRE_READ12_BIT?DS2431PROCESS
            CODE    16CEH     0163H     UNIT         ?PR?_ONE_WIRE_READ12_MEMORY_BLOCK?ONEWIREPROCESS
            CODE    1831H     0161H     UNIT         ?PR?_ONE_WIRE_READ_MEMORY_BLOCK?ONEWIREPROCESS
            CODE    1992H     011EH     UNIT         ?PR?UART1_WR_LABEL?NETCOMMAND
            CODE    1AB0H     0116H     UNIT         ?PR?UART1_COMMAND?NETCOMMAND
            CODE    1BC6H     010CH     UNIT         ?PR?_ONE_WIRE_WRITE_0?DS2431PROCESS
            CODE    1CD2H     0107H     UNIT         ?PR?_PORT_STATUS_1_PORT_PROCESS?NETCOMMAND
            CODE    1DD9H     0100H     UNIT         ?CO?CRC
            CODE    1ED9H     00EBH     UNIT         ?PR?SLOT_AGING_TIME?NETCOMMAND
            CODE    1FC4H     00E6H     UNIT         ?PR?_ONE_WIRE_GET_ROM?ONEWIREPROCESS
            CODE    20AAH     00C5H     UNIT         ?PR?REFRESH_LED?LEDSTATUS
            CODE    216FH     00C2H     UNIT         ?PR?_ONE_WIRE_READ12_BYTE?DS2431PROCESS
            CODE    2231H     00B3H     UNIT         ?PR?_READ_ID?IDPROCESS
            CODE    22E4H     00ACH     UNIT         ?PR?UART_FRAME_PACK?NETCOMMAND
            CODE    2390H     00ABH     UNIT         ?PR?UART1_RD_LABEL?NETCOMMAND
            CODE    243BH     0098H     UNIT         ?PR?READ_ID_96?NETCOMMAND
            CODE    24D3H     008DH     UNIT         ?PR?PORT_STATE_PROCESS?NETCOMMAND
            CODE    2560H     008DH     UNIT         ?PR?_ONE_WIRE_SET_SPEED?DS2431PROCESS
            CODE    25EDH     008CH     UNIT         ?C_C51STARTUP
            CODE    2679H     007BH     UNIT         ?PR?INQUIRE_PORT_CHANGE?NETCOMMAND
            CODE    26F4H     007BH     UNIT         ?PR?_GET_DEVICE_INFO?HARDINFO
            CODE    276FH     0064H     UNIT         ?PR?MAIN?MAIN
            CODE    27D3H     005EH     UNIT         ?PR?_ONE_WIRE_READ_BYTE?DS2431PROCESS
            CODE    2831H     005CH     UNIT         ?PR?ISRTIME0?TIMER
            CODE    288DH     005AH     UNIT         ?PR?LED_HARDWARE_CONTROL?LEDSTATUS
            CODE    28E7H     0056H     UNIT         ?PR?UART_PROCESS?NETCOMMAND
            CODE    293DH     0056H     UNIT         ?PR?_MEMORY_COMPARE?SHARE
            CODE    2993H     0053H     UNIT         ?PR?_CRC8_TABLE?CRC
            CODE    29E6H     004CH     UNIT         ?PR?ONE_WIRE_START_GET12_ACK?DS2431PROCESS
            CODE    2A32H     0049H     UNIT         ?PR?TMU_ADDRESS_INIT?TMUPROCESS
            CODE    2A7BH     0049H     UNIT         ?PR?UPDATEAPP?UPDATE
            CODE    2AC4H     0048H     UNIT         ?PR?FMU_CMD_UPDATE_FILE_TIMER_COUNT?UPDATE
            CODE    2B0CH     0044H     UNIT         ?PR?UART1_SET_SLOT_ADDRESS?NETCOMMAND
            CODE    2B50H     0044H     UNIT         ?PR?_MEMORY_COPY?SHARE
            CODE    2B94H     0042H     UNIT         ?PR?_WRITEINNERFLASH?UPDATE
            CODE    2BD6H     003FH     UNIT         ?PR?PORT_IO_INIT?MCUINIT
            CODE    2C15H     003CH     UNIT         ?PR?VAR_INIT?VARIABLE
            CODE    2C51H     0039H     UNIT         ?PR?_EARSECODEFLASH?UPDATE
            CODE    2C8AH     0038H     UNIT         ?PR?_READ_TMUNUM_INFO?TMUNUM
            CODE    2CC2H     0035H     UNIT         ?PR?_WRITECODEFLASH?UPDATE
            CODE    2CF7H     0032H     UNIT         ?PR?INQUIRE_PORT_96?NETCOMMAND
            CODE    2D29H     002FH     UNIT         ?PR?UART1_INIT?UART1
            CODE    2D58H     002DH     UNIT         ?PR?_ID_CHECK_NULL?IDPROCESS
            CODE    2D85H     002DH     UNIT         ?PR?_MEMORY_CLEAR?SHARE
            CODE    2DB2H     002CH     UNIT         ?PR?_ONE_WIRE_WRITE_BYTE?DS2431PROCESS
            CODE    2DDEH     002CH     UNIT         ?PR?_WRITE_TMUNUM_INFO?TMUNUM
            CODE    2E0AH     002BH     UNIT         ?PR?SLOT_ADDRESS_INIT?NETCOMMAND
            CODE    2E35H     0027H     UNIT         ?PR?UART1_TIMEOUT?UART1
            CODE    2E5CH     0026H     UNIT         ?C_INITSEG
            CODE    2E82H     0023H     UNIT         ?PR?_ONE_WIRE_WRITE12_1?DS2431PROCESS
            CODE    2EA5H     0022H     UNIT         ?PR?_DELAY_MS?DELAY
BL51 BANKED LINKER/LOCATER V6.22                                                      11/03/2015  14:01:16  PAGE 4


            CODE    2EC7H     001EH     UNIT         ?PR?_ONE_WIRE_INIT?ONEWIREPROCESS
            CODE    2EE5H     001CH     UNIT         ?PR?_ONE_WIRE_WRITE12_BYTE?DS2431PROCESS
            CODE    2F01H     001BH     UNIT         ?PR?_UART_FCS?NETCOMMAND
            CODE    2F1CH     001AH     UNIT         ?PR?FMU_CMD_INIT?UPDATE
            CODE    2F36H     0019H     UNIT         ?PR?SYSCLK_INIT?MCUINIT
            CODE    2F4FH     0019H     UNIT         ?PR?_TICK_DELAY?DS2431PROCESS
            CODE    2F68H     0019H     UNIT         ?PR?ONE_WIRE_WRITE12_0?DS2431PROCESS
            CODE    2F81H     000EH     UNIT         ?PR?WATCHDOG_INIT?MCUINIT
            CODE    2F8FH     000EH     UNIT         ?PR?TIMER_INIT?TIMER
            CODE    2F9DH     000CH     UNIT         ?CO?NETCOMMAND
            CODE    2FA9H     000AH     UNIT         ?CO?MAIN
            CODE    2FB3H     000AH     UNIT         ?PR?_SLOT_AGING_TIME_INIT?NETCOMMAND
            CODE    2FBDH     0009H     UNIT         ?PR?UART1_TRANS_ENABLE?UART1
            CODE    2FC6H     0007H     UNIT         ?PR?CLEAR_0?DS2431PROCESS
            CODE    2FCDH     0007H     UNIT         ?PR?SET_1?DS2431PROCESS
            CODE    2FD4H     0006H     UNIT         ?PR?_SET_TMU_ADDR_MODE?TMUPROCESS
            CODE    2FDAH     0006H     UNIT         ?PR?GET_TMU_ADDR_MODE?TMUPROCESS
            CODE    2FE0H     0004H     UNIT         ?PR?SOFT_WDT_ENABLE?MCUINIT
            CODE    2FE4H     0004H     UNIT         ?PR?SOFT_WDT_DISNABLE?MCUINIT
            CODE    2FE8H     0004H     UNIT         ?PR?VOLTAGE_REGULATOR_INIT?MCUINIT
            CODE    2FECH     0004H     UNIT         ?PR?DOWN_TX_ENABLE?UART1
            CODE    2FF0H     0004H     UNIT         ?PR?DOWN_TX_DISABLE?UART1
            CODE    2FF4H     0004H     UNIT         ?PR?TICK_DELAY_ONE?DS2431PROCESS
            CODE    2FF8H     0003H     UNIT         ?PR?UART1_RCV_ENABLE?UART1



OVERLAY MAP OF MODULE:   .\OUT\tmu (?C_STARTUP)


SEGMENT                                            DATA_GROUP          XDATA_GROUP
  +--> CALLED SEGMENT                            START    LENGTH     START    LENGTH
------------------------------------------------------------------------------------
?C_C51STARTUP                                    -----    -----      -----    -----
  +--> ?PR?MAIN?MAIN
  +--> ?C_INITSEG

?PR?MAIN?MAIN                                    0023H    0002H      0EB9H    0024H
  +--> ?PR?SOFT_WDT_DISNABLE?MCUINIT
  +--> ?PR?MCU_F340_INIT?MCUINIT
  +--> ?PR?_DELAY_MS?DELAY
  +--> ?PR?VAR_INIT?VARIABLE
  +--> ?PR?FMU_CMD_INIT?UPDATE
  +--> ?PR?UART1_INIT?UART1
  +--> ?PR?_ONE_WIRE_INIT?ONEWIREPROCESS
  +--> ?PR?TMU_ADDRESS_INIT?TMUPROCESS
  +--> ?PR?WATCHDOG_INIT?MCUINIT
  +--> ?PR?_WRITE_TMUNUM_INFO?TMUNUM
  +--> ?PR?_READ_TMUNUM_INFO?TMUNUM

?PR?MCU_F340_INIT?MCUINIT                        -----    -----      -----    -----
  +--> ?PR?SOFT_WDT_DISNABLE?MCUINIT
  +--> ?PR?SYSCLK_INIT?MCUINIT
  +--> ?PR?PORT_IO_INIT?MCUINIT
  +--> ?PR?TIMER_INIT?TIMER

?PR?VAR_INIT?VARIABLE                            -----    -----      -----    -----
BL51 BANKED LINKER/LOCATER V6.22                                                      11/03/2015  14:01:16  PAGE 5


  +--> ?PR?_MEMORY_CLEAR?SHARE
  +--> ?PR?_SLOT_AGING_TIME_INIT?NETCOMMAND

?PR?_MEMORY_CLEAR?SHARE                          -----    -----      0EDEH    0003H

?PR?_ONE_WIRE_INIT?ONEWIREPROCESS                -----    -----      0EDDH    0001H
  +--> ?PR?_MEMORY_CLEAR?SHARE
  +--> ?PR?_ONE_WIRE_SET_SPEED?DS2431PROCESS

?PR?TMU_ADDRESS_INIT?TMUPROCESS                  -----    -----      0EDDH    0001H
  +--> ?PR?_DELAY_MS?DELAY
  +--> ?PR?SLOT_ADDRESS_INIT?NETCOMMAND
  +--> ?PR?_SET_TMU_ADDR_MODE?TMUPROCESS

?PR?SLOT_ADDRESS_INIT?NETCOMMAND                 -----    -----      0EDEH    0009H
  +--> ?CO?NETCOMMAND

?PR?WATCHDOG_INIT?MCUINIT                        -----    -----      -----    -----
  +--> ?PR?WATCHDOG?MCUINIT

?PR?WATCHDOG?MCUINIT                             -----    -----      -----    -----
  +--> ?PR?SOFT_WDT_ENABLE?MCUINIT

?PR?_WRITE_TMUNUM_INFO?TMUNUM                    -----    -----      0EDDH    0003H
  +--> ?PR?WATCHDOG?MCUINIT
  +--> ?PR?_EARSECODEFLASH?UPDATE
  +--> ?PR?_WRITEINNERFLASH?UPDATE

?PR?_EARSECODEFLASH?UPDATE                       0025H    0002H      -----    -----

?PR?_WRITEINNERFLASH?UPDATE                      0025H    0001H      0EE0H    0002H
  +--> ?PR?_WRITECODEFLASH?UPDATE

?PR?_WRITECODEFLASH?UPDATE                       0026H    0002H      -----    -----

?PR?_READ_TMUNUM_INFO?TMUNUM                     0025H    0002H      0EDDH    0003H
  +--> ?PR?WATCHDOG?MCUINIT

*** NEW ROOT ***************************************************

?PR?ISRTIME0?TIMER                               -----    -----      -----    -----
  +--> ?PR?REFRESH_LED?LEDSTATUS

?PR?REFRESH_LED?LEDSTATUS                        -----    -----      0EE7H    0004H
  +--> ?PR?LED_HARDWARE_CONTROL?LEDSTATUS



SYMBOL TABLE OF MODULE:  .\OUT\tmu (?C_STARTUP)

  VALUE           TYPE          NAME
  ----------------------------------

  -------         MODULE        ?C_STARTUP
  C:25EDH         SEGMENT       ?C_C51STARTUP
  I:0029H         SEGMENT       ?STACK
  C:0000H         PUBLIC        ?C_STARTUP
BL51 BANKED LINKER/LOCATER V6.22                                                      11/03/2015  14:01:16  PAGE 6


  D:00E0H         SYMBOL        ACC
  D:00F0H         SYMBOL        B
  D:0083H         SYMBOL        DPH
  D:0082H         SYMBOL        DPL
  N:0000H         SYMBOL        IBPSTACK
  N:0100H         SYMBOL        IBPSTACKTOP
  N:0080H         SYMBOL        IDATALEN
  C:25F0H         SYMBOL        IDATALOOP
  N:0000H         SYMBOL        PBPSTACK
  N:0000H         SYMBOL        PBPSTACKTOP
  N:0000H         SYMBOL        PDATALEN
  N:0000H         SYMBOL        PDATASTART
  N:0000H         SYMBOL        PPAGE
  N:0000H         SYMBOL        PPAGEENABLE
  D:00A0H         SYMBOL        PPAGE_SFR
  D:0081H         SYMBOL        SP
  C:25EDH         SYMBOL        STARTUP1
  N:0000H         SYMBOL        XBPSTACK
  N:0000H         SYMBOL        XBPSTACKTOP
  N:0000H         SYMBOL        XDATALEN
  N:0000H         SYMBOL        XDATASTART
  C:0000H         LINE#         92
  C:25EDH         LINE#         99
  C:25EFH         LINE#         100
  C:25F0H         LINE#         101
  C:25F1H         LINE#         102
  C:25F3H         LINE#         151
  C:25F6H         LINE#         155
  -------         ENDMOD        ?C_STARTUP

  -------         MODULE        MAIN
  C:0000H         SYMBOL        _ICE_DUMMY_
  B:00A8H.7       PUBLIC        EA
  D:00E8H         PUBLIC        ADC0CN
  D:00A8H         PUBLIC        IE
  D:00D8H         PUBLIC        PCA0CN
  D:00B8H         PUBLIC        IP
  D:00C0H         PUBLIC        SMB0CN
  C:276FH         PUBLIC        main
  D:00F8H         PUBLIC        SPI0CN
  D:0088H         PUBLIC        TCON
  D:00C8H         PUBLIC        TMR2CN
  C:2FA9H         SYMBOL        _?ix1000
  D:0098H         PUBLIC        SCON0
  D:00D0H         PUBLIC        PSW
  -------         PROC          MAIN
  -------         DO            
  X:0EB9H         SYMBOL        xx
  X:0EBFH         SYMBOL        yy
  X:0EC5H         SYMBOL        index
  X:0FB5H         SYMBOL        num_byte
  X:0EC6H         SYMBOL        y
  -------         DO            
  X:0EC7H         SYMBOL        x
  X:0ED1H         SYMBOL        temp
  X:0EDBH         SYMBOL        i
  D:0023H         SYMBOL        ptrCode
BL51 BANKED LINKER/LOCATER V6.22                                                      11/03/2015  14:01:16  PAGE 7


  -------         ENDDO         
  -------         ENDDO         
  C:276FH         LINE#         18
  C:276FH         LINE#         19
  C:276FH         LINE#         26
  C:2774H         LINE#         27
  C:2776H         LINE#         28
  C:2779H         LINE#         30
  C:277CH         LINE#         32
  C:2783H         LINE#         34
  C:2786H         LINE#         35
  C:2789H         LINE#         36
  C:278CH         LINE#         39
  C:2791H         LINE#         42
  C:2798H         LINE#         43
  C:279BH         LINE#         44
  C:279DH         LINE#         46
  C:27A0H         LINE#         48
  C:27A5H         LINE#         49
  C:27ABH         LINE#         50
  C:27AFH         LINE#         52
  C:27AFH         LINE#         53
  C:27AFH         LINE#         54
  C:27B5H         LINE#         55
  C:27B7H         LINE#         56
  C:27B9H         LINE#         57
  C:27BBH         LINE#         58
  C:27BDH         LINE#         59
  C:27BFH         LINE#         60
  C:27C8H         LINE#         61
  C:27D1H         LINE#         62
  -------         ENDPROC       MAIN
  -------         ENDMOD        MAIN

  -------         MODULE        MCUINIT
  C:0000H         SYMBOL        _ICE_DUMMY_
  D:00E8H         PUBLIC        ADC0CN
  D:00A4H         PUBLIC        P0MDOUT
  C:2F81H         PUBLIC        WatchDog_Init
  D:00A5H         PUBLIC        P1MDOUT
  D:00A8H         PUBLIC        IE
  D:00A6H         PUBLIC        P2MDOUT
  D:00A7H         PUBLIC        P3MDOUT
  B:00D8H.6       PUBLIC        CR
  C:001DH         PUBLIC        WatchDog
  D:00FEH         PUBLIC        PCA0CPH4
  C:2BD6H         PUBLIC        Port_IO_Init
  D:00D9H         PUBLIC        PCA0MD
  D:00D8H         PUBLIC        PCA0CN
  D:00B8H         PUBLIC        IP
  C:2FE0H         PUBLIC        Soft_WDT_Enable
  D:00FDH         PUBLIC        PCA0CPL4
  D:00E1H         PUBLIC        XBR0
  D:00E2H         PUBLIC        XBR1
  D:00C0H         PUBLIC        SMB0CN
  D:00F1H         PUBLIC        P0MDIN
  D:009DH         PUBLIC        CPT0MD
BL51 BANKED LINKER/LOCATER V6.22                                                      11/03/2015  14:01:16  PAGE 8


  D:009BH         PUBLIC        CPT0CN
  D:00F2H         PUBLIC        P1MDIN
  D:00F3H         PUBLIC        P2MDIN
  D:00F4H         PUBLIC        P3MDIN
  D:00F5H         PUBLIC        P4MDIN
  D:00F8H         PUBLIC        SPI0CN
  D:0088H         PUBLIC        TCON
  D:00C8H         PUBLIC        TMR2CN
  D:00D4H         PUBLIC        P0SKIP
  D:00D5H         PUBLIC        P1SKIP
  D:00D6H         PUBLIC        P2SKIP
  C:000EH         PUBLIC        mcu_f340_init
  D:009FH         PUBLIC        CPT0MX
  D:00A9H         PUBLIC        CLKSEL
  D:00B2H         PUBLIC        OSCICN
  D:0086H         PUBLIC        OSCLCN
  D:00B9H         PUBLIC        CLKMUL
  D:00C9H         PUBLIC        REG01CN
  C:2F36H         PUBLIC        SysClk_Init
  D:0098H         PUBLIC        SCON0
  C:2FE8H         PUBLIC        Voltage_Regulator_Init
  C:2FE4H         PUBLIC        Soft_WDT_Disnable
  D:00D0H         PUBLIC        PSW
  -------         PROC          SOFT_WDT_ENABLE
  C:2FE0H         LINE#         8
  C:2FE0H         LINE#         9
  C:2FE0H         LINE#         10
  C:2FE3H         LINE#         11
  -------         ENDPROC       SOFT_WDT_ENABLE
  -------         PROC          SOFT_WDT_DISNABLE
  C:2FE4H         LINE#         13
  C:2FE4H         LINE#         14
  C:2FE4H         LINE#         15
  C:2FE7H         LINE#         16
  -------         ENDPROC       SOFT_WDT_DISNABLE
  -------         PROC          WATCHDOG
  C:001DH         LINE#         18
  C:001DH         LINE#         19
  C:001DH         LINE#         20
  C:0020H         LINE#         21
  -------         ENDPROC       WATCHDOG
  -------         PROC          WATCHDOG_INIT
  C:2F81H         LINE#         24
  C:2F81H         LINE#         25
  C:2F81H         LINE#         26
  C:2F84H         LINE#         27
  C:2F87H         LINE#         29
  C:2F89H         LINE#         31
  C:2F8CH         LINE#         33
  -------         ENDPROC       WATCHDOG_INIT
  -------         PROC          PORT_IO_INIT
  C:2BD6H         LINE#         40
  C:2BD6H         LINE#         41
  C:2BD6H         LINE#         43
  C:2BD9H         LINE#         44
  C:2BDCH         LINE#         45
  C:2BDFH         LINE#         47
BL51 BANKED LINKER/LOCATER V6.22                                                      11/03/2015  14:01:16  PAGE 9


  C:2BE2H         LINE#         48
  C:2BE5H         LINE#         50
  C:2BE8H         LINE#         51
  C:2BEBH         LINE#         52
  C:2BEEH         LINE#         54
  C:2BF1H         LINE#         55
  C:2BF4H         LINE#         56
  C:2BF7H         LINE#         58
  C:2BFAH         LINE#         59
  C:2BFDH         LINE#         60
  C:2C00H         LINE#         62
  C:2C03H         LINE#         63
  C:2C05H         LINE#         64
  C:2C07H         LINE#         72
  C:2C09H         LINE#         73
  C:2C0BH         LINE#         74
  C:2C0EH         LINE#         75
  C:2C11H         LINE#         76
  C:2C14H         LINE#         78
  -------         ENDPROC       PORT_IO_INIT
  -------         PROC          SYSCLK_INIT
  C:2F36H         LINE#         81
  C:2F36H         LINE#         82
  C:2F36H         LINE#         85
  C:2F39H         LINE#         86
  C:2F3CH         LINE#         87
  C:2F3FH         LINE#         88
  C:2F42H         LINE#         89
  C:2F45H         LINE#         90
  C:2F4BH         LINE#         91
  C:2F4EH         LINE#         93
  -------         ENDPROC       SYSCLK_INIT
  -------         PROC          VOLTAGE_REGULATOR_INIT
  C:2FE8H         LINE#         95
  C:2FE8H         LINE#         96
  C:2FE8H         LINE#         97
  C:2FEBH         LINE#         98
  -------         ENDPROC       VOLTAGE_REGULATOR_INIT
  -------         PROC          MCU_F340_INIT
  C:000EH         LINE#         100
  C:000EH         LINE#         101
  C:000EH         LINE#         102
  C:0011H         LINE#         103
  C:0014H         LINE#         104
  C:0017H         LINE#         105
  C:001AH         LINE#         106
  -------         ENDPROC       MCU_F340_INIT
  -------         ENDMOD        MCUINIT

  -------         MODULE        UART1
  C:0000H         SYMBOL        _ICE_DUMMY_
  C:2D29H         PUBLIC        uart1_init
  D:00E8H         PUBLIC        ADC0CN
  D:00A8H         PUBLIC        IE
  B:0098H.4       PUBLIC        REN0
  D:00D8H         PUBLIC        PCA0CN
  D:00B8H         PUBLIC        IP
BL51 BANKED LINKER/LOCATER V6.22                                                      11/03/2015  14:01:16  PAGE 10


  D:00C0H         PUBLIC        SMB0CN
  D:009BH         PUBLIC        CPT0CN
  C:13F5H         PUBLIC        ISRuart
  D:00F8H         PUBLIC        SPI0CN
  D:0089H         PUBLIC        TMOD
  D:0088H         PUBLIC        TCON
  D:00C8H         PUBLIC        TMR2CN
  C:2FF0H         PUBLIC        down_tx_disable
  C:2FBDH         PUBLIC        uart1_trans_enable
  B:00A8H.4       PUBLIC        ES0
  B:0098H.0       PUBLIC        RI0
  B:0098H.1       PUBLIC        TI0
  D:008DH         PUBLIC        TH1
  C:2FECH         PUBLIC        down_tx_enable
  B:0088H.6       PUBLIC        TR1
  C:2E35H         PUBLIC        uart1_timeout
  D:0099H         PUBLIC        SBUF0
  D:0098H         PUBLIC        SCON0
  C:2FF8H         PUBLIC        uart1_rcv_enable
  X:0BB1H         PUBLIC        uart1
  D:00D0H         PUBLIC        PSW
  -------         PROC          UART1_INIT
  C:2D29H         LINE#         8
  C:2D29H         LINE#         9
  C:2D29H         LINE#         15
  C:2D2EH         LINE#         16
  C:2D32H         LINE#         17
  C:2D36H         LINE#         18
  C:2D43H         LINE#         20
  C:2D46H         LINE#         21
  C:2D4EH         LINE#         22
  C:2D51H         LINE#         23
  C:2D53H         LINE#         24
  C:2D55H         LINE#         25
  C:2D57H         LINE#         26
  -------         ENDPROC       UART1_INIT
  -------         PROC          UART1_TIMEOUT
  C:2E35H         LINE#         33
  C:2E35H         LINE#         35
  C:2E3BH         LINE#         36
  C:2E3DH         LINE#         38
  C:2E4BH         LINE#         39
  C:2E4BH         LINE#         40
  C:2E4DH         LINE#         41
  C:2E51H         LINE#         42
  C:2E53H         LINE#         43
  C:2E53H         LINE#         45
  C:2E59H         LINE#         46
  C:2E5BH         LINE#         48
  -------         ENDPROC       UART1_TIMEOUT
  -------         PROC          UART1_RCV_ENABLE
  C:2FF8H         LINE#         50
  C:2FF8H         LINE#         51
  C:2FF8H         LINE#         52
  C:2FFAH         LINE#         53
  -------         ENDPROC       UART1_RCV_ENABLE
  -------         PROC          UART1_TRANS_ENABLE
BL51 BANKED LINKER/LOCATER V6.22                                                      11/03/2015  14:01:16  PAGE 11


  C:2FBDH         LINE#         56
  C:2FBDH         LINE#         57
  C:2FBDH         LINE#         58
  C:2FC3H         LINE#         59
  C:2FC5H         LINE#         60
  -------         ENDPROC       UART1_TRANS_ENABLE
  -------         PROC          ISRUART
  -------         DO            
  D:001FH         SYMBOL        uart1Tmp
  -------         ENDDO         
  C:13F5H         LINE#         64
  C:1402H         LINE#         69
  C:1408H         LINE#         70
  C:1408H         LINE#         71
  C:140AH         LINE#         72
  C:1410H         LINE#         73
  C:1412H         LINE#         75
  C:1433H         LINE#         76
  C:1433H         LINE#         77
  C:1433H         LINE#         78
  C:143AH         LINE#         79
  C:143AH         LINE#         80
  C:143FH         LINE#         81
  C:144BH         LINE#         82
  C:145FH         LINE#         84
  C:146DH         LINE#         85
  C:1479H         LINE#         87
  C:1479H         LINE#         88
  C:147CH         LINE#         90
  C:147CH         LINE#         91
  C:1480H         LINE#         92
  C:1480H         LINE#         93
  C:1485H         LINE#         94
  C:1485H         LINE#         95
  C:1487H         LINE#         96
  C:148EH         LINE#         97
  C:148EH         LINE#         98
  C:1491H         LINE#         99
  C:149DH         LINE#         100
  C:14B1H         LINE#         101
  C:14B3H         LINE#         103
  C:14B5H         LINE#         104
  C:14B7H         LINE#         106
  C:14B7H         LINE#         109
  C:14CBH         LINE#         110
  C:14D1H         LINE#         112
  C:14D3H         LINE#         114
  C:14D3H         LINE#         115
  C:14D9H         LINE#         116
  C:14EDH         LINE#         117
  C:14F3H         LINE#         118
  C:14F5H         LINE#         120
  C:14F5H         LINE#         121
  C:1509H         LINE#         122
  C:150FH         LINE#         123
  C:1512H         LINE#         124
  C:1512H         LINE#         125
BL51 BANKED LINKER/LOCATER V6.22                                                      11/03/2015  14:01:16  PAGE 12


  C:1514H         LINE#         126
  C:151AH         LINE#         127
  C:151AH         LINE#         128
  C:151CH         LINE#         130
  C:151CH         LINE#         131
  C:1521H         LINE#         132
  C:1526H         LINE#         133
  C:1526H         LINE#         134
  C:1526H         LINE#         135
  C:1526H         LINE#         137
  C:1529H         LINE#         138
  C:1529H         LINE#         139
  C:152BH         LINE#         141
  C:1531H         LINE#         142
  C:1531H         LINE#         143
  C:1541H         LINE#         144
  C:154BH         LINE#         145
  C:1551H         LINE#         146
  C:1553H         LINE#         148
  C:1559H         LINE#         149
  C:1559H         LINE#         150
  -------         ENDPROC       ISRUART
  -------         PROC          DOWN_TX_ENABLE
  C:2FECH         LINE#         152
  C:2FECH         LINE#         153
  C:2FECH         LINE#         154
  C:2FEFH         LINE#         155
  -------         ENDPROC       DOWN_TX_ENABLE
  -------         PROC          DOWN_TX_DISABLE
  C:2FF0H         LINE#         157
  C:2FF0H         LINE#         158
  C:2FF0H         LINE#         159
  C:2FF3H         LINE#         160
  -------         ENDPROC       DOWN_TX_DISABLE
  -------         ENDMOD        UART1

  -------         MODULE        NETCOMMAND
  C:0000H         SYMBOL        _ICE_DUMMY_
  D:0080H         PUBLIC        P0
  D:0090H         PUBLIC        P1
  D:00B0H         PUBLIC        P3
  D:00C7H         PUBLIC        P4
  D:00E8H         PUBLIC        ADC0CN
  C:2390H         PUBLIC        uart1_rd_label
  D:00A8H         PUBLIC        IE
  C:2B0CH         PUBLIC        uart1_set_slot_address
  D:00D8H         PUBLIC        PCA0CN
  D:00B8H         PUBLIC        IP
  X:0E0EH         PUBLIC        eid_96_temp
  C:243BH         PUBLIC        read_id_96
  C:1992H         PUBLIC        uart1_wr_label
  C:28E7H         PUBLIC        uart_process
  D:00C0H         PUBLIC        SMB0CN
  C:2E0AH         PUBLIC        slot_address_init
  C:22E4H         PUBLIC        uart_frame_pack
  D:00F8H         PUBLIC        SPI0CN
  C:24D3H         PUBLIC        port_state_process
BL51 BANKED LINKER/LOCATER V6.22                                                      11/03/2015  14:01:16  PAGE 13


  C:1AB0H         PUBLIC        uart1_command
  D:0088H         PUBLIC        TCON
  D:00C8H         PUBLIC        TMR2CN
  C:1ED9H         PUBLIC        slot_aging_time
  C:2F9DH         SYMBOL        _?ix1000
  C:2FA6H         SYMBOL        _?ix1001
  X:0E6EH         SYMBOL        nextFramSendFlag
  C:2FB3H         PUBLIC        _slot_aging_time_init
  C:2F01H         PUBLIC        _uart_fcs
  C:0003H         PUBLIC        slot_delay_time_init
  D:0098H         PUBLIC        SCON0
  C:1CD2H         PUBLIC        _port_status_1_port_process
  C:0026H         PUBLIC        uart1_poll_current
  C:2690H         PUBLIC        inquire_port_change
  C:2CF7H         PUBLIC        inquire_port_96
  X:0E6FH         PUBLIC        port_num
  D:00D0H         PUBLIC        PSW
  -------         PROC          SLOT_ADDRESS_INIT
  -------         DO            
  X:0E0AH         SYMBOL        temp
  X:0EDEH         SYMBOL        table
  -------         ENDDO         
  C:2E0AH         LINE#         23
  C:2E0AH         LINE#         24
  C:2E0AH         LINE#         26
  C:2E1DH         LINE#         28
  C:2E25H         LINE#         29
  C:2E34H         LINE#         30
  -------         ENDPROC       SLOT_ADDRESS_INIT
  -------         PROC          _SLOT_AGING_TIME_INIT
  D:0007H         SYMBOL        value
  C:2FB3H         LINE#         32
  C:2FB3H         LINE#         33
  C:2FB3H         LINE#         34
  C:2FBCH         LINE#         35
  -------         ENDPROC       _SLOT_AGING_TIME_INIT
  -------         PROC          SLOT_DELAY_TIME_INIT
  C:0003H         LINE#         37
  C:0003H         LINE#         38
  C:0003H         LINE#         39
  C:0009H         LINE#         40
  -------         ENDPROC       SLOT_DELAY_TIME_INIT
  -------         PROC          SLOT_AGING_TIME
  -------         DO            
  X:0E0BH         SYMBOL        count
  X:0E0CH         SYMBOL        i
  X:0FB6H         SYMBOL        tempValue
  -------         ENDDO         
  C:1ED9H         LINE#         43
  C:1ED9H         LINE#         44
  C:1ED9H         LINE#         48
  C:1EE1H         LINE#         50
  C:1EE7H         LINE#         51
  C:1EE9H         LINE#         53
  C:1EEFH         LINE#         54
  C:1EF1H         LINE#         56
  C:1EF7H         LINE#         57
BL51 BANKED LINKER/LOCATER V6.22                                                      11/03/2015  14:01:16  PAGE 14


  C:1EF7H         LINE#         58
  C:1EFFH         LINE#         59
  C:1EFFH         LINE#         60
  C:1F04H         LINE#         61
  C:1F04H         LINE#         62
  C:1F06H         LINE#         63
  C:1F09H         LINE#         64
  C:1F09H         LINE#         65
  C:1F0DH         LINE#         66
  C:1F0DH         LINE#         67
  C:1F0DH         LINE#         69
  C:1F15H         LINE#         70
  C:1F15H         LINE#         71
  C:1F21H         LINE#         72
  C:1F21H         LINE#         73
  C:1F24H         LINE#         74
  C:1F24H         LINE#         76
  C:1F24H         LINE#         77
  C:1F27H         LINE#         80
  C:1F3CH         LINE#         81
  C:1F3EH         LINE#         82
  C:1F3EH         LINE#         83
  C:1F47H         LINE#         84
  C:1F55H         LINE#         86
  C:1F68H         LINE#         87
  C:1F75H         LINE#         88
  C:1F75H         LINE#         89
  C:1F75H         LINE#         90
  C:1F75H         LINE#         91
  C:1F77H         LINE#         92
  C:1F7DH         LINE#         93
  C:1F7DH         LINE#         94
  C:1F83H         LINE#         95
  C:1F83H         LINE#         96
  C:1F87H         LINE#         97
  C:1F89H         LINE#         98
  C:1F89H         LINE#         99
  C:1F92H         LINE#         100
  C:1FA0H         LINE#         102
  C:1FB3H         LINE#         103
  C:1FC0H         LINE#         104
  C:1FC0H         LINE#         105
  C:1FC3H         LINE#         106
  C:1FC3H         LINE#         108
  C:1FC3H         LINE#         110
  -------         ENDPROC       SLOT_AGING_TIME
  -------         PROC          _UART_FCS
  D:0001H         SYMBOL        ptr
  D:0005H         SYMBOL        len
  -------         DO            
  D:0007H         SYMBOL        sum
  D:0006H         SYMBOL        i
  D:0001H         SYMBOL        tempPtr
  -------         ENDDO         
  C:2F01H         LINE#         114
  C:2F01H         LINE#         115
  C:2F01H         LINE#         120
BL51 BANKED LINKER/LOCATER V6.22                                                      11/03/2015  14:01:16  PAGE 15


  C:2F03H         LINE#         121
  C:2F03H         LINE#         123
  C:2F09H         LINE#         124
  C:2F18H         LINE#         126
  C:2F1BH         LINE#         127
  -------         ENDPROC       _UART_FCS
  -------         PROC          UART_FRAME_PACK
  -------         DO            
  X:0FA6H         SYMBOL        ptr
  -------         ENDDO         
  C:22E4H         LINE#         130
  C:22E4H         LINE#         131
  C:22E4H         LINE#         134
  C:22F2H         LINE#         136
  C:2307H         LINE#         137
  C:231CH         LINE#         138
  C:2335H         LINE#         139
  C:234EH         LINE#         141
  C:2366H         LINE#         143
  C:2381H         LINE#         145
  C:238FH         LINE#         146
  -------         ENDPROC       UART_FRAME_PACK
  -------         PROC          UART1_SET_SLOT_ADDRESS
  -------         DO            
  D:0001H         SYMBOL        ptr
  D:0007H         SYMBOL        tempValue
  -------         ENDDO         
  C:2B0CH         LINE#         149
  C:2B0CH         LINE#         150
  C:2B0CH         LINE#         154
  C:2B12H         LINE#         155
  C:2B18H         LINE#         156
  C:2B1CH         LINE#         158
  C:2B21H         LINE#         159
  C:2B24H         LINE#         160
  C:2B28H         LINE#         161
  C:2B28H         LINE#         162
  C:2B30H         LINE#         163
  C:2B30H         LINE#         164
  C:2B32H         LINE#         165
  C:2B3EH         LINE#         166
  C:2B3EH         LINE#         167
  C:2B41H         LINE#         168
  C:2B47H         LINE#         169
  C:2B47H         LINE#         170
  C:2B4DH         LINE#         171
  -------         ENDPROC       UART1_SET_SLOT_ADDRESS
  -------         PROC          UART1_RD_LABEL
  -------         DO            
  X:0F67H         SYMBOL        srcPtr
  X:0F6AH         SYMBOL        destPtr
  X:0F6DH         SYMBOL        cPortNum
  X:0F6EH         SYMBOL        len
  X:0F6FH         SYMBOL        addr
  -------         ENDDO         
  C:2390H         LINE#         177
  C:2390H         LINE#         178
BL51 BANKED LINKER/LOCATER V6.22                                                      11/03/2015  14:01:16  PAGE 16


  C:2390H         LINE#         181
  C:2396H         LINE#         182
  C:239AH         LINE#         183
  C:23A8H         LINE#         184
  C:23B4H         LINE#         185
  C:23CBH         LINE#         186
  C:23E2H         LINE#         187
  C:23F9H         LINE#         188
  C:240EH         LINE#         189
  C:2430H         LINE#         190
  C:243AH         LINE#         191
  -------         ENDPROC       UART1_RD_LABEL
  -------         PROC          UART1_WR_LABEL
  -------         DO            
  X:0DA3H         SYMBOL        srcPtr
  X:0DA6H         SYMBOL        cPortNum
  X:0DA7H         SYMBOL        len
  X:0DA8H         SYMBOL        addr
  X:0DA9H         SYMBOL        i
  X:0DAAH         SYMBOL        tempArry
  -------         ENDDO         
  C:1992H         LINE#         193
  C:1992H         LINE#         194
  C:1992H         LINE#         197
  C:1997H         LINE#         199
  C:199DH         LINE#         200
  C:19A1H         LINE#         202
  C:19AFH         LINE#         203
  C:19C6H         LINE#         204
  C:19DDH         LINE#         205
  C:19F4H         LINE#         206
  C:1A1FH         LINE#         208
  C:1A25H         LINE#         209
  C:1A28H         LINE#         210
  C:1A2BH         LINE#         211
  C:1A31H         LINE#         212
  C:1A37H         LINE#         213
  C:1A37H         LINE#         214
  C:1A60H         LINE#         215
  C:1A67H         LINE#         216
  C:1A6EH         LINE#         217
  C:1A74H         LINE#         218
  C:1A76H         LINE#         220
  C:1A8CH         LINE#         221
  C:1A9EH         LINE#         222
  C:1AAFH         LINE#         223
  -------         ENDPROC       UART1_WR_LABEL
  -------         PROC          UART1_POLL_CURRENT
  -------         DO            
  X:0F53H         SYMBOL        srcPtr
  X:0F56H         SYMBOL        destPtr
  D:0007H         SYMBOL        i
  D:0006H         SYMBOL        tmp
  X:0F59H         SYMBOL        addr
  X:0F5AH         SYMBOL        addr_temp
  -------         ENDDO         
  C:0026H         LINE#         229
BL51 BANKED LINKER/LOCATER V6.22                                                      11/03/2015  14:01:16  PAGE 17


  C:0026H         LINE#         230
  C:0026H         LINE#         234
  C:002BH         LINE#         235
  C:003DH         LINE#         238
  C:0043H         LINE#         239
  C:0047H         LINE#         242
  C:0055H         LINE#         243
  C:0061H         LINE#         244
  C:0063H         LINE#         245
  C:0063H         LINE#         246
  C:008BH         LINE#         247
  C:0090H         LINE#         248
  C:0098H         LINE#         249
  C:00AAH         LINE#         250
  C:00AAH         LINE#         251
  C:00B8H         LINE#         252
  C:00EEH         LINE#         253
  C:00F8H         LINE#         254
  C:0137H         LINE#         255
  C:0141H         LINE#         256
  C:0188H         LINE#         257
  C:0192H         LINE#         259
  C:0195H         LINE#         261
  C:01A3H         LINE#         262
  C:01ACH         LINE#         264
  C:01B4H         LINE#         265
  C:01B8H         LINE#         266
  C:01B8H         LINE#         267
  C:01B8H         LINE#         269
  C:01C0H         LINE#         270
  C:01C3H         LINE#         271
  C:01C3H         LINE#         272
  C:01CBH         LINE#         273
  C:01DDH         LINE#         274
  C:01DDH         LINE#         275
  C:01E0H         LINE#         278
  C:01E8H         LINE#         279
  C:01EBH         LINE#         280
  C:01EBH         LINE#         281
  C:01F3H         LINE#         282
  C:0205H         LINE#         283
  C:0205H         LINE#         284
  C:0209H         LINE#         286
  C:0209H         LINE#         287
  C:0209H         LINE#         288
  C:0209H         LINE#         291
  C:0209H         LINE#         292
  C:0209H         LINE#         293
  C:0209H         LINE#         294
  C:0209H         LINE#         295
  C:0209H         LINE#         296
  C:0209H         LINE#         297
  C:020CH         LINE#         299
  C:020CH         LINE#         300
  C:0214H         LINE#         301
  C:0216H         LINE#         302
  C:0216H         LINE#         303
BL51 BANKED LINKER/LOCATER V6.22                                                      11/03/2015  14:01:16  PAGE 18


  C:022EH         LINE#         304
  C:025FH         LINE#         305
  C:0266H         LINE#         306
  C:0269H         LINE#         308
  C:0269H         LINE#         309
  C:0271H         LINE#         310
  C:0274H         LINE#         311
  C:027FH         LINE#         313
  C:0299H         LINE#         314
  C:02B3H         LINE#         315
  C:02CAH         LINE#         317
  C:02EDH         LINE#         318
  C:0310H         LINE#         319
  C:0333H         LINE#         322
  C:0364H         LINE#         323
  C:036EH         LINE#         324
  C:039FH         LINE#         325
  C:03A9H         LINE#         326
  C:03DAH         LINE#         327
  C:03E4H         LINE#         328
  C:03E4H         LINE#         329
  C:03E4H         LINE#         332
  C:03EEH         LINE#         333
  C:03F4H         LINE#         334
  -------         ENDPROC       UART1_POLL_CURRENT
  -------         PROC          UART1_COMMAND
  -------         DO            
  D:0007H         SYMBOL        cTmp
  X:0E0DH         SYMBOL        update_tmp
  X:0FB7H         SYMBOL        tempValue
  -------         ENDDO         
  C:1AB0H         LINE#         336
  C:1AB0H         LINE#         337
  C:1AB0H         LINE#         342
  C:1ABEH         LINE#         343
  C:1AC4H         LINE#         347
  C:1AE9H         LINE#         348
  C:1AE9H         LINE#         349
  C:1AE9H         LINE#         351
  C:1AF1H         LINE#         352
  C:1AF5H         LINE#         353
  C:1AF5H         LINE#         354
  C:1B01H         LINE#         355
  C:1B01H         LINE#         356
  C:1B04H         LINE#         357
  C:1B04H         LINE#         358
  C:1B06H         LINE#         359
  C:1B1CH         LINE#         360
  C:1B1CH         LINE#         361
  C:1B1CH         LINE#         362
  C:1B1CH         LINE#         363
  C:1B1EH         LINE#         364
  C:1B27H         LINE#         365
  C:1B27H         LINE#         366
  C:1B39H         LINE#         367
  C:1B39H         LINE#         368
  C:1B3CH         LINE#         369
BL51 BANKED LINKER/LOCATER V6.22                                                      11/03/2015  14:01:16  PAGE 19


  C:1B42H         LINE#         370
  C:1B42H         LINE#         371
  C:1B44H         LINE#         372
  C:1B58H         LINE#         373
  C:1B58H         LINE#         374
  C:1B5DH         LINE#         375
  C:1B60H         LINE#         376
  C:1B60H         LINE#         377
  C:1B60H         LINE#         378
  C:1B60H         LINE#         380
  C:1B60H         LINE#         382
  C:1B70H         LINE#         383
  C:1B70H         LINE#         384
  C:1B73H         LINE#         385
  C:1B73H         LINE#         386
  C:1B73H         LINE#         387
  C:1B73H         LINE#         388
  C:1B83H         LINE#         389
  C:1B83H         LINE#         390
  C:1B86H         LINE#         391
  C:1B86H         LINE#         392
  C:1B86H         LINE#         393
  C:1B86H         LINE#         394
  C:1B96H         LINE#         395
  C:1B96H         LINE#         396
  C:1B99H         LINE#         397
  C:1B99H         LINE#         398
  C:1B99H         LINE#         400
  C:1B99H         LINE#         401
  C:1BA9H         LINE#         402
  C:1BA9H         LINE#         403
  C:1BAFH         LINE#         404
  C:1BAFH         LINE#         405
  C:1BB2H         LINE#         406
  C:1BB4H         LINE#         407
  C:1BB6H         LINE#         408
  C:1BB6H         LINE#         409
  C:1BB9H         LINE#         410
  C:1BBFH         LINE#         411
  C:1BBFH         LINE#         412
  C:1BC2H         LINE#         413
  C:1BC2H         LINE#         414
  C:1BC2H         LINE#         415
  C:1BC2H         LINE#         416
  C:1BC5H         LINE#         417
  C:1BC5H         LINE#         418
  C:1BC5H         LINE#         419
  -------         ENDPROC       UART1_COMMAND
  -------         PROC          UART_PROCESS
  -------         DO            
  X:0FB8H         SYMBOL        tempValue
  -------         ENDDO         
  C:28E7H         LINE#         421
  C:28E7H         LINE#         422
  C:28E7H         LINE#         425
  C:28EFH         LINE#         426
  C:28EFH         LINE#         427
BL51 BANKED LINKER/LOCATER V6.22                                                      11/03/2015  14:01:16  PAGE 20


  C:28F2H         LINE#         428
  C:28FAH         LINE#         430
  C:28FCH         LINE#         431
  C:28FCH         LINE#         432
  C:290AH         LINE#         433
  C:290AH         LINE#         434
  C:290FH         LINE#         435
  C:290FH         LINE#         436
  C:2915H         LINE#         437
  C:2915H         LINE#         438
  C:291BH         LINE#         439
  C:291BH         LINE#         440
  C:291BH         LINE#         441
  C:291BH         LINE#         442
  C:291BH         LINE#         447
  C:291BH         LINE#         448
  C:291DH         LINE#         449
  C:2924H         LINE#         450
  C:2924H         LINE#         451
  C:2929H         LINE#         452
  C:292FH         LINE#         453
  C:292FH         LINE#         454
  C:2932H         LINE#         455
  C:2935H         LINE#         456
  C:2935H         LINE#         459
  C:2935H         LINE#         460
  C:293AH         LINE#         461
  C:293AH         LINE#         463
  -------         ENDPROC       UART_PROCESS
  -------         PROC          READ_ID_96
  -------         DO            
  X:0FB9H         SYMBOL        i
  -------         ENDDO         
  C:243BH         LINE#         466
  C:243BH         LINE#         467
  C:243BH         LINE#         469
  C:244DH         LINE#         470
  C:244DH         LINE#         471
  C:2461H         LINE#         472
  C:2461H         LINE#         473
  C:2474H         LINE#         474
  C:24A1H         LINE#         475
  C:24B6H         LINE#         476
  C:24C8H         LINE#         477
  C:24C9H         LINE#         478
  C:24C9H         LINE#         479
  C:24D2H         LINE#         480
  -------         ENDPROC       READ_ID_96
  -------         PROC          PORT_STATE_PROCESS
  -------         DO            
  X:0FBAH         SYMBOL        i
  -------         ENDDO         
  C:24D3H         LINE#         482
  C:24D3H         LINE#         483
  C:24D3H         LINE#         485
  C:24DCH         LINE#         488
  C:24EBH         LINE#         489
BL51 BANKED LINKER/LOCATER V6.22                                                      11/03/2015  14:01:16  PAGE 21


  C:24EBH         LINE#         490
  C:2500H         LINE#         491
  C:2500H         LINE#         492
  C:2500H         LINE#         493
  C:2500H         LINE#         494
  C:2500H         LINE#         495
  C:2500H         LINE#         496
  C:2518H         LINE#         497
  C:252CH         LINE#         498
  C:252EH         LINE#         500
  C:252EH         LINE#         501
  C:2545H         LINE#         502
  C:2547H         LINE#         503
  C:2547H         LINE#         504
  C:2557H         LINE#         505
  C:2557H         LINE#         506
  C:2557H         LINE#         507
  C:255FH         LINE#         509
  -------         ENDPROC       PORT_STATE_PROCESS
  -------         PROC          _PORT_STATUS_1_PORT_PROCESS
  X:0F70H         SYMBOL        lPortTmp
  -------         DO            
  X:0F71H         SYMBOL        ptrNative
  X:0F74H         SYMBOL        ptrDesig
  X:0F77H         SYMBOL        curAlarmStatus
  -------         ENDDO         
  C:1CD2H         LINE#         511
  C:1CD7H         LINE#         512
  C:1CD7H         LINE#         516
  C:1CF0H         LINE#         517
  C:1D02H         LINE#         519
  C:1D2CH         LINE#         520
  C:1D2CH         LINE#         521
  C:1D47H         LINE#         522
  C:1D47H         LINE#         523
  C:1D4AH         LINE#         524
  C:1D4CH         LINE#         526
  C:1D4CH         LINE#         527
  C:1D4FH         LINE#         528
  C:1D4FH         LINE#         529
  C:1D5FH         LINE#         530
  C:1D61H         LINE#         532
  C:1D61H         LINE#         533
  C:1D79H         LINE#         534
  C:1D79H         LINE#         535
  C:1DAAH         LINE#         536
  C:1DAAH         LINE#         537
  C:1DADH         LINE#         538
  C:1DB0H         LINE#         539
  C:1DB2H         LINE#         541
  C:1DB2H         LINE#         542
  C:1DB5H         LINE#         543
  C:1DBBH         LINE#         544
  C:1DBBH         LINE#         545
  C:1DBDH         LINE#         547
  C:1DBDH         LINE#         548
  C:1DC3H         LINE#         549
BL51 BANKED LINKER/LOCATER V6.22                                                      11/03/2015  14:01:16  PAGE 22


  C:1DD3H         LINE#         550
  C:1DD3H         LINE#         551
  C:1DD3H         LINE#         552
  C:1DD8H         LINE#         553
  -------         ENDPROC       _PORT_STATUS_1_PORT_PROCESS
  -------         PROC          L?0127
  -------         ENDPROC       L?0127
  -------         PROC          INQUIRE_PORT_CHANGE
  -------         DO            
  D:0003H         SYMBOL        i
  -------         ENDDO         
  C:2690H         LINE#         555
  C:2690H         LINE#         556
  C:2690H         LINE#         558
  C:2692H         LINE#         559
  C:2692H         LINE#         561
  C:26AAH         LINE#         562
  C:26AAH         LINE#         563
  C:26BFH         LINE#         564
  C:26C1H         LINE#         565
  C:26D4H         LINE#         566
  C:26D7H         LINE#         567
  C:26D7H         LINE#         569
  C:26EAH         LINE#         570
  C:26F1H         LINE#         572
  C:26F3H         LINE#         573
  -------         ENDPROC       INQUIRE_PORT_CHANGE
  -------         PROC          INQUIRE_PORT_96
  -------         DO            
  D:0007H         SYMBOL        i
  -------         ENDDO         
  C:2CF7H         LINE#         575
  C:2CF7H         LINE#         576
  C:2CF7H         LINE#         578
  C:2CF9H         LINE#         579
  C:2CF9H         LINE#         580
  C:2D0CH         LINE#         581
  C:2D0CH         LINE#         582
  C:2D1DH         LINE#         583
  C:2D21H         LINE#         584
  C:2D21H         LINE#         585
  C:2D26H         LINE#         587
  C:2D28H         LINE#         588
  -------         ENDPROC       INQUIRE_PORT_96
  -------         ENDMOD        NETCOMMAND

  -------         MODULE        IDPROCESS
  C:0000H         SYMBOL        _ICE_DUMMY_
  C:03F5H         PUBLIC        refresh_current_id
  D:00E8H         PUBLIC        ADC0CN
  D:00A8H         PUBLIC        IE
  D:00D8H         PUBLIC        PCA0CN
  D:00B8H         PUBLIC        IP
  D:00C0H         PUBLIC        SMB0CN
  D:00F8H         PUBLIC        SPI0CN
  D:0088H         PUBLIC        TCON
  D:00C8H         PUBLIC        TMR2CN
BL51 BANKED LINKER/LOCATER V6.22                                                      11/03/2015  14:01:16  PAGE 23


  C:2231H         PUBLIC        _read_id
  C:2D58H         PUBLIC        _id_check_null
  D:0098H         PUBLIC        SCON0
  X:08B1H         PUBLIC        error_id_temp
  D:00D0H         PUBLIC        PSW
  X:0A31H         PUBLIC        localid_buf
  -------         PROC          _ID_CHECK_NULL
  X:0FA9H         SYMBOL        ptr
  -------         DO            
  D:0007H         SYMBOL        i
  -------         ENDDO         
  C:2D58H         LINE#         13
  C:2D63H         LINE#         14
  C:2D63H         LINE#         17
  C:2D65H         LINE#         18
  C:2D65H         LINE#         19
  C:2D7AH         LINE#         20
  C:2D7DH         LINE#         21
  C:2D82H         LINE#         23
  C:2D84H         LINE#         24
  -------         ENDPROC       _ID_CHECK_NULL
  -------         PROC          REFRESH_CURRENT_ID
  -------         DO            
  X:0FBBH         SYMBOL        lport
  -------         ENDDO         
  C:03F5H         LINE#         27
  C:03F5H         LINE#         28
  C:03F5H         LINE#         29
  C:03FAH         LINE#         30
  C:03FDH         LINE#         31
  C:040FH         LINE#         32
  C:040FH         LINE#         33
  C:0427H         LINE#         34
  C:0427H         LINE#         36
  C:043CH         LINE#         38
  C:0467H         LINE#         39
  C:0467H         LINE#         40
  C:047CH         LINE#         41
  C:048EH         LINE#         42
  C:0491H         LINE#         44
  C:0491H         LINE#         45
  C:04A3H         LINE#         46
  C:04A3H         LINE#         47
  C:04B9H         LINE#         48
  C:04F3H         LINE#         49
  C:04F7H         LINE#         50
  C:04FAH         LINE#         52
  C:04FAH         LINE#         53
  C:0537H         LINE#         54
  C:0537H         LINE#         55
  C:0574H         LINE#         56
  C:0577H         LINE#         58
  C:0577H         LINE#         59
  C:058DH         LINE#         60
  C:05A5H         LINE#         61
  C:05A5H         LINE#         62
  C:05BAH         LINE#         63
BL51 BANKED LINKER/LOCATER V6.22                                                      11/03/2015  14:01:16  PAGE 24


  C:05CCH         LINE#         64
  C:05CCH         LINE#         65
  C:05CCH         LINE#         66
  C:05CCH         LINE#         67
  C:05CCH         LINE#         68
  C:05CEH         LINE#         70
  C:05CEH         LINE#         72
  C:05E4H         LINE#         73
  C:05FDH         LINE#         74
  C:05FDH         LINE#         75
  C:060EH         LINE#         76
  C:061FH         LINE#         77
  C:0621H         LINE#         79
  C:0621H         LINE#         80
  C:0632H         LINE#         81
  C:0632H         LINE#         82
  C:0632H         LINE#         84
  C:064DH         LINE#         85
  C:064DH         LINE#         86
  C:0690H         LINE#         87
  C:0690H         LINE#         88
  C:06A6H         LINE#         89
  C:06E6H         LINE#         90
  C:06FEH         LINE#         91
  C:06FEH         LINE#         92
  C:0711H         LINE#         93
  C:0722H         LINE#         94
  C:0724H         LINE#         96
  C:0724H         LINE#         97
  C:0737H         LINE#         98
  C:074DH         LINE#         99
  C:074DH         LINE#         100
  C:074DH         LINE#         101
  C:074DH         LINE#         102
  C:0756H         LINE#         103
  -------         ENDPROC       REFRESH_CURRENT_ID
  -------         PROC          _READ_ID
  X:0F80H         SYMBOL        type
  X:0F81H         SYMBOL        len
  X:0F82H         SYMBOL        buf
  -------         DO            
  X:0F85H         SYMBOL        i
  X:0F86H         SYMBOL        j
  X:07F1H         SYMBOL        buff
  -------         ENDDO         
  C:2231H         LINE#         104
  C:2242H         LINE#         105
  C:2242H         LINE#         108
  C:224FH         LINE#         109
  C:2258H         LINE#         110
  C:2258H         LINE#         111
  C:2270H         LINE#         112
  C:2275H         LINE#         113
  C:2275H         LINE#         114
  C:227AH         LINE#         115
  C:227AH         LINE#         116
  C:22CFH         LINE#         117
BL51 BANKED LINKER/LOCATER V6.22                                                      11/03/2015  14:01:16  PAGE 25


  C:22D9H         LINE#         118
  C:22E3H         LINE#         119
  C:22E3H         LINE#         120
  -------         ENDPROC       _READ_ID
  -------         ENDMOD        IDPROCESS

  -------         MODULE        TMUPROCESS
  C:0000H         SYMBOL        _ICE_DUMMY_
  C:2FDAH         PUBLIC        get_tmu_addr_mode
  D:0080H         PUBLIC        P0
  D:0090H         PUBLIC        P1
  D:00E8H         PUBLIC        ADC0CN
  C:2FD4H         PUBLIC        _set_tmu_addr_mode
  D:00A8H         PUBLIC        IE
  D:00D8H         PUBLIC        PCA0CN
  D:00B8H         PUBLIC        IP
  D:00C0H         PUBLIC        SMB0CN
  D:00F8H         PUBLIC        SPI0CN
  D:0088H         PUBLIC        TCON
  D:00C8H         PUBLIC        TMR2CN
  C:2A32H         PUBLIC        tmu_address_init
  X:0FBCH         SYMBOL        tmuAddrMode
  D:0098H         PUBLIC        SCON0
  D:00D0H         PUBLIC        PSW
  -------         PROC          TMU_ADDRESS_INIT
  -------         DO            
  D:0006H         SYMBOL        sch_version
  D:0007H         SYMBOL        tempValue
  X:0EDDH         SYMBOL        i
  -------         ENDDO         
  C:2A32H         LINE#         12
  C:2A32H         LINE#         13
  C:2A32H         LINE#         17
  C:2A33H         LINE#         18
  C:2A33H         LINE#         19
  C:2A37H         LINE#         20
  C:2A37H         LINE#         21
  C:2A3EH         LINE#         22
  C:2A49H         LINE#         23
  C:2A53H         LINE#         24
  C:2A5DH         LINE#         25
  C:2A5EH         LINE#         26
  C:2A6AH         LINE#         27
  C:2A6EH         LINE#         28
  C:2A6EH         LINE#         29
  C:2A70H         LINE#         30
  C:2A72H         LINE#         32
  C:2A72H         LINE#         33
  C:2A75H         LINE#         34
  C:2A7AH         LINE#         35
  C:2A7AH         LINE#         36
  -------         ENDPROC       TMU_ADDRESS_INIT
  -------         PROC          _SET_TMU_ADDR_MODE
  D:0007H         SYMBOL        value
  C:2FD4H         LINE#         38
  C:2FD4H         LINE#         39
  C:2FD4H         LINE#         40
BL51 BANKED LINKER/LOCATER V6.22                                                      11/03/2015  14:01:16  PAGE 26


  C:2FD9H         LINE#         41
  -------         ENDPROC       _SET_TMU_ADDR_MODE
  -------         PROC          GET_TMU_ADDR_MODE
  C:2FDAH         LINE#         43
  C:2FDAH         LINE#         44
  C:2FDAH         LINE#         45
  C:2FDFH         LINE#         46
  -------         ENDPROC       GET_TMU_ADDR_MODE
  -------         ENDMOD        TMUPROCESS

  -------         MODULE        LEDSTATUS
  C:0000H         SYMBOL        _ICE_DUMMY_
  X:0FAFH         PUBLIC        countnum
  D:00C7H         PUBLIC        P4
  C:20AAH         PUBLIC        refresh_led
  D:00E8H         PUBLIC        ADC0CN
  D:00A8H         PUBLIC        IE
  B:0022H.4       PUBLIC        flashQuick
  B:00A0H.2       PUBLIC        P2_2
  B:00A0H.3       PUBLIC        P2_3
  B:00A0H.4       PUBLIC        P2_4
  B:00A0H.5       PUBLIC        P2_5
  D:00D8H         PUBLIC        PCA0CN
  B:0020H.1       PUBLIC        led10
  B:00A0H.6       PUBLIC        P2_6
  B:0020H.2       PUBLIC        led11
  B:00A0H.7       PUBLIC        P2_7
  D:00B8H         PUBLIC        IP
  B:0020H.3       PUBLIC        led12
  D:00C0H         PUBLIC        SMB0CN
  D:00F8H         PUBLIC        SPI0CN
  D:0088H         PUBLIC        TCON
  D:00C8H         PUBLIC        TMR2CN
  B:0022H.5       PUBLIC        flashSlow
  C:288DH         SYMBOL        led_hardware_control
  D:0021H         PUBLIC        bLedVar1
  D:0020H         PUBLIC        bLedVar2
  D:0098H         PUBLIC        SCON0
  B:0021H.0       PUBLIC        led1
  B:0021H.1       PUBLIC        led2
  B:0021H.2       PUBLIC        led3
  B:0021H.3       PUBLIC        led4
  B:0021H.4       PUBLIC        led5
  B:0021H.5       PUBLIC        led6
  B:0021H.6       PUBLIC        led7
  B:0021H.7       PUBLIC        led8
  B:0020H.0       PUBLIC        led9
  D:00D0H         PUBLIC        PSW
  -------         PROC          LED_HARDWARE_CONTROL
  C:288DH         LINE#         27
  C:288DH         LINE#         28
  C:288DH         LINE#         29
  C:2891H         LINE#         30
  C:2895H         LINE#         31
  C:2899H         LINE#         32
  C:289DH         LINE#         33
  C:28A1H         LINE#         34
BL51 BANKED LINKER/LOCATER V6.22                                                      11/03/2015  14:01:16  PAGE 27


  C:28A5H         LINE#         35
  C:28A8H         LINE#         36
  C:28ADH         LINE#         38
  C:28B0H         LINE#         39
  C:28B3H         LINE#         40
  C:28B8H         LINE#         42
  C:28BBH         LINE#         43
  C:28BEH         LINE#         44
  C:28C3H         LINE#         46
  C:28C6H         LINE#         47
  C:28C9H         LINE#         48
  C:28CEH         LINE#         50
  C:28D1H         LINE#         51
  C:28D4H         LINE#         52
  C:28D9H         LINE#         54
  C:28DCH         LINE#         55
  C:28DFH         LINE#         56
  C:28E3H         LINE#         58
  C:28E6H         LINE#         59
  -------         ENDPROC       LED_HARDWARE_CONTROL
  -------         PROC          REFRESH_LED
  -------         DO            
  D:0005H         SYMBOL        flag
  D:0004H         SYMBOL        i
  X:0EE7H         SYMBOL        tmpAll
  X:0EE9H         SYMBOL        tmpi
  -------         ENDDO         
  C:20AAH         LINE#         65
  C:20AAH         LINE#         66
  C:20AAH         LINE#         68
  C:20ACH         LINE#         72
  C:20BAH         LINE#         89
  C:20C4H         LINE#         90
  C:20C4H         LINE#         91
  C:20C6H         LINE#         92
  C:20C6H         LINE#         93
  C:20CBH         LINE#         94
  C:20CBH         LINE#         95
  C:20CDH         LINE#         96
  C:20D3H         LINE#         97
  C:20D3H         LINE#         99
  C:20DAH         LINE#         100
  C:20DFH         LINE#         101
  C:20E1H         LINE#         102
  C:20E1H         LINE#         104
  C:20F9H         LINE#         105
  C:20F9H         LINE#         107
  C:20F9H         LINE#         108
  C:20F9H         LINE#         110
  C:20F9H         LINE#         111
  C:20FDH         LINE#         112
  C:2100H         LINE#         113
  C:2100H         LINE#         114
  C:2102H         LINE#         116
  C:2102H         LINE#         117
  C:2106H         LINE#         118
  C:2109H         LINE#         119
BL51 BANKED LINKER/LOCATER V6.22                                                      11/03/2015  14:01:16  PAGE 28


  C:2109H         LINE#         120
  C:210BH         LINE#         122
  C:210BH         LINE#         123
  C:210FH         LINE#         124
  C:210FH         LINE#         125
  C:2121H         LINE#         126
  C:2121H         LINE#         127
  C:2121H         LINE#         129
  C:2125H         LINE#         130
  C:2125H         LINE#         131
  C:2128H         LINE#         132
  C:212AH         LINE#         136
  C:212EH         LINE#         137
  C:212EH         LINE#         138
  C:2131H         LINE#         139
  C:2136H         LINE#         141
  C:2136H         LINE#         142
  C:2138H         LINE#         144
  C:2138H         LINE#         145
  C:213BH         LINE#         146
  C:213BH         LINE#         148
  C:2148H         LINE#         149
  C:214EH         LINE#         150
  C:2160H         LINE#         152
  C:2169H         LINE#         153
  C:216CH         LINE#         155
  -------         ENDPROC       REFRESH_LED
  -------         ENDMOD        LEDSTATUS

  -------         MODULE        VARIABLE
  C:0000H         SYMBOL        _ICE_DUMMY_
  X:0001H         PUBLIC        mainInfo
  X:07F0H         PUBLIC        linkFmu
  C:2C15H         PUBLIC        var_init
  -------         PROC          VAR_INIT
  -------         DO            
  X:0000H         SYMBOL        i
  -------         ENDDO         
  C:2C15H         LINE#         11
  C:2C15H         LINE#         12
  C:2C15H         LINE#         15
  C:2C22H         LINE#         16
  C:2C27H         LINE#         18
  C:2C36H         LINE#         19
  C:2C36H         LINE#         20
  C:2C43H         LINE#         21
  C:2C4BH         LINE#         23
  C:2C50H         LINE#         25
  -------         ENDPROC       VAR_INIT
  -------         ENDMOD        VARIABLE

  -------         MODULE        SHARE
  C:0000H         SYMBOL        _ICE_DUMMY_
  C:2D85H         PUBLIC        _memory_clear
  C:2B50H         PUBLIC        _memory_copy
  C:293DH         PUBLIC        _memory_compare
  -------         PROC          _MEMORY_COMPARE
BL51 BANKED LINKER/LOCATER V6.22                                                      11/03/2015  14:01:16  PAGE 29


  X:0F87H         SYMBOL        ptr1
  X:0F8AH         SYMBOL        ptr2
  X:0F8DH         SYMBOL        len
  -------         DO            
  D:0007H         SYMBOL        i
  -------         ENDDO         
  C:293DH         LINE#         3
  C:2948H         LINE#         4
  C:2948H         LINE#         7
  C:2954H         LINE#         8
  C:2954H         LINE#         9
  C:2974H         LINE#         10
  C:2974H         LINE#         11
  C:297EH         LINE#         12
  C:2988H         LINE#         13
  C:298AH         LINE#         15
  C:298AH         LINE#         16
  C:298DH         LINE#         17
  C:298DH         LINE#         18
  C:2990H         LINE#         19
  C:2992H         LINE#         20
  -------         ENDPROC       _MEMORY_COMPARE
  -------         PROC          _MEMORY_CLEAR
  D:0001H         SYMBOL        ptr
  D:0004H         SYMBOL        number
  -------         DO            
  D:0006H         SYMBOL        count
  X:0EDEH         SYMBOL        ramPtr
  -------         ENDDO         
  C:2D85H         LINE#         22
  C:2D85H         LINE#         23
  C:2D85H         LINE#         27
  C:2D89H         LINE#         29
  C:2D94H         LINE#         32
  C:2D94H         LINE#         33
  C:2DA8H         LINE#         34
  C:2DADH         LINE#         35
  C:2DB1H         LINE#         36
  -------         ENDPROC       _MEMORY_CLEAR
  -------         PROC          _MEMORY_COPY
  X:0F78H         SYMBOL        dest
  X:0F7BH         SYMBOL        src
  X:0F7EH         SYMBOL        len
  C:2B50H         LINE#         38
  C:2B5BH         LINE#         39
  C:2B5BH         LINE#         40
  C:2B69H         LINE#         41
  C:2B69H         LINE#         42
  C:2B91H         LINE#         43
  C:2B93H         LINE#         44
  -------         ENDPROC       _MEMORY_COPY
  -------         ENDMOD        SHARE

  -------         MODULE        HARDINFO
  C:0000H         SYMBOL        _ICE_DUMMY_
  C:26F4H         PUBLIC        _get_device_info
  X:0F11H         SYMBOL        deviceTable
BL51 BANKED LINKER/LOCATER V6.22                                                      11/03/2015  14:01:16  PAGE 30


  -------         PROC          _GET_DEVICE_INFO
  X:0FACH         SYMBOL        ptr
  -------         DO            
  X:0F0BH         SYMBOL        des
  X:0F0EH         SYMBOL        src
  D:0007H         SYMBOL        temp
  -------         ENDDO         
  C:26F4H         LINE#         23
  C:26FFH         LINE#         24
  C:26FFH         LINE#         27
  C:2702H         LINE#         28
  C:2717H         LINE#         29
  C:2723H         LINE#         30
  C:2727H         LINE#         31
  C:2727H         LINE#         32
  C:2734H         LINE#         33
  C:2736H         LINE#         34
  C:2746H         LINE#         35
  C:2746H         LINE#         36
  C:276CH         LINE#         37
  C:276EH         LINE#         38
  -------         ENDPROC       _GET_DEVICE_INFO
  -------         ENDMOD        HARDINFO

  -------         MODULE        DS2431PROCESS
  C:0000H         SYMBOL        _ICE_DUMMY_
  C:2560H         PUBLIC        _one_wire_set_speed
  D:0090H         PUBLIC        P1
  D:00B0H         PUBLIC        P3
  C:2DB2H         PUBLIC        _one_wire_write_byte
  B:00A8H.7       PUBLIC        EA
  C:29E6H         PUBLIC        one_wire_start_get12_ack
  D:00E8H         PUBLIC        ADC0CN
  D:00A8H         PUBLIC        IE
  D:00D8H         PUBLIC        PCA0CN
  D:00B8H         PUBLIC        IP
  C:2FC6H         SYMBOL        clear_0
  C:2F5AH         SYMBOL        _tick_delay
  C:1280H         PUBLIC        _one_wire_start_get_ack
  D:00C0H         PUBLIC        SMB0CN
  D:00F8H         PUBLIC        SPI0CN
  B:0090H.0       PUBLIC        ONE_WIRE_WP1
  D:0088H         PUBLIC        TCON
  B:0090H.1       PUBLIC        ONE_WIRE_WP2
  B:0090H.2       PUBLIC        ONE_WIRE_WP3
  B:0090H.3       PUBLIC        ONE_WIRE_WP4
  D:00C8H         PUBLIC        TMR2CN
  B:0090H.4       PUBLIC        ONE_WIRE_WP5
  B:0090H.5       PUBLIC        ONE_WIRE_WP6
  B:00B0H.0       PUBLIC        ONE_WIRE_WP7
  B:00B0H.1       PUBLIC        ONE_WIRE_WP8
  B:00B0H.2       PUBLIC        ONE_WIRE_WP9
  C:2FF4H         SYMBOL        tick_delay_one
  X:0EF7H         PUBLIC        OW_A
  X:0EF9H         PUBLIC        OW_B
  X:0EFBH         PUBLIC        OW_C
  X:0EFDH         PUBLIC        OW_D
BL51 BANKED LINKER/LOCATER V6.22                                                      11/03/2015  14:01:16  PAGE 31


  X:0EFFH         PUBLIC        OW_E
  X:0F01H         PUBLIC        OW_F
  X:0F03H         PUBLIC        OW_G
  X:0F05H         PUBLIC        OW_H
  X:0F07H         PUBLIC        OW_I
  X:0F09H         PUBLIC        OW_J
  C:216FH         PUBLIC        _one_wire_read12_byte
  C:2FCDH         SYMBOL        set_1
  C:2F68H         PUBLIC        one_wire_write12_0
  C:2E82H         PUBLIC        _one_wire_write12_1
  C:1564H         PUBLIC        _one_wire_read12_bit
  D:0098H         PUBLIC        SCON0
  B:00B0H.3       PUBLIC        ONE_WIRE_WP10
  B:00B0H.4       PUBLIC        ONE_WIRE_WP11
  C:2EE5H         PUBLIC        _one_wire_write12_byte
  B:00B0H.5       PUBLIC        ONE_WIRE_WP12
  C:27D3H         PUBLIC        _one_wire_read_byte
  D:00D0H         PUBLIC        PSW
  C:1BC6H         PUBLIC        _one_wire_write_0
  C:10E4H         PUBLIC        _one_wire_write_1
  C:0757H         PUBLIC        _one_wire_read_bit
  C:2F52H         SYMBOL        L?0191
  C:2F55H         SYMBOL        L?0192
  -------         PROC          L?0190
  -------         ENDPROC       L?0190
  C:2F52H         SYMBOL        L?0191
  C:2F55H         SYMBOL        L?0192
  -------         PROC          _TICK_DELAY
  D:0006H         SYMBOL        unum
  C:2F5AH         LINE#         12
  C:2F5AH         LINE#         13
  C:2F5AH         LINE#         14
  C:2F64H         LINE#         15
  C:2F64H         LINE#         16
  C:2F65H         LINE#         17
  C:2F67H         LINE#         18
  -------         ENDPROC       _TICK_DELAY
  -------         PROC          TICK_DELAY_ONE
  C:2FF4H         LINE#         20
  C:2FF4H         LINE#         21
  C:2FF4H         LINE#         22
  C:2FF6H         LINE#         23
  C:2FF7H         LINE#         24
  -------         ENDPROC       TICK_DELAY_ONE
  -------         PROC          CLEAR_0
  C:2FC6H         LINE#         25
  C:2FC6H         LINE#         26
  C:2FC6H         LINE#         27
  C:2FC9H         LINE#         29
  C:2FCCH         LINE#         31
  -------         ENDPROC       CLEAR_0
  -------         PROC          SET_1
  C:2FCDH         LINE#         32
  C:2FCDH         LINE#         33
  C:2FCDH         LINE#         34
  C:2FD0H         LINE#         36
  C:2FD3H         LINE#         38
BL51 BANKED LINKER/LOCATER V6.22                                                      11/03/2015  14:01:16  PAGE 32


  -------         ENDPROC       SET_1
  -------         PROC          _ONE_WIRE_SET_SPEED
  D:0007H         SYMBOL        standard
  C:2560H         LINE#         40
  C:2560H         LINE#         41
  C:2560H         LINE#         43
  C:2566H         LINE#         44
  C:2566H         LINE#         47
  C:256BH         LINE#         48
  C:2572H         LINE#         49
  C:2579H         LINE#         50
  C:2580H         LINE#         51
  C:2587H         LINE#         52
  C:258EH         LINE#         53
  C:2593H         LINE#         54
  C:259BH         LINE#         55
  C:25A2H         LINE#         57
  C:25AAH         LINE#         71
  C:25ABH         LINE#         73
  C:25ABH         LINE#         76
  C:25B0H         LINE#         77
  C:25B7H         LINE#         78
  C:25BEH         LINE#         79
  C:25C5H         LINE#         80
  C:25CAH         LINE#         81
  C:25D0H         LINE#         82
  C:25D7H         LINE#         83
  C:25DEH         LINE#         84
  C:25E5H         LINE#         85
  C:25ECH         LINE#         98
  C:25ECH         LINE#         129
  -------         ENDPROC       _ONE_WIRE_SET_SPEED
  -------         PROC          ONE_WIRE_START_GET12_ACK
  -------         DO            
  X:0FB1H         SYMBOL        result
  -------         ENDDO         
  C:29E6H         LINE#         133
  C:29E6H         LINE#         134
  C:29E6H         LINE#         135
  C:29EDH         LINE#         136
  C:29F0H         LINE#         137
  C:29F6H         LINE#         138
  C:29F9H         LINE#         139
  C:29FDH         LINE#         140
  C:2A00H         LINE#         141
  C:2A04H         LINE#         168
  C:2A20H         LINE#         169
  C:2A26H         LINE#         170
  C:2A29H         LINE#         171
  C:2A31H         LINE#         172
  -------         ENDPROC       ONE_WIRE_START_GET12_ACK
  -------         PROC          _ONE_WIRE_START_GET_ACK
  D:0007H         SYMBOL        cPortNum
  -------         DO            
  X:0FBDH         SYMBOL        result
  -------         ENDDO         
  C:1280H         LINE#         176
BL51 BANKED LINKER/LOCATER V6.22                                                      11/03/2015  14:01:16  PAGE 33


  C:1280H         LINE#         177
  C:1280H         LINE#         178
  C:1286H         LINE#         180
  C:12BAH         LINE#         181
  C:12BAH         LINE#         182
  C:12BAH         LINE#         183
  C:12BAH         LINE#         184
  C:12BCH         LINE#         185
  C:12C2H         LINE#         187
  C:12C4H         LINE#         188
  C:12C8H         LINE#         190
  C:12CAH         LINE#         191
  C:12CEH         LINE#         193
  C:12D0H         LINE#         194
  C:12D0H         LINE#         195
  C:12D3H         LINE#         196
  C:12D3H         LINE#         197
  C:12D3H         LINE#         198
  C:12D3H         LINE#         199
  C:12D5H         LINE#         200
  C:12DBH         LINE#         202
  C:12DDH         LINE#         203
  C:12E1H         LINE#         205
  C:12E3H         LINE#         206
  C:12E7H         LINE#         208
  C:12E9H         LINE#         209
  C:12E9H         LINE#         210
  C:12ECH         LINE#         211
  C:12ECH         LINE#         212
  C:12ECH         LINE#         213
  C:12ECH         LINE#         214
  C:12EEH         LINE#         215
  C:12F4H         LINE#         217
  C:12F6H         LINE#         218
  C:12FAH         LINE#         220
  C:12FCH         LINE#         221
  C:1300H         LINE#         223
  C:1302H         LINE#         224
  C:1302H         LINE#         225
  C:1305H         LINE#         226
  C:1305H         LINE#         227
  C:1305H         LINE#         228
  C:1305H         LINE#         229
  C:1307H         LINE#         230
  C:130DH         LINE#         232
  C:130FH         LINE#         233
  C:1313H         LINE#         235
  C:1315H         LINE#         236
  C:1319H         LINE#         238
  C:131BH         LINE#         239
  C:131BH         LINE#         240
  C:131EH         LINE#         241
  C:131EH         LINE#         242
  C:131EH         LINE#         243
  C:131EH         LINE#         244
  C:1320H         LINE#         245
  C:1326H         LINE#         247
BL51 BANKED LINKER/LOCATER V6.22                                                      11/03/2015  14:01:16  PAGE 34


  C:1328H         LINE#         248
[...]
  C:18D1H         LINE#         183
  C:18DDH         LINE#         185
  C:18E2H         LINE#         186
  C:18F2H         LINE#         187
  C:18F2H         LINE#         220
  C:1907H         LINE#         221
  C:191FH         LINE#         222
  C:1937H         LINE#         224
  C:1955H         LINE#         225
  C:1955H         LINE#         226
  C:197CH         LINE#         227
  C:197FH         LINE#         228
  C:198FH         LINE#         230
  C:1991H         LINE#         232
  -------         ENDPROC       _ONE_WIRE_READ_MEMORY_BLOCK
  -------         PROC          _ONE_WIRE_READ12_MEMORY_BLOCK
  D:0006H         SYMBOL        desAddr
  X:0F21H         SYMBOL        recvPtr
  X:0F24H         SYMBOL        len
  -------         DO            
  X:0F25H         SYMBOL        i
  X:0F27H         SYMBOL        j
BL51 BANKED LINKER/LOCATER V6.22                                                      11/03/2015  14:01:16  PAGE 54


  X:0F29H         SYMBOL        n
  X:0F2BH         SYMBOL        ret
  X:0F2EH         SYMBOL        union1
  -------         ENDDO         
  C:16CEH         LINE#         245
  C:16D9H         LINE#         246
  C:16D9H         LINE#         247
  C:16E0H         LINE#         251
  C:16E8H         LINE#         253
  C:16F8H         LINE#         254
  C:16F8H         LINE#         255
  C:16FBH         LINE#         256
  C:16FBH         LINE#         257
  C:1706H         LINE#         258
  C:1706H         LINE#         260
  C:1706H         LINE#         262
  C:170DH         LINE#         263
  C:1714H         LINE#         264
  C:171EH         LINE#         265
  C:1728H         LINE#         267
  C:1749H         LINE#         268
  C:1749H         LINE#         269
  C:1759H         LINE#         270
  C:1775H         LINE#         271
  C:1775H         LINE#         272
  C:1792H         LINE#         273
  C:1792H         LINE#         274
  C:17C0H         LINE#         275
  C:17C2H         LINE#         276
  C:17C2H         LINE#         277
  C:1809H         LINE#         278
  C:1809H         LINE#         279
  C:181AH         LINE#         280
  C:181DH         LINE#         281
  C:182EH         LINE#         283
  C:1830H         LINE#         284
  -------         ENDPROC       _ONE_WIRE_READ12_MEMORY_BLOCK
  -------         PROC          _ONE_WIRE_GET_ROM
  X:0F9BH         SYMBOL        cPortNum
  D:0001H         SYMBOL        recvPtr
  -------         DO            
  X:0F9CH         SYMBOL        temp_data
  X:0F9FH         SYMBOL        temp_num
  X:0FA0H         SYMBOL        i
  -------         ENDDO         
  C:1FC4H         LINE#         297
  C:1FC9H         LINE#         298
  C:1FC9H         LINE#         303
  C:1FCFH         LINE#         304
  C:1FDAH         LINE#         306
  C:1FF2H         LINE#         307
  C:1FF2H         LINE#         310
  C:1FF7H         LINE#         312
  C:2002H         LINE#         313
  C:2002H         LINE#         314
  C:2011H         LINE#         315
  C:2016H         LINE#         316
BL51 BANKED LINKER/LOCATER V6.22                                                      11/03/2015  14:01:16  PAGE 55


  C:2019H         LINE#         317
  C:2019H         LINE#         319
  C:2025H         LINE#         321
  C:202AH         LINE#         322
  C:203AH         LINE#         323
  C:203AH         LINE#         325
  C:2045H         LINE#         326
  C:2045H         LINE#         327
  C:2054H         LINE#         328
  C:2057H         LINE#         329
  C:2057H         LINE#         331
  C:206CH         LINE#         333
  C:2071H         LINE#         334
  C:2071H         LINE#         335
  C:2098H         LINE#         336
  C:209BH         LINE#         337
  C:20A7H         LINE#         339
  C:20A9H         LINE#         340
  -------         ENDPROC       _ONE_WIRE_GET_ROM
  -------         ENDMOD        ONEWIREPROCESS

  -------         MODULE        UPDATE
  C:0000H         SYMBOL        _ICE_DUMMY_
  C:2C5FH         PUBLIC        _earseCodeFlash
  B:00A8H.7       PUBLIC        EA
  D:008FH         PUBLIC        PSCTL
  C:0CAFH         PUBLIC        update_file
  D:00E8H         PUBLIC        ADC0CN
  D:00A8H         PUBLIC        IE
  X:0E70H         SYMBOL        updateTimerStatus
  X:0E71H         SYMBOL        updatePacketNum
  D:0010H         PUBLIC        updateInfo
  D:00D8H         PUBLIC        PCA0CN
  X:0E73H         SYMBOL        updateTimerCount
  D:00B8H         PUBLIC        IP
  C:2CCBH         PUBLIC        _writeCodeFlash
  D:00AFH         PUBLIC        PFE0CN
  X:0E74H         PUBLIC        netUartPtr
  C:2BA3H         PUBLIC        _writeInnerFlash
  D:00C0H         PUBLIC        SMB0CN
  C:2A7BH         PUBLIC        updateApp
  X:0E77H         SYMBOL        updateTotalDataLen
  D:00F8H         PUBLIC        SPI0CN
  D:0088H         PUBLIC        TCON
  D:00C8H         PUBLIC        TMR2CN
  X:0E79H         PUBLIC        tempReadApp
  C:2AC4H         PUBLIC        fmu_cmd_update_file_timer_count
  D:0098H         PUBLIC        SCON0
  C:2F1CH         PUBLIC        fmu_cmd_init
  D:00D0H         PUBLIC        PSW
  D:00B7H         PUBLIC        FLKEY
  -------         PROC          FMU_CMD_INIT
  C:2F1CH         LINE#         39
  C:2F1CH         LINE#         40
  C:2F1CH         LINE#         41
  C:2F24H         LINE#         42
  C:2F27H         LINE#         43
BL51 BANKED LINKER/LOCATER V6.22                                                      11/03/2015  14:01:16  PAGE 56


  C:2F2BH         LINE#         44
  C:2F2FH         LINE#         45
  C:2F35H         LINE#         47
  -------         ENDPROC       FMU_CMD_INIT
  -------         PROC          L?0039
  -------         ENDPROC       L?0039
  -------         PROC          _EARSECODEFLASH
  D:0006H         SYMBOL        address
  -------         DO            
  D:0025H         SYMBOL        ptr
  -------         ENDDO         
  C:2C5FH         LINE#         49
  C:2C5FH         LINE#         50
  C:2C5FH         LINE#         53
  C:2C68H         LINE#         56
  C:2C6CH         LINE#         58
  C:2C6EH         LINE#         59
  C:2C71H         LINE#         60
  C:2C74H         LINE#         63
  C:2C77H         LINE#         64
  C:2C7AH         LINE#         65
  C:2C83H         LINE#         68
  C:2C86H         LINE#         69
  C:2C89H         LINE#         73
  -------         ENDPROC       _EARSECODEFLASH
  -------         PROC          L?0040
  -------         ENDPROC       L?0040
  -------         PROC          _WRITECODEFLASH
  D:0006H         SYMBOL        address
  D:0005H         SYMBOL        value
  -------         DO            
  D:0026H         SYMBOL        ptr
  -------         ENDDO         
  C:2CCBH         LINE#         77
  C:2CCBH         LINE#         78
  C:2CCBH         LINE#         80
  C:2CD4H         LINE#         82
  C:2CD8H         LINE#         84
  C:2CDAH         LINE#         85
  C:2CDDH         LINE#         88
  C:2CE0H         LINE#         89
  C:2CE3H         LINE#         91
  C:2CE6H         LINE#         92
  C:2CE9H         LINE#         93
  C:2CF1H         LINE#         96
  C:2CF4H         LINE#         97
  C:2CF6H         LINE#         98
  -------         ENDPROC       _WRITECODEFLASH
  -------         PROC          L?0038
  -------         ENDPROC       L?0038
  -------         PROC          _WRITEINNERFLASH
  D:0006H         SYMBOL        addr
  D:0004H         SYMBOL        length
  D:0001H         SYMBOL        buf
  -------         DO            
  D:0025H         SYMBOL        j
  X:0EE0H         SYMBOL        tmpAddr
BL51 BANKED LINKER/LOCATER V6.22                                                      11/03/2015  14:01:16  PAGE 57


  D:0001H         SYMBOL        tmpPtr
  -------         ENDDO         
  C:2BA3H         LINE#         101
  C:2BA5H         LINE#         102
  C:2BA5H         LINE#         107
  C:2BADH         LINE#         108
  C:2BADH         LINE#         109
  C:2BB6H         LINE#         110
  C:2BB6H         LINE#         111
  C:2BBCH         LINE#         112
  C:2BCAH         LINE#         113
  C:2BD1H         LINE#         114
  C:2BD5H         LINE#         115
  -------         ENDPROC       _WRITEINNERFLASH
  -------         PROC          UPDATEAPP
  -------         DO            
  X:0FB3H         SYMBOL        addr
  D:0001H         SYMBOL        ptr
  D:0004H         SYMBOL        i
  -------         ENDDO         
  C:2A7BH         LINE#         119
  C:2A7BH         LINE#         120
  C:2A7BH         LINE#         126
  C:2A81H         LINE#         127
  C:2A86H         LINE#         132
  C:2A88H         LINE#         134
  C:2A8EH         LINE#         136
  C:2A97H         LINE#         137
  C:2A9CH         LINE#         138
  C:2AA3H         LINE#         139
  C:2AC1H         LINE#         141
  -------         ENDPROC       UPDATEAPP
  -------         PROC          FMU_CMD_UPDATE_FILE_TIMER_COUNT
  C:2AC4H         LINE#         145
  C:2AC4H         LINE#         146
  C:2AC4H         LINE#         147
  C:2ACAH         LINE#         148
  C:2ACAH         LINE#         149
  C:2AD7H         LINE#         150
  C:2AD7H         LINE#         151
  C:2ADFH         LINE#         152
  C:2AE4H         LINE#         153
  C:2AE4H         LINE#         156
  C:2AF7H         LINE#         157
  C:2AF7H         LINE#         158
  C:2AFAH         LINE#         159
  C:2B01H         LINE#         160
  C:2B05H         LINE#         161
  C:2B05H         LINE#         162
  C:2B06H         LINE#         164
  C:2B06H         LINE#         165
  C:2B0BH         LINE#         166
  C:2B0BH         LINE#         167
  -------         ENDPROC       FMU_CMD_UPDATE_FILE_TIMER_COUNT
  -------         PROC          UPDATE_FILE
  -------         DO            
  D:0016H         SYMBOL        appStartAddr
BL51 BANKED LINKER/LOCATER V6.22                                                      11/03/2015  14:01:16  PAGE 58


  X:0F5DH         SYMBOL        addr
  X:0F5FH         SYMBOL        DataPart
  X:0F62H         SYMBOL        buf_ptr
  X:0F65H         SYMBOL        packetNumTmp
  -------         ENDDO         
  C:0CAFH         LINE#         179
  C:0CAFH         LINE#         180
  C:0CAFH         LINE#         181
  C:0CB4H         LINE#         186
  C:0CB9H         LINE#         187
  C:0CD4H         LINE#         188
  C:0CE0H         LINE#         189
  C:0D03H         LINE#         190
  C:0D2AH         LINE#         191
  C:0D3AH         LINE#         192
  C:0D44H         LINE#         193
  C:0D54H         LINE#         194
  C:0D5EH         LINE#         195
  C:0D64H         LINE#         196
  C:0D83H         LINE#         197
  C:0D83H         LINE#         198
  C:0D8AH         LINE#         199
  C:0D8AH         LINE#         200
  C:0D96H         LINE#         201
  C:0D99H         LINE#         202
  C:0D9CH         LINE#         204
  C:0D9CH         LINE#         205
  C:0DAFH         LINE#         206
  C:0DBDH         LINE#         207
  C:0DD7H         LINE#         208
  C:0DF0H         LINE#         209
  C:0E12H         LINE#         210
  C:0E12H         LINE#         211
  C:0E19H         LINE#         212
  C:0E19H         LINE#         213
  C:0E27H         LINE#         214
  C:0E2AH         LINE#         215
  C:0E2DH         LINE#         216
  C:0E2DH         LINE#         217
  C:0E40H         LINE#         218
  C:0E50H         LINE#         219
  C:0E5AH         LINE#         220
  C:0E6AH         LINE#         221
  C:0E74H         LINE#         222
  C:0E8DH         LINE#         223
  C:0E95H         LINE#         224
  C:0E99H         LINE#         225
  C:0E9BH         LINE#         226
  C:0E9BH         LINE#         227
  C:0EA0H         LINE#         228
  C:0EB3H         LINE#         229
  C:0EBDH         LINE#         230
  C:0ED1H         LINE#         231
  C:0EDBH         LINE#         232
  C:0EDBH         LINE#         233
  C:0EE0H         LINE#         234
  -------         ENDPROC       UPDATE_FILE
BL51 BANKED LINKER/LOCATER V6.22                                                      11/03/2015  14:01:16  PAGE 59


  -------         ENDMOD        UPDATE

  -------         MODULE        CRC
  C:0000H         SYMBOL        _ICE_DUMMY_
  C:1DD9H         PUBLIC        crc_array
  C:2993H         PUBLIC        _CRC8_Table
  -------         PROC          _CRC8_TABLE
  X:0FA1H         SYMBOL        p
  X:0FA4H         SYMBOL        counter
  -------         DO            
  X:0FA5H         SYMBOL        crc8
  -------         ENDDO         
  C:2993H         LINE#         50
  C:29A1H         LINE#         51
  C:29A1H         LINE#         52
  C:29A4H         LINE#         53
  C:29AFH         LINE#         54
  C:29AFH         LINE#         55
  C:29CBH         LINE#         56
  C:29D5H         LINE#         57
  C:29D8H         LINE#         58
  C:29E0H         LINE#         59
  C:29E5H         LINE#         60
  -------         ENDPROC       _CRC8_TABLE
  -------         ENDMOD        CRC

  -------         MODULE        DELAY
  C:0000H         SYMBOL        _ICE_DUMMY_
  C:2EA5H         PUBLIC        _delay_ms
  -------         PROC          _DELAY_MS
  D:0006H         SYMBOL        delayMs
  -------         DO            
  D:0002H         SYMBOL        delayLoop
  D:0004H         SYMBOL        ll
  -------         ENDDO         
  C:2EA5H         LINE#         4
  C:2EA5H         LINE#         5
  C:2EA5H         LINE#         8
  C:2EAFH         LINE#         9
  C:2EAFH         LINE#         11
  C:2EB3H         LINE#         12
  C:2EB7H         LINE#         13
  C:2EB7H         LINE#         14
  C:2EBCH         LINE#         15
  C:2EBDH         LINE#         16
  C:2EBFH         LINE#         17
  C:2EC6H         LINE#         18
  -------         ENDPROC       _DELAY_MS
  -------         ENDMOD        DELAY

  -------         MODULE        TIMER
  C:0000H         SYMBOL        _ICE_DUMMY_
  D:00E8H         PUBLIC        ADC0CN
  D:00A8H         PUBLIC        IE
  D:00D8H         PUBLIC        PCA0CN
  D:00B8H         PUBLIC        IP
  D:00C0H         PUBLIC        SMB0CN
BL51 BANKED LINKER/LOCATER V6.22                                                      11/03/2015  14:01:16  PAGE 60


  D:00F8H         PUBLIC        SPI0CN
  D:0089H         PUBLIC        TMOD
  D:0088H         PUBLIC        TCON
  D:00C8H         PUBLIC        TMR2CN
  B:00A8H.1       PUBLIC        ET0
  D:008CH         PUBLIC        TH0
  D:008AH         PUBLIC        TL0
  C:2831H         PUBLIC        ISRtime0
  B:0088H.4       PUBLIC        TR0
  B:0022H.0       PUBLIC        flag10ms
  B:0022H.1       PUBLIC        flag20ms
  B:0022H.2       PUBLIC        flag30ms
  D:0098H         PUBLIC        SCON0
  B:0022H.3       PUBLIC        flag60ms
  D:008EH         PUBLIC        CKCON
  D:00D0H         PUBLIC        PSW
  C:2F8FH         PUBLIC        Timer_Init
  -------         PROC          TIMER_INIT
  C:2F8FH         LINE#         11
  C:2F8FH         LINE#         12
  C:2F8FH         LINE#         13
  C:2F8FH         LINE#         14
  C:2F92H         LINE#         16
  C:2F95H         LINE#         17
  C:2F98H         LINE#         18
  C:2F9AH         LINE#         19
  C:2F9CH         LINE#         20
  -------         ENDPROC       TIMER_INIT
  -------         PROC          ISRTIME0
  -------         DO            
  D:0028H         SYMBOL        time50Count
  -------         ENDDO         
  C:2831H         LINE#         22
  C:283EH         LINE#         28
  C:2841H         LINE#         29
  C:2844H         LINE#         30
  C:2846H         LINE#         32
  C:2850H         LINE#         33
  C:2850H         LINE#         34
  C:2852H         LINE#         37
  C:2852H         LINE#         38
  C:285CH         LINE#         39
  C:285CH         LINE#         40
  C:285EH         LINE#         41
  C:285EH         LINE#         42
  C:2868H         LINE#         43
  C:2868H         LINE#         44
  C:286AH         LINE#         45
  C:2871H         LINE#         46
  C:2874H         LINE#         47
  C:2874H         LINE#         48
  C:287EH         LINE#         49
  C:287EH         LINE#         50
  C:2880H         LINE#         51
  C:2882H         LINE#         52
  C:2882H         LINE#         53
  -------         ENDPROC       ISRTIME0
BL51 BANKED LINKER/LOCATER V6.22                                                      11/03/2015  14:01:16  PAGE 61


  -------         ENDMOD        TIMER

  -------         MODULE        TMUNUM
  C:0000H         SYMBOL        _ICE_DUMMY_
  C:2C8AH         PUBLIC        _read_tmunum_info
  C:2DDEH         PUBLIC        _write_tmunum_info
  -------         PROC          _WRITE_TMUNUM_INFO
  X:0EDDH         SYMBOL        ptr
  C:2DDEH         LINE#         6
  C:2DE9H         LINE#         7
  C:2DE9H         LINE#         8
  C:2DECH         LINE#         9
  C:2DF3H         LINE#         10
  C:2DF6H         LINE#         11
  -------         ENDPROC       _WRITE_TMUNUM_INFO
  -------         PROC          _READ_TMUNUM_INFO
  X:0EDDH         SYMBOL        ptr
  -------         DO            
  D:0025H         SYMBOL        ptrCode
  -------         ENDDO         
  C:2C8AH         LINE#         13
  C:2C95H         LINE#         14
  C:2C95H         LINE#         16
  C:2C9BH         LINE#         17
  C:2CBFH         LINE#         18
  -------         ENDPROC       _READ_TMUNUM_INFO
  -------         ENDMOD        TMUNUM

  -------         MODULE        ?C?COPY
  C:0FB1H         PUBLIC        ?C?COPY
  -------         ENDMOD        ?C?COPY

  -------         MODULE        ?C?CLDPTR
  C:0FD7H         PUBLIC        ?C?CLDPTR
  -------         ENDMOD        ?C?CLDPTR

  -------         MODULE        ?C?CLDOPTR
  C:0FF0H         PUBLIC        ?C?CLDOPTR
  -------         ENDMOD        ?C?CLDOPTR

  -------         MODULE        ?C?CSTPTR
  C:101DH         PUBLIC        ?C?CSTPTR
  -------         ENDMOD        ?C?CSTPTR

  -------         MODULE        ?C?CSTOPTR
  C:102FH         PUBLIC        ?C?CSTOPTR
  -------         ENDMOD        ?C?CSTOPTR

  -------         MODULE        ?C?IMUL
  C:1051H         PUBLIC        ?C?IMUL
  -------         ENDMOD        ?C?IMUL

  -------         MODULE        ?C?UIDIV
  C:1063H         PUBLIC        ?C?UIDIV
  -------         ENDMOD        ?C?UIDIV

  -------         MODULE        ?C?IILDX
BL51 BANKED LINKER/LOCATER V6.22                                                      11/03/2015  14:01:16  PAGE 62


  C:10B8H         PUBLIC        ?C?IILDX
  -------         ENDMOD        ?C?IILDX

  -------         MODULE        ?C?ILDIX
  C:10CEH         PUBLIC        ?C?ILDIX
  -------         ENDMOD        ?C?ILDIX

*** WARNING L16: UNCALLED SEGMENT, IGNORED FOR OVERLAY PROCESS
    SEGMENT: ?CO?MAIN

*** WARNING L16: UNCALLED SEGMENT, IGNORED FOR OVERLAY PROCESS
    SEGMENT: ?PR?VOLTAGE_REGULATOR_INIT?MCUINIT

*** WARNING L16: UNCALLED SEGMENT, IGNORED FOR OVERLAY PROCESS
    SEGMENT: ?PR?UART1_TIMEOUT?UART1

*** WARNING L16: UNCALLED SEGMENT, IGNORED FOR OVERLAY PROCESS
    SEGMENT: ?PR?SLOT_AGING_TIME?NETCOMMAND

*** WARNING L16: UNCALLED SEGMENT, IGNORED FOR OVERLAY PROCESS
    SEGMENT: ?PR?UART_PROCESS?NETCOMMAND

*** WARNING L16: UNCALLED SEGMENT, IGNORED FOR OVERLAY PROCESS
    SEGMENT: ?PR?READ_ID_96?NETCOMMAND

*** WARNING L16: UNCALLED SEGMENT, IGNORED FOR OVERLAY PROCESS
    SEGMENT: ?PR?REFRESH_CURRENT_ID?IDPROCESS

*** WARNING L16: UNCALLED SEGMENT, IGNORED FOR OVERLAY PROCESS
    SEGMENT: ?PR?_READ_ID?IDPROCESS

*** WARNING L16: UNCALLED SEGMENT, IGNORED FOR OVERLAY PROCESS
    SEGMENT: ?PR?_ONE_WIRE_GET_ROM?ONEWIREPROCESS

*** WARNING L16: UNCALLED SEGMENT, IGNORED FOR OVERLAY PROCESS
    SEGMENT: ?PR?FMU_CMD_UPDATE_FILE_TIMER_COUNT?UPDATE

Program Size: data=41.6 xdata=4032 code=12282
LINK/LOCATE RUN COMPLETE.  10 WARNING(S),  0 ERROR(S)
